Apache Maven 3.9.3 (21122926829f1ead511c958d89bd2f672198ae9f)
Maven home: C:\Tools\apache-maven-3.9.3
Java version: 21.0.6, vendor: Eclipse Adoptium, runtime: C:\Program Files\jvm\jdk-21.0.6+7
Default locale: pt_BR, platform encoding: UTF-8
OS name: "windows 11", version: "10.0", arch: "amd64", family: "windows"
[DEBUG] Created new class realm maven.api
[DEBUG] Importing foreign packages into class realm maven.api
[DEBUG]   Imported: javax.annotation.* < plexus.core
[DEBUG]   Imported: javax.annotation.security.* < plexus.core
[DEBUG]   Imported: javax.inject.* < plexus.core
[DEBUG]   Imported: org.apache.maven.* < plexus.core
[DEBUG]   Imported: org.apache.maven.artifact < plexus.core
[DEBUG]   Imported: org.apache.maven.classrealm < plexus.core
[DEBUG]   Imported: org.apache.maven.cli < plexus.core
[DEBUG]   Imported: org.apache.maven.configuration < plexus.core
[DEBUG]   Imported: org.apache.maven.exception < plexus.core
[DEBUG]   Imported: org.apache.maven.execution < plexus.core
[DEBUG]   Imported: org.apache.maven.execution.scope < plexus.core
[DEBUG]   Imported: org.apache.maven.graph < plexus.core
[DEBUG]   Imported: org.apache.maven.lifecycle < plexus.core
[DEBUG]   Imported: org.apache.maven.model < plexus.core
[DEBUG]   Imported: org.apache.maven.monitor < plexus.core
[DEBUG]   Imported: org.apache.maven.plugin < plexus.core
[DEBUG]   Imported: org.apache.maven.profiles < plexus.core
[DEBUG]   Imported: org.apache.maven.project < plexus.core
[DEBUG]   Imported: org.apache.maven.reporting < plexus.core
[DEBUG]   Imported: org.apache.maven.repository < plexus.core
[DEBUG]   Imported: org.apache.maven.rtinfo < plexus.core
[DEBUG]   Imported: org.apache.maven.settings < plexus.core
[DEBUG]   Imported: org.apache.maven.toolchain < plexus.core
[DEBUG]   Imported: org.apache.maven.usability < plexus.core
[DEBUG]   Imported: org.apache.maven.wagon.* < plexus.core
[DEBUG]   Imported: org.apache.maven.wagon.authentication < plexus.core
[DEBUG]   Imported: org.apache.maven.wagon.authorization < plexus.core
[DEBUG]   Imported: org.apache.maven.wagon.events < plexus.core
[DEBUG]   Imported: org.apache.maven.wagon.observers < plexus.core
[DEBUG]   Imported: org.apache.maven.wagon.proxy < plexus.core
[DEBUG]   Imported: org.apache.maven.wagon.repository < plexus.core
[DEBUG]   Imported: org.apache.maven.wagon.resource < plexus.core
[DEBUG]   Imported: org.codehaus.classworlds < plexus.core
[DEBUG]   Imported: org.codehaus.plexus.* < plexus.core
[DEBUG]   Imported: org.codehaus.plexus.classworlds < plexus.core
[DEBUG]   Imported: org.codehaus.plexus.component < plexus.core
[DEBUG]   Imported: org.codehaus.plexus.configuration < plexus.core
[DEBUG]   Imported: org.codehaus.plexus.container < plexus.core
[DEBUG]   Imported: org.codehaus.plexus.context < plexus.core
[DEBUG]   Imported: org.codehaus.plexus.lifecycle < plexus.core
[DEBUG]   Imported: org.codehaus.plexus.logging < plexus.core
[DEBUG]   Imported: org.codehaus.plexus.personality < plexus.core
[DEBUG]   Imported: org.codehaus.plexus.util.xml.Xpp3Dom < plexus.core
[DEBUG]   Imported: org.codehaus.plexus.util.xml.pull.XmlPullParser < plexus.core
[DEBUG]   Imported: org.codehaus.plexus.util.xml.pull.XmlPullParserException < plexus.core
[DEBUG]   Imported: org.codehaus.plexus.util.xml.pull.XmlSerializer < plexus.core
[DEBUG]   Imported: org.eclipse.aether.* < plexus.core
[DEBUG]   Imported: org.eclipse.aether.artifact < plexus.core
[DEBUG]   Imported: org.eclipse.aether.collection < plexus.core
[DEBUG]   Imported: org.eclipse.aether.deployment < plexus.core
[DEBUG]   Imported: org.eclipse.aether.graph < plexus.core
[DEBUG]   Imported: org.eclipse.aether.impl < plexus.core
[DEBUG]   Imported: org.eclipse.aether.installation < plexus.core
[DEBUG]   Imported: org.eclipse.aether.internal.impl < plexus.core
[DEBUG]   Imported: org.eclipse.aether.metadata < plexus.core
[DEBUG]   Imported: org.eclipse.aether.repository < plexus.core
[DEBUG]   Imported: org.eclipse.aether.resolution < plexus.core
[DEBUG]   Imported: org.eclipse.aether.spi < plexus.core
[DEBUG]   Imported: org.eclipse.aether.transfer < plexus.core
[DEBUG]   Imported: org.eclipse.aether.util < plexus.core
[DEBUG]   Imported: org.eclipse.aether.version < plexus.core
[DEBUG]   Imported: org.fusesource.jansi.* < plexus.core
[DEBUG]   Imported: org.slf4j.* < plexus.core
[DEBUG]   Imported: org.slf4j.event.* < plexus.core
[DEBUG]   Imported: org.slf4j.helpers.* < plexus.core
[DEBUG]   Imported: org.slf4j.spi.* < plexus.core
[DEBUG] Populating class realm maven.api
[DEBUG] Created adapter factory; available factories [file-lock, rwlock-local, semaphore-local, noop]; available name mappers [discriminating, file-gav, file-hgav, file-static, gav, static]
[INFO] Error stacktraces are turned on.
[DEBUG] Message scheme: color
[DEBUG] Message styles: debug info warning error success failure strong mojo project
[DEBUG] Reading global settings from C:\Tools\apache-maven-3.9.3\conf\settings.xml
[DEBUG] Reading user settings from C:\Users\elian\.m2\settings.xml
[DEBUG] Reading global toolchains from C:\Tools\apache-maven-3.9.3\conf\toolchains.xml
[DEBUG] Reading user toolchains from C:\Users\elian\.m2\toolchains.xml
[DEBUG] Using local repository at C:\Users\elian\.m2\repository
[DEBUG] Using manager EnhancedLocalRepositoryManager with priority 10.0 for C:\Users\elian\.m2\repository
[INFO] Scanning for projects...
[DEBUG] Creating adapter using nameMapper 'gav' and factory 'rwlock-local'
[DEBUG] Extension realms for project com.blog:blogapi:jar:0.0.1-SNAPSHOT: (none)
[DEBUG] Looking up lifecycle mappings for packaging jar from ClassRealm[plexus.core, parent: null]
[DEBUG] Extension realms for project org.springframework.boot:spring-boot-starter-parent:pom:3.5.3: (none)
[DEBUG] Looking up lifecycle mappings for packaging pom from ClassRealm[plexus.core, parent: null]
[DEBUG] Extension realms for project org.springframework.boot:spring-boot-dependencies:pom:3.5.3: (none)
[DEBUG] Looking up lifecycle mappings for packaging pom from ClassRealm[plexus.core, parent: null]
[DEBUG] === REACTOR BUILD PLAN ================================================
[DEBUG] Project: com.blog:blogapi:jar:0.0.1-SNAPSHOT
[DEBUG] Tasks:   [test]
[DEBUG] Style:   Regular
[DEBUG] =======================================================================
[INFO] 
[INFO] --------------------------< com.blog:blogapi >--------------------------
[INFO] Building blogapi 0.0.1-SNAPSHOT
[INFO]   from pom.xml
[INFO] --------------------------------[ jar ]---------------------------------
[DEBUG] Lifecycle clean -> [pre-clean, clean, post-clean]
[DEBUG] Lifecycle default -> [validate, initialize, generate-sources, process-sources, generate-resources, process-resources, compile, process-classes, generate-test-sources, process-test-sources, generate-test-resources, process-test-resources, test-compile, process-test-classes, test, prepare-package, package, pre-integration-test, integration-test, post-integration-test, verify, install, deploy]
[DEBUG] Lifecycle site -> [pre-site, site, post-site, site-deploy]
[DEBUG] Lifecycle clean -> [pre-clean, clean, post-clean]
[DEBUG] Lifecycle default -> [validate, initialize, generate-sources, process-sources, generate-resources, process-resources, compile, process-classes, generate-test-sources, process-test-sources, generate-test-resources, process-test-resources, test-compile, process-test-classes, test, prepare-package, package, pre-integration-test, integration-test, post-integration-test, verify, install, deploy]
[DEBUG] Lifecycle site -> [pre-site, site, post-site, site-deploy]
[DEBUG] Lifecycle clean -> [pre-clean, clean, post-clean]
[DEBUG] Lifecycle default -> [validate, initialize, generate-sources, process-sources, generate-resources, process-resources, compile, process-classes, generate-test-sources, process-test-sources, generate-test-resources, process-test-resources, test-compile, process-test-classes, test, prepare-package, package, pre-integration-test, integration-test, post-integration-test, verify, install, deploy]
[DEBUG] Lifecycle site -> [pre-site, site, post-site, site-deploy]
[DEBUG] Lifecycle clean -> [pre-clean, clean, post-clean]
[DEBUG] Lifecycle default -> [validate, initialize, generate-sources, process-sources, generate-resources, process-resources, compile, process-classes, generate-test-sources, process-test-sources, generate-test-resources, process-test-resources, test-compile, process-test-classes, test, prepare-package, package, pre-integration-test, integration-test, post-integration-test, verify, install, deploy]
[DEBUG] Lifecycle site -> [pre-site, site, post-site, site-deploy]
[DEBUG] Lifecycle clean -> [pre-clean, clean, post-clean]
[DEBUG] Lifecycle default -> [validate, initialize, generate-sources, process-sources, generate-resources, process-resources, compile, process-classes, generate-test-sources, process-test-sources, generate-test-resources, process-test-resources, test-compile, process-test-classes, test, prepare-package, package, pre-integration-test, integration-test, post-integration-test, verify, install, deploy]
[DEBUG] Lifecycle site -> [pre-site, site, post-site, site-deploy]
[DEBUG] Lifecycle clean -> [pre-clean, clean, post-clean]
[DEBUG] Lifecycle default -> [validate, initialize, generate-sources, process-sources, generate-resources, process-resources, compile, process-classes, generate-test-sources, process-test-sources, generate-test-resources, process-test-resources, test-compile, process-test-classes, test, prepare-package, package, pre-integration-test, integration-test, post-integration-test, verify, install, deploy]
[DEBUG] Lifecycle site -> [pre-site, site, post-site, site-deploy]
[DEBUG] === PROJECT BUILD PLAN ================================================
[DEBUG] Project:       com.blog:blogapi:0.0.1-SNAPSHOT
[DEBUG] Dependencies (collect): []
[DEBUG] Dependencies (resolve): [compile, test]
[DEBUG] Repositories (dependencies): [central (https://repo.maven.apache.org/maven2, default, releases)]
[DEBUG] Repositories (plugins)     : [central (https://repo.maven.apache.org/maven2, default, releases)]
[DEBUG] -----------------------------------------------------------------------
[DEBUG] Goal:          org.apache.maven.plugins:maven-resources-plugin:3.3.1:resources (default-resources)
[DEBUG] Style:         Regular
[DEBUG] Configuration: <?xml version="1.0" encoding="UTF-8"?>
<configuration>
  <addDefaultExcludes default-value="true"/>
  <buildFilters default-value="${project.build.filters}"/>
  <delimiters>
    <delimiter>@</delimiter>
  </delimiters>
  <encoding default-value="${project.build.sourceEncoding}"/>
  <escapeWindowsPaths default-value="true"/>
  <fileNameFiltering default-value="false"/>
  <includeEmptyDirs default-value="false"/>
  <outputDirectory default-value="${project.build.outputDirectory}"/>
  <overwrite default-value="false"/>
  <project default-value="${project}"/>
  <propertiesEncoding>UTF-8</propertiesEncoding>
  <resources default-value="${project.resources}"/>
  <session default-value="${session}"/>
  <skip default-value="false">${maven.resources.skip}</skip>
  <supportMultiLineFiltering default-value="false"/>
  <useBuildFilters default-value="true"/>
  <useDefaultDelimiters default-value="true">false</useDefaultDelimiters>
</configuration>
[DEBUG] -----------------------------------------------------------------------
[DEBUG] Goal:          org.apache.maven.plugins:maven-compiler-plugin:3.14.0:compile (default-compile)
[DEBUG] Style:         Regular
[DEBUG] Configuration: <?xml version="1.0" encoding="UTF-8"?>
<configuration>
  <annotationProcessorPathsUseDepMgmt default-value="false"/>
  <basedir default-value="${basedir}"/>
  <buildDirectory default-value="${project.build.directory}"/>
  <compilePath default-value="${project.compileClasspathElements}"/>
  <compileSourceRoots default-value="${project.compileSourceRoots}"/>
  <compilerId default-value="javac">${maven.compiler.compilerId}</compilerId>
  <compilerReuseStrategy default-value="${reuseCreated}">${maven.compiler.compilerReuseStrategy}</compilerReuseStrategy>
  <compilerVersion>${maven.compiler.compilerVersion}</compilerVersion>
  <createMissingPackageInfoClass default-value="true">${maven.compiler.createMissingPackageInfoClass}</createMissingPackageInfoClass>
  <debug default-value="true">${maven.compiler.debug}</debug>
  <debugFileName default-value="javac"/>
  <debuglevel>${maven.compiler.debuglevel}</debuglevel>
  <enablePreview default-value="false">${maven.compiler.enablePreview}</enablePreview>
  <encoding default-value="${project.build.sourceEncoding}">${encoding}</encoding>
  <executable>${maven.compiler.executable}</executable>
  <failOnError default-value="true">${maven.compiler.failOnError}</failOnError>
  <failOnWarning default-value="false">${maven.compiler.failOnWarning}</failOnWarning>
  <fileExtensions default-value="class,jar"/>
  <forceJavacCompilerUse default-value="false">${maven.compiler.forceJavacCompilerUse}</forceJavacCompilerUse>
  <forceLegacyJavacApi default-value="false">${maven.compiler.forceLegacyJavacApi}</forceLegacyJavacApi>
  <fork default-value="false">${maven.compiler.fork}</fork>
  <generatedSourcesDirectory default-value="${project.build.directory}/generated-sources/annotations"/>
  <implicit>${maven.compiler.implicit}</implicit>
  <maxmem>${maven.compiler.maxmem}</maxmem>
  <meminitial>${maven.compiler.meminitial}</meminitial>
  <moduleVersion default-value="${project.version}">${maven.compiler.moduleVersion}</moduleVersion>
  <mojoExecution default-value="${mojoExecution}"/>
  <optimize default-value="false">${maven.compiler.optimize}</optimize>
  <outputDirectory default-value="${project.build.outputDirectory}">${maven.compiler.outputDirectory}</outputDirectory>
  <outputTimestamp default-value="${project.build.outputTimestamp}"/>
  <parameters default-value="false">true</parameters>
  <proc>${maven.compiler.proc}</proc>
  <project default-value="${project}"/>
  <projectArtifact default-value="${project.artifact}"/>
  <release>${maven.compiler.release}</release>
  <session default-value="${session}"/>
  <showCompilationChanges default-value="false">${maven.compiler.showCompilationChanges}</showCompilationChanges>
  <showDeprecation default-value="false">${maven.compiler.showDeprecation}</showDeprecation>
  <showWarnings default-value="true">${maven.compiler.showWarnings}</showWarnings>
  <skipMain>${maven.main.skip}</skipMain>
  <skipMultiThreadWarning default-value="false">${maven.compiler.skipMultiThreadWarning}</skipMultiThreadWarning>
  <source default-value="1.8">${maven.compiler.source}</source>
  <staleMillis default-value="0">${lastModGranularityMs}</staleMillis>
  <target default-value="1.8">${maven.compiler.target}</target>
  <useIncrementalCompilation default-value="true">${maven.compiler.useIncrementalCompilation}</useIncrementalCompilation>
  <verbose default-value="false">${maven.compiler.verbose}</verbose>
</configuration>
[DEBUG] -----------------------------------------------------------------------
[DEBUG] Goal:          org.apache.maven.plugins:maven-resources-plugin:3.3.1:testResources (default-testResources)
[DEBUG] Style:         Regular
[DEBUG] Configuration: <?xml version="1.0" encoding="UTF-8"?>
<configuration>
  <addDefaultExcludes default-value="true"/>
  <buildFilters default-value="${project.build.filters}"/>
  <delimiters>
    <delimiter>@</delimiter>
  </delimiters>
  <encoding default-value="${project.build.sourceEncoding}"/>
  <escapeWindowsPaths default-value="true"/>
  <fileNameFiltering default-value="false"/>
  <includeEmptyDirs default-value="false"/>
  <outputDirectory default-value="${project.build.testOutputDirectory}"/>
  <overwrite default-value="false"/>
  <project default-value="${project}"/>
  <propertiesEncoding>UTF-8</propertiesEncoding>
  <resources default-value="${project.testResources}"/>
  <session default-value="${session}"/>
  <skip default-value="false">${maven.test.skip}</skip>
  <supportMultiLineFiltering default-value="false"/>
  <useBuildFilters default-value="true"/>
  <useDefaultDelimiters default-value="true">false</useDefaultDelimiters>
</configuration>
[DEBUG] -----------------------------------------------------------------------
[DEBUG] Goal:          org.apache.maven.plugins:maven-compiler-plugin:3.14.0:testCompile (default-testCompile)
[DEBUG] Style:         Regular
[DEBUG] Configuration: <?xml version="1.0" encoding="UTF-8"?>
<configuration>
  <annotationProcessorPathsUseDepMgmt default-value="false"/>
  <basedir default-value="${basedir}"/>
  <buildDirectory default-value="${project.build.directory}"/>
  <compileSourceRoots default-value="${project.testCompileSourceRoots}"/>
  <compilerId default-value="javac">${maven.compiler.compilerId}</compilerId>
  <compilerReuseStrategy default-value="${reuseCreated}">${maven.compiler.compilerReuseStrategy}</compilerReuseStrategy>
  <compilerVersion>${maven.compiler.compilerVersion}</compilerVersion>
  <createMissingPackageInfoClass default-value="true">${maven.compiler.createMissingPackageInfoClass}</createMissingPackageInfoClass>
  <debug default-value="true">${maven.compiler.debug}</debug>
  <debugFileName default-value="javac-test"/>
  <debuglevel>${maven.compiler.debuglevel}</debuglevel>
  <enablePreview default-value="false">${maven.compiler.enablePreview}</enablePreview>
  <encoding default-value="${project.build.sourceEncoding}">${encoding}</encoding>
  <executable>${maven.compiler.executable}</executable>
  <failOnError default-value="true">${maven.compiler.failOnError}</failOnError>
  <failOnWarning default-value="false">${maven.compiler.failOnWarning}</failOnWarning>
  <fileExtensions default-value="class,jar"/>
  <forceJavacCompilerUse default-value="false">${maven.compiler.forceJavacCompilerUse}</forceJavacCompilerUse>
  <forceLegacyJavacApi default-value="false">${maven.compiler.forceLegacyJavacApi}</forceLegacyJavacApi>
  <fork default-value="false">${maven.compiler.fork}</fork>
  <generatedTestSourcesDirectory default-value="${project.build.directory}/generated-test-sources/test-annotations"/>
  <implicit>${maven.compiler.implicit}</implicit>
  <maxmem>${maven.compiler.maxmem}</maxmem>
  <meminitial>${maven.compiler.meminitial}</meminitial>
  <mojoExecution default-value="${mojoExecution}"/>
  <optimize default-value="false">${maven.compiler.optimize}</optimize>
  <outputDirectory default-value="${project.build.testOutputDirectory}"/>
  <outputTimestamp default-value="${project.build.outputTimestamp}"/>
  <parameters default-value="false">true</parameters>
  <proc>${maven.compiler.proc}</proc>
  <project default-value="${project}"/>
  <release>${maven.compiler.release}</release>
  <session default-value="${session}"/>
  <showCompilationChanges default-value="false">${maven.compiler.showCompilationChanges}</showCompilationChanges>
  <showDeprecation default-value="false">${maven.compiler.showDeprecation}</showDeprecation>
  <showWarnings default-value="true">${maven.compiler.showWarnings}</showWarnings>
  <skip>${maven.test.skip}</skip>
  <skipMultiThreadWarning default-value="false">${maven.compiler.skipMultiThreadWarning}</skipMultiThreadWarning>
  <source default-value="1.8">${maven.compiler.source}</source>
  <staleMillis default-value="0">${lastModGranularityMs}</staleMillis>
  <target default-value="1.8">${maven.compiler.target}</target>
  <testPath default-value="${project.testClasspathElements}"/>
  <testRelease>${maven.compiler.testRelease}</testRelease>
  <testSource>${maven.compiler.testSource}</testSource>
  <testTarget>${maven.compiler.testTarget}</testTarget>
  <useIncrementalCompilation default-value="true">${maven.compiler.useIncrementalCompilation}</useIncrementalCompilation>
  <useModulePath default-value="true"/>
  <verbose default-value="false">${maven.compiler.verbose}</verbose>
</configuration>
[DEBUG] -----------------------------------------------------------------------
[DEBUG] Goal:          org.apache.maven.plugins:maven-surefire-plugin:3.1.2:test (default-test)
[DEBUG] Style:         Regular
[DEBUG] Configuration: <?xml version="1.0" encoding="UTF-8"?>
<configuration>
  <additionalClasspathElements>${maven.test.additionalClasspath}</additionalClasspathElements>
  <argLine>${argLine}</argLine>
  <basedir default-value="${basedir}"/>
  <childDelegation default-value="false">${childDelegation}</childDelegation>
  <classesDirectory default-value="${project.build.outputDirectory}"/>
  <classpathDependencyExcludes>${maven.test.dependency.excludes}</classpathDependencyExcludes>
  <debugForkedProcess>${maven.surefire.debug}</debugForkedProcess>
  <dependenciesToScan>${dependenciesToScan}</dependenciesToScan>
  <disableXmlReport default-value="false">${disableXmlReport}</disableXmlReport>
  <enableAssertions default-value="true">${enableAssertions}</enableAssertions>
  <enableProcessChecker>${surefire.enableProcessChecker}</enableProcessChecker>
  <encoding default-value="${project.reporting.outputEncoding}">${surefire.encoding}</encoding>
  <excludeJUnit5Engines>${surefire.excludeJUnit5Engines}</excludeJUnit5Engines>
  <excludedEnvironmentVariables>${surefire.excludedEnvironmentVariables}</excludedEnvironmentVariables>
  <excludedGroups>${excludedGroups}</excludedGroups>
  <excludes>${surefire.excludes}</excludes>
  <excludesFile>${surefire.excludesFile}</excludesFile>
  <failIfNoSpecifiedTests default-value="true">${surefire.failIfNoSpecifiedTests}</failIfNoSpecifiedTests>
  <failIfNoTests default-value="false">${failIfNoTests}</failIfNoTests>
  <failOnFlakeCount default-value="0">${surefire.failOnFlakeCount}</failOnFlakeCount>
  <forkCount default-value="1">${forkCount}</forkCount>
  <forkNode>${surefire.forkNode}</forkNode>
  <forkedProcessExitTimeoutInSeconds default-value="30">${surefire.exitTimeout}</forkedProcessExitTimeoutInSeconds>
  <forkedProcessTimeoutInSeconds>${surefire.timeout}</forkedProcessTimeoutInSeconds>
  <groups>${groups}</groups>
  <includeJUnit5Engines>${surefire.includeJUnit5Engines}</includeJUnit5Engines>
  <includes>${surefire.includes}</includes>
  <includesFile>${surefire.includesFile}</includesFile>
  <junitArtifactName default-value="junit:junit">${junitArtifactName}</junitArtifactName>
  <jvm>${jvm}</jvm>
  <objectFactory>${objectFactory}</objectFactory>
  <parallel>${parallel}</parallel>
  <parallelMavenExecution default-value="${session.parallel}"/>
  <parallelOptimized default-value="true">${parallelOptimized}</parallelOptimized>
  <parallelTestsTimeoutForcedInSeconds>${surefire.parallel.forcedTimeout}</parallelTestsTimeoutForcedInSeconds>
  <parallelTestsTimeoutInSeconds>${surefire.parallel.timeout}</parallelTestsTimeoutInSeconds>
  <perCoreThreadCount default-value="true">${perCoreThreadCount}</perCoreThreadCount>
  <pluginArtifactMap>${plugin.artifactMap}</pluginArtifactMap>
  <pluginDescriptor default-value="${plugin}"/>
  <printSummary default-value="true">${surefire.printSummary}</printSummary>
  <project default-value="${project}"/>
  <projectArtifactMap>${project.artifactMap}</projectArtifactMap>
  <projectBuildDirectory default-value="${project.build.directory}"/>
  <redirectTestOutputToFile default-value="false">${maven.test.redirectTestOutputToFile}</redirectTestOutputToFile>
  <reportFormat default-value="brief">${surefire.reportFormat}</reportFormat>
  <reportNameSuffix default-value="">${surefire.reportNameSuffix}</reportNameSuffix>
  <reportsDirectory default-value="${project.build.directory}/surefire-reports"/>
  <rerunFailingTestsCount default-value="0">${surefire.rerunFailingTestsCount}</rerunFailingTestsCount>
  <reuseForks default-value="true">${reuseForks}</reuseForks>
  <runOrder default-value="filesystem">${surefire.runOrder}</runOrder>
  <runOrderRandomSeed>${surefire.runOrder.random.seed}</runOrderRandomSeed>
  <session default-value="${session}"/>
  <shutdown default-value="exit">${surefire.shutdown}</shutdown>
  <skip default-value="false">${maven.test.skip}</skip>
  <skipAfterFailureCount default-value="0">${surefire.skipAfterFailureCount}</skipAfterFailureCount>
  <skipExec>${maven.test.skip.exec}</skipExec>
  <skipTests default-value="false">${skipTests}</skipTests>
  <suiteXmlFiles>${surefire.suiteXmlFiles}</suiteXmlFiles>
  <systemPropertiesFile>${surefire.systemPropertiesFile}</systemPropertiesFile>
  <tempDir default-value="surefire">${tempDir}</tempDir>
  <test>${test}</test>
  <testClassesDirectory default-value="${project.build.testOutputDirectory}"/>
  <testFailureIgnore default-value="false">${maven.test.failure.ignore}</testFailureIgnore>
  <testNGArtifactName default-value="org.testng:testng">${testNGArtifactName}</testNGArtifactName>
  <testSourceDirectory default-value="${project.build.testSourceDirectory}"/>
  <threadCount>${threadCount}</threadCount>
  <threadCountClasses default-value="0">${threadCountClasses}</threadCountClasses>
  <threadCountMethods default-value="0">${threadCountMethods}</threadCountMethods>
  <threadCountSuites default-value="0">${threadCountSuites}</threadCountSuites>
  <trimStackTrace default-value="false">${trimStackTrace}</trimStackTrace>
  <useFile default-value="true">${surefire.useFile}</useFile>
  <useManifestOnlyJar default-value="true">${surefire.useManifestOnlyJar}</useManifestOnlyJar>
  <useModulePath default-value="true">${surefire.useModulePath}</useModulePath>
  <useSystemClassLoader default-value="true">${surefire.useSystemClassLoader}</useSystemClassLoader>
  <useUnlimitedThreads default-value="false">${useUnlimitedThreads}</useUnlimitedThreads>
  <workingDirectory>${basedir}</workingDirectory>
</configuration>
[DEBUG] =======================================================================
[DEBUG] Using mirror maven-default-http-blocker (http://0.0.0.0/) for vaadin-snapshots (http://oss.sonatype.org/content/repositories/vaadin-snapshots/).
[DEBUG] Using mirror maven-default-http-blocker (http://0.0.0.0/) for vaadin-releases (http://oss.sonatype.org/content/repositories/vaadin-releases/).
[DEBUG] Dependency collection stats {ConflictMarker.analyzeTime=1635200, ConflictMarker.markTime=483200, ConflictMarker.nodeCount=175, ConflictIdSorter.graphTime=969600, ConflictIdSorter.topsortTime=698900, ConflictIdSorter.conflictIdCount=91, ConflictIdSorter.conflictIdCycleCount=0, ConflictResolver.totalTime=12295300, ConflictResolver.conflictItemCount=172, DfDependencyCollector.collectTime=787807800, DfDependencyCollector.transformTime=18788500}
[DEBUG] com.blog:blogapi:jar:0.0.1-SNAPSHOT
[DEBUG]    org.springframework.boot:spring-boot-starter-data-jpa:jar:3.5.3:compile
[DEBUG]       org.springframework.boot:spring-boot-starter:jar:3.5.3:compile (version managed from 3.5.3)
[DEBUG]          org.springframework.boot:spring-boot-starter-logging:jar:3.5.3:compile (version managed from 3.5.3)
[DEBUG]             ch.qos.logback:logback-classic:jar:1.5.18:compile (version managed from 1.5.18)
[DEBUG]                ch.qos.logback:logback-core:jar:1.5.18:compile (version managed from 1.5.18)
[DEBUG]             org.apache.logging.log4j:log4j-to-slf4j:jar:2.24.3:compile (version managed from 2.24.3)
[DEBUG]                org.apache.logging.log4j:log4j-api:jar:2.24.3:compile (version managed from 2.24.3)
[DEBUG]             org.slf4j:jul-to-slf4j:jar:2.0.17:compile (version managed from 2.0.17)
[DEBUG]          jakarta.annotation:jakarta.annotation-api:jar:2.1.1:compile (version managed from 2.1.1)
[DEBUG]          org.yaml:snakeyaml:jar:2.4:compile (version managed from 2.4)
[DEBUG]       org.springframework.boot:spring-boot-starter-jdbc:jar:3.5.3:compile (version managed from 3.5.3)
[DEBUG]          com.zaxxer:HikariCP:jar:6.3.0:compile (version managed from 6.3.0)
[DEBUG]          org.springframework:spring-jdbc:jar:6.2.8:compile (version managed from 6.2.8)
[DEBUG]       org.hibernate.orm:hibernate-core:jar:6.6.18.Final:compile (version managed from 6.6.18.Final)
[DEBUG]          jakarta.persistence:jakarta.persistence-api:jar:3.1.0:compile (version managed from 3.1.0)
[DEBUG]          jakarta.transaction:jakarta.transaction-api:jar:2.0.1:compile (version managed from 2.0.1)
[DEBUG]          org.jboss.logging:jboss-logging:jar:3.6.1.Final:runtime (version managed from 3.5.0.Final)
[DEBUG]          org.hibernate.common:hibernate-commons-annotations:jar:7.0.3.Final:runtime
[DEBUG]          io.smallrye:jandex:jar:3.2.0:runtime
[DEBUG]          com.fasterxml:classmate:jar:1.7.0:runtime (version managed from 1.5.1)
[DEBUG]          net.bytebuddy:byte-buddy:jar:1.17.6:runtime (version managed from 1.15.11)
[DEBUG]          org.glassfish.jaxb:jaxb-runtime:jar:4.0.5:runtime (version managed from 4.0.2)
[DEBUG]             org.glassfish.jaxb:jaxb-core:jar:4.0.5:runtime (version managed from 4.0.5)
[DEBUG]                org.eclipse.angus:angus-activation:jar:2.0.2:runtime (version managed from 2.0.2)
[DEBUG]                org.glassfish.jaxb:txw2:jar:4.0.5:runtime (version managed from 4.0.5)
[DEBUG]                com.sun.istack:istack-commons-runtime:jar:4.1.2:runtime (version managed from 4.1.2)
[DEBUG]          jakarta.inject:jakarta.inject-api:jar:2.0.1:runtime (version managed from 2.0.1)
[DEBUG]          org.antlr:antlr4-runtime:jar:4.13.0:compile
[DEBUG]       org.springframework.data:spring-data-jpa:jar:3.5.1:compile (version managed from 3.5.1)
[DEBUG]          org.springframework.data:spring-data-commons:jar:3.5.1:compile (version managed from 3.5.1)
[DEBUG]          org.springframework:spring-orm:jar:6.2.8:compile (version managed from 6.2.8)
[DEBUG]          org.springframework:spring-context:jar:6.2.8:compile (version managed from 6.2.8)
[DEBUG]          org.springframework:spring-aop:jar:6.2.8:compile (version managed from 6.2.8)
[DEBUG]          org.springframework:spring-tx:jar:6.2.8:compile (version managed from 6.2.8)
[DEBUG]          org.springframework:spring-beans:jar:6.2.8:compile (version managed from 6.2.8)
[DEBUG]          org.slf4j:slf4j-api:jar:2.0.17:compile (version managed from 2.0.2)
[DEBUG]       org.springframework:spring-aspects:jar:6.2.8:compile (version managed from 6.2.8)
[DEBUG]          org.aspectj:aspectjweaver:jar:1.9.24:compile (version managed from 1.9.22.1)
[DEBUG]    org.springframework.boot:spring-boot-starter-web:jar:3.5.3:compile
[DEBUG]       org.springframework.boot:spring-boot-starter-json:jar:3.5.3:compile (version managed from 3.5.3)
[DEBUG]          com.fasterxml.jackson.core:jackson-databind:jar:2.19.1:compile (version managed from 2.19.1)
[DEBUG]             com.fasterxml.jackson.core:jackson-annotations:jar:2.19.1:compile (version managed from 2.19.1)
[DEBUG]             com.fasterxml.jackson.core:jackson-core:jar:2.19.1:compile (version managed from 2.19.1)
[DEBUG]          com.fasterxml.jackson.datatype:jackson-datatype-jdk8:jar:2.19.1:compile (version managed from 2.19.1)
[DEBUG]          com.fasterxml.jackson.datatype:jackson-datatype-jsr310:jar:2.19.1:compile (version managed from 2.19.1)
[DEBUG]          com.fasterxml.jackson.module:jackson-module-parameter-names:jar:2.19.1:compile (version managed from 2.19.1)
[DEBUG]       org.springframework.boot:spring-boot-starter-tomcat:jar:3.5.3:compile (version managed from 3.5.3)
[DEBUG]          org.apache.tomcat.embed:tomcat-embed-core:jar:10.1.42:compile (version managed from 10.1.42)
[DEBUG]          org.apache.tomcat.embed:tomcat-embed-el:jar:10.1.42:compile (version managed from 10.1.42)
[DEBUG]          org.apache.tomcat.embed:tomcat-embed-websocket:jar:10.1.42:compile (version managed from 10.1.42)
[DEBUG]       org.springframework:spring-web:jar:6.2.8:compile (version managed from 6.2.8)
[DEBUG]          io.micrometer:micrometer-observation:jar:1.15.1:compile (version managed from 1.14.8)
[DEBUG]             io.micrometer:micrometer-commons:jar:1.15.1:compile (version managed from 1.15.1)
[DEBUG]       org.springframework:spring-webmvc:jar:6.2.8:compile (version managed from 6.2.8)
[DEBUG]          org.springframework:spring-expression:jar:6.2.8:compile (version managed from 6.2.8)
[DEBUG]    org.springframework.boot:spring-boot-devtools:jar:3.5.3:runtime (optional)
[DEBUG]       org.springframework.boot:spring-boot:jar:3.5.3:compile (version managed from 3.5.3)
[DEBUG]       org.springframework.boot:spring-boot-autoconfigure:jar:3.5.3:compile (version managed from 3.5.3)
[DEBUG]    com.h2database:h2:jar:2.3.232:test
[DEBUG]    org.springframework.boot:spring-boot-starter-test:jar:3.5.3:test
[DEBUG]       org.springframework.boot:spring-boot-test:jar:3.5.3:test (version managed from 3.5.3)
[DEBUG]       org.springframework.boot:spring-boot-test-autoconfigure:jar:3.5.3:test (version managed from 3.5.3)
[DEBUG]       com.jayway.jsonpath:json-path:jar:2.9.0:test (version managed from 2.9.0)
[DEBUG]       jakarta.xml.bind:jakarta.xml.bind-api:jar:4.0.2:runtime (version managed from 4.0.2)
[DEBUG]          jakarta.activation:jakarta.activation-api:jar:2.1.3:runtime (version managed from 2.1.3)
[DEBUG]       net.minidev:json-smart:jar:2.5.2:test (version managed from 2.5.2)
[DEBUG]          net.minidev:accessors-smart:jar:2.5.2:test
[DEBUG]             org.ow2.asm:asm:jar:9.7.1:test
[DEBUG]       org.assertj:assertj-core:jar:3.27.3:test (version managed from 3.27.3)
[DEBUG]       org.awaitility:awaitility:jar:4.2.2:test (version managed from 4.2.2)
[DEBUG]       org.hamcrest:hamcrest:jar:3.0:test (version managed from 3.0)
[DEBUG]       org.junit.jupiter:junit-jupiter:jar:5.12.2:test (version managed from 5.12.2)
[DEBUG]          org.junit.jupiter:junit-jupiter-api:jar:5.12.2:test (version managed from 5.12.2)
[DEBUG]             org.opentest4j:opentest4j:jar:1.3.0:test
[DEBUG]             org.junit.platform:junit-platform-commons:jar:1.12.2:test (version managed from 1.12.2)
[DEBUG]             org.apiguardian:apiguardian-api:jar:1.1.2:test
[DEBUG]          org.junit.jupiter:junit-jupiter-params:jar:5.12.2:test (version managed from 5.12.2)
[DEBUG]          org.junit.jupiter:junit-jupiter-engine:jar:5.12.2:test (version managed from 5.12.2)
[DEBUG]             org.junit.platform:junit-platform-engine:jar:1.12.2:test (version managed from 1.12.2)
[DEBUG]       org.mockito:mockito-core:jar:5.17.0:test (version managed from 5.17.0)
[DEBUG]          net.bytebuddy:byte-buddy-agent:jar:1.17.6:test (version managed from 1.15.11)
[DEBUG]          org.objenesis:objenesis:jar:3.3:test
[DEBUG]       org.mockito:mockito-junit-jupiter:jar:5.17.0:test (version managed from 5.17.0)
[DEBUG]       org.skyscreamer:jsonassert:jar:1.5.3:test (version managed from 1.5.3)
[DEBUG]          com.vaadin.external.google:android-json:jar:0.0.20131108.vaadin1:test
[DEBUG]       org.springframework:spring-core:jar:6.2.8:compile (version managed from 6.2.8)
[DEBUG]          org.springframework:spring-jcl:jar:6.2.8:compile (version managed from 6.2.8)
[DEBUG]       org.springframework:spring-test:jar:6.2.8:test (version managed from 6.2.8)
[DEBUG]       org.xmlunit:xmlunit-core:jar:2.10.2:test (version managed from 2.10.2)
[DEBUG]    org.postgresql:postgresql:jar:42.7.3:compile
[DEBUG]       org.checkerframework:checker-qual:jar:3.42.0:runtime
[INFO] 
[INFO] --- resources:3.3.1:resources (default-resources) @ blogapi ---
[DEBUG] Dependency collection stats {ConflictMarker.analyzeTime=89800, ConflictMarker.markTime=84000, ConflictMarker.nodeCount=13, ConflictIdSorter.graphTime=124200, ConflictIdSorter.topsortTime=16800, ConflictIdSorter.conflictIdCount=9, ConflictIdSorter.conflictIdCycleCount=0, ConflictResolver.totalTime=363600, ConflictResolver.conflictItemCount=13, DfDependencyCollector.collectTime=75844500, DfDependencyCollector.transformTime=699500}
[DEBUG] org.apache.maven.plugins:maven-resources-plugin:jar:3.3.1
[DEBUG]    org.codehaus.plexus:plexus-interpolation:jar:1.26:runtime
[DEBUG]    org.codehaus.plexus:plexus-utils:jar:3.5.1:compile
[DEBUG]    org.apache.maven.shared:maven-filtering:jar:3.3.1:compile
[DEBUG]       javax.inject:javax.inject:jar:1:compile
[DEBUG]       org.slf4j:slf4j-api:jar:1.7.36:compile
[DEBUG]       org.sonatype.plexus:plexus-build-api:jar:0.0.7:compile
[DEBUG]    commons-io:commons-io:jar:2.11.0:compile
[DEBUG]    org.apache.commons:commons-lang3:jar:3.12.0:compile
[DEBUG] Created new class realm plugin>org.apache.maven.plugins:maven-resources-plugin:3.3.1
[DEBUG] Importing foreign packages into class realm plugin>org.apache.maven.plugins:maven-resources-plugin:3.3.1
[DEBUG]   Imported:  < maven.api
[DEBUG] Populating class realm plugin>org.apache.maven.plugins:maven-resources-plugin:3.3.1
[DEBUG]   Included: org.apache.maven.plugins:maven-resources-plugin:jar:3.3.1
[DEBUG]   Included: org.codehaus.plexus:plexus-interpolation:jar:1.26
[DEBUG]   Included: org.codehaus.plexus:plexus-utils:jar:3.5.1
[DEBUG]   Included: org.apache.maven.shared:maven-filtering:jar:3.3.1
[DEBUG]   Included: org.sonatype.plexus:plexus-build-api:jar:0.0.7
[DEBUG]   Included: commons-io:commons-io:jar:2.11.0
[DEBUG]   Included: org.apache.commons:commons-lang3:jar:3.12.0
[DEBUG] Loading mojo org.apache.maven.plugins:maven-resources-plugin:3.3.1:resources from plugin realm ClassRealm[plugin>org.apache.maven.plugins:maven-resources-plugin:3.3.1, parent: jdk.internal.loader.ClassLoaders$AppClassLoader@33909752]
[DEBUG] Configuring mojo execution 'org.apache.maven.plugins:maven-resources-plugin:3.3.1:resources:default-resources' with basic configurator -->
[DEBUG]   (f) addDefaultExcludes = true
[DEBUG]   (f) buildFilters = []
[DEBUG]   (s) delimiters = [@]
[DEBUG]   (f) encoding = UTF-8
[DEBUG]   (f) escapeWindowsPaths = true
[DEBUG]   (f) fileNameFiltering = false
[DEBUG]   (s) includeEmptyDirs = false
[DEBUG]   (s) outputDirectory = C:\Users\elian\OneDrive\├ürea de Trabalho\books\Java\Java Software Solutions, Foundations of Program Design Exercises\project\springboot-blog-api\target\classes
[DEBUG]   (s) overwrite = false
[DEBUG]   (f) project = MavenProject: com.blog:blogapi:0.0.1-SNAPSHOT @ C:\Users\elian\OneDrive\├ürea de Trabalho\books\Java\Java Software Solutions, Foundations of Program Design Exercises\project\springboot-blog-api\pom.xml
[DEBUG]   (f) propertiesEncoding = UTF-8
[DEBUG]   (s) resources = [Resource {targetPath: null, filtering: true, FileSet {directory: C:\Users\elian\OneDrive\├ürea de Trabalho\books\Java\Java Software Solutions, Foundations of Program Design Exercises\project\springboot-blog-api\src\main\resources, PatternSet [includes: {**/application*.yml, **/application*.yaml, **/application*.properties}, excludes: {}]}}, Resource {targetPath: null, filtering: false, FileSet {directory: C:\Users\elian\OneDrive\├ürea de Trabalho\books\Java\Java Software Solutions, Foundations of Program Design Exercises\project\springboot-blog-api\src\main\resources, PatternSet [includes: {}, excludes: {**/application*.yml, **/application*.yaml, **/application*.properties}]}}]
[DEBUG]   (f) session = org.apache.maven.execution.MavenSession@41294371
[DEBUG]   (f) skip = false
[DEBUG]   (f) supportMultiLineFiltering = false
[DEBUG]   (f) useBuildFilters = true
[DEBUG]   (s) useDefaultDelimiters = false
[DEBUG] -- end configuration --
[DEBUG] properties used:
[DEBUG] activemq.version: 6.1.6
[DEBUG] angus-mail.version: 2.0.3
[DEBUG] artemis.version: 2.40.0
[DEBUG] aspectj.version: 1.9.24
[DEBUG] assertj.version: 3.27.3
[DEBUG] awaitility.version: 4.2.2
[DEBUG] brave.version: 6.1.0
[DEBUG] build-helper-maven-plugin.version: 3.6.1
[DEBUG] byte-buddy.version: 1.17.6
[DEBUG] cache2k.version: 2.6.1.Final
[DEBUG] caffeine.version: 3.2.1
[DEBUG] cassandra-driver.version: 4.19.0
[DEBUG] classmate.version: 1.7.0
[DEBUG] classworlds.conf: C:\Tools\apache-maven-3.9.3\bin\m2.conf
[DEBUG] commons-codec.version: 1.18.0
[DEBUG] commons-dbcp2.version: 2.13.0
[DEBUG] commons-lang3.version: 3.17.0
[DEBUG] commons-pool.version: 1.6
[DEBUG] commons-pool2.version: 2.12.1
[DEBUG] couchbase-client.version: 3.8.1
[DEBUG] crac.version: 1.5.0
[DEBUG] cyclonedx-maven-plugin.version: 2.9.1
[DEBUG] db2-jdbc.version: 12.1.2.0
[DEBUG] dependency-management-plugin.version: 1.1.7
[DEBUG] derby.version: 10.16.1.1
[DEBUG] ehcache3.version: 3.10.8
[DEBUG] elasticsearch-client.version: 8.18.1
[DEBUG] env.=::: ::\
[DEBUG] env.=C:: C:\Users\elian\OneDrive\├ürea de Trabalho\books\Java\Java Software Solutions, Foundations of Program Design Exercises\project\springboot-blog-api
[DEBUG] env.ALLUSERSPROFILE: C:\ProgramData
[DEBUG] env.APPDATA: C:\Users\elian\AppData\Roaming
[DEBUG] env.CLASSWORLDS_JAR: "C:\Tools\apache-maven-3.9.3\boot\plexus-classworlds-2.7.0.jar"
[DEBUG] env.CLASSWORLDS_LAUNCHER: org.codehaus.plexus.classworlds.launcher.Launcher
[DEBUG] env.COMMONPROGRAMFILES: C:\Program Files\Common Files
[DEBUG] env.COMMONPROGRAMFILES(X86): C:\Program Files (x86)\Common Files
[DEBUG] env.COMMONPROGRAMW6432: C:\Program Files\Common Files
[DEBUG] env.COMPUTERNAME: DESKTOP-NMD2P49
[DEBUG] env.COMSPEC: C:\WINDOWS\system32\cmd.exe
[DEBUG] env.DRIVERDATA: C:\Windows\System32\Drivers\DriverData
[DEBUG] env.EFC_6908_1262719628: 1
[DEBUG] env.EFC_6908_1592913036: 1
[DEBUG] env.EFC_6908_2283032206: 1
[DEBUG] env.EFC_6908_2775293581: 1
[DEBUG] env.EFC_6908_3789132940: 1
[DEBUG] env.ERROR_CODE: 0
[DEBUG] env.EXEC_DIR: C:\Users\elian\OneDrive\├ürea de Trabalho\books\Java\Java Software Solutions, Foundations of Program Design Exercises\project\springboot-blog-api
[DEBUG] env.FAB_VM_OPTIONS: SSJ
[DEBUG] env.FPS_BROWSER_APP_PROFILE_STRING: Internet Explorer
[DEBUG] env.FPS_BROWSER_USER_PROFILE_STRING: Default
[DEBUG] env.HOMEDRIVE: C:
[DEBUG] env.HOMEPATH: \Users\elian
[DEBUG] env.IDEA_INITIAL_DIRECTORY: C:\Program Files\JetBrains\IntelliJ IDEA Community Edition 2023.2.1\bin
[DEBUG] env.INTELLIJ IDEA COMMUNITY EDITION: C:\Program Files\JetBrains\IntelliJ IDEA Community Edition 2023.2.1\bin;
[DEBUG] env.JAVACMD: C:\Program Files\jvm\jdk-21.0.6+7\bin\java.exe
[DEBUG] env.JAVA_HOME: C:\Program Files\jvm\jdk-21.0.6+7
[DEBUG] env.JETBRAINS_INTELLIJ_COMMAND_END_MARKER: fapQIba39u3IQcswKepsTYCWnBxSihTa4ac4lHVTDEirGOZQ4Jjm39SHcaNc0VIt
[DEBUG] env.JVMCONFIG: \.mvn\jvm.config
[DEBUG] env.LOCALAPPDATA: C:\Users\elian\AppData\Local
[DEBUG] env.LOGONSERVER: \\DESKTOP-NMD2P49
[DEBUG] env.MAVEN_CMD_LINE_ARGS: test -X
[DEBUG] env.MAVEN_HOME: C:\Tools\apache-maven-3.9.3
[DEBUG] env.MAVEN_PROJECTBASEDIR: C:\Users\elian\OneDrive\├ürea de Trabalho\books\Java\Java Software Solutions, Foundations of Program Design Exercises\project\springboot-blog-api
[DEBUG] env.NUMBER_OF_PROCESSORS: 4
[DEBUG] env.ONEDRIVE: C:\Users\elian\OneDrive
[DEBUG] env.ONEDRIVECONSUMER: C:\Users\elian\OneDrive
[DEBUG] env.OS: Windows_NT
[DEBUG] env.PATH: C:\Program Files\jvm\jdk-21.0.6+7\bin;C:\WINDOWS\system32;C:\WINDOWS;C:\WINDOWS\System32\Wbem;C:\WINDOWS\System32\WindowsPowerShell\v1.0\;C:\WINDOWS\System32\OpenSSH\;C:\Program Files\dotnet\;C:\Tools\apache-maven-3.9.3\bin;C:\msys64\mingw64\bin;C:\Program Files\Git\cmd;;C:\Program Files\PowerShell\7\;C:\Program Files\Docker\Docker\resources\bin;C:\Users\elian\.jbang\bin;C:\Users\elian\AppData\Local\Microsoft\WindowsApps;C:\Users\elian\AppData\Local\Programs\Microsoft VS Code\bin;C:\Program Files\heroku\bin;C:\Users\elian\OneDrive\├ürea de Trabalho\apache-maven-3.9.3\bin;;C:\Program Files\JetBrains\IntelliJ IDEA Community Edition 2023.2.1\bin;;C:\Users\elian\AppData\Local\Microsoft\WindowsApps
[DEBUG] env.PATHEXT: .COM;.EXE;.BAT;.CMD;.VBS;.VBE;.JS;.JSE;.WSF;.WSH;.MSC;.CPL
[DEBUG] env.POWERSHELL_DISTRIBUTION_CHANNEL: MSI:Windows 10 Pro
[DEBUG] env.PROCESSOR_ARCHITECTURE: AMD64
[DEBUG] env.PROCESSOR_IDENTIFIER: Intel64 Family 6 Model 142 Stepping 12, GenuineIntel
[DEBUG] env.PROCESSOR_LEVEL: 6
[DEBUG] env.PROCESSOR_REVISION: 8e0c
[DEBUG] env.PROGRAMDATA: C:\ProgramData
[DEBUG] env.PROGRAMFILES: C:\Program Files
[DEBUG] env.PROGRAMFILES(X86): C:\Program Files (x86)
[DEBUG] env.PROGRAMW6432: C:\Program Files
[DEBUG] env.PROMPT: $P$G
[DEBUG] env.PSEXECUTIONPOLICYPREFERENCE: Bypass
[DEBUG] env.PSMODULEPATH: C:\Users\elian\OneDrive\Documentos\WindowsPowerShell\Modules;C:\Program Files\WindowsPowerShell\Modules;C:\WINDOWS\system32\WindowsPowerShell\v1.0\Modules
[DEBUG] env.PUBLIC: C:\Users\Public
[DEBUG] env.SESSIONNAME: Console
[DEBUG] env.SYSTEMDRIVE: C:
[DEBUG] env.SYSTEMROOT: C:\WINDOWS
[DEBUG] env.TEMP: C:\Users\elian\AppData\Local\Temp
[DEBUG] env.TERMINAL_EMULATOR: JetBrains-JediTerm
[DEBUG] env.TERM_SESSION_ID: 1cce7f85-1f47-4284-a838-57305fe46ed1
[DEBUG] env.TMP: C:\Users\elian\AppData\Local\Temp
[DEBUG] env.USERDOMAIN: DESKTOP-NMD2P49
[DEBUG] env.USERDOMAIN_ROAMINGPROFILE: DESKTOP-NMD2P49
[DEBUG] env.USERNAME: elian
[DEBUG] env.USERPROFILE: C:\Users\elian
[DEBUG] env.WDIR: C:\Users\elian\OneDrive\├ürea de Trabalho\books\Java\Java Software Solutions, Foundations of Program Design Exercises\project\springboot-blog-api
[DEBUG] env.WINDIR: C:\WINDOWS
[DEBUG] env.ZES_ENABLE_SYSMAN: 1
[DEBUG] file.encoding: UTF-8
[DEBUG] file.separator: \
[DEBUG] flyway.version: 11.7.2
[DEBUG] freemarker.version: 2.3.34
[DEBUG] git-commit-id-maven-plugin.version: 9.0.2
[DEBUG] glassfish-jaxb.version: 4.0.5
[DEBUG] glassfish-jstl.version: 3.0.1
[DEBUG] graphql-java.version: 24.0
[DEBUG] groovy.version: 4.0.27
[DEBUG] gson.version: 2.13.1
[DEBUG] h2.version: 2.3.232
[DEBUG] hamcrest.version: 3.0
[DEBUG] hazelcast.version: 5.5.0
[DEBUG] hibernate-validator.version: 8.0.2.Final
[DEBUG] hibernate.version: 6.6.18.Final
[DEBUG] hikaricp.version: 6.3.0
[DEBUG] hsqldb.version: 2.7.3
[DEBUG] htmlunit.version: 4.11.1
[DEBUG] httpasyncclient.version: 4.1.5
[DEBUG] httpclient5.version: 5.5
[DEBUG] httpcore.version: 4.4.16
[DEBUG] httpcore5.version: 5.3.4
[DEBUG] infinispan.version: 15.2.4.Final
[DEBUG] influxdb-java.version: 2.25
[DEBUG] jackson-bom.version: 2.19.1
[DEBUG] jakarta-activation.version: 2.1.3
[DEBUG] jakarta-annotation.version: 2.1.1
[DEBUG] jakarta-inject.version: 2.0.1
[DEBUG] jakarta-jms.version: 3.1.0
[DEBUG] jakarta-json-bind.version: 3.0.1
[DEBUG] jakarta-json.version: 2.1.3
[DEBUG] jakarta-mail.version: 2.1.3
[DEBUG] jakarta-management.version: 1.1.4
[DEBUG] jakarta-persistence.version: 3.1.0
[DEBUG] jakarta-servlet-jsp-jstl.version: 3.0.2
[DEBUG] jakarta-servlet.version: 6.0.0
[DEBUG] jakarta-transaction.version: 2.0.1
[DEBUG] jakarta-validation.version: 3.0.2
[DEBUG] jakarta-websocket.version: 2.1.1
[DEBUG] jakarta-ws-rs.version: 3.1.0
[DEBUG] jakarta-xml-bind.version: 4.0.2
[DEBUG] jakarta-xml-soap.version: 3.0.2
[DEBUG] jakarta-xml-ws.version: 4.0.2
[DEBUG] janino.version: 3.1.12
[DEBUG] java.class.path: C:\Tools\apache-maven-3.9.3\boot\plexus-classworlds-2.7.0.jar
[DEBUG] java.class.version: 65.0
[DEBUG] java.home: C:\Program Files\jvm\jdk-21.0.6+7
[DEBUG] java.io.tmpdir: C:\Users\elian\AppData\Local\Temp\
[DEBUG] java.library.path: C:\Program Files\jvm\jdk-21.0.6+7\bin;C:\WINDOWS\Sun\Java\bin;C:\WINDOWS\system32;C:\WINDOWS;C:\Program Files\jvm\jdk-21.0.6+7\bin;C:\WINDOWS\system32;C:\WINDOWS;C:\WINDOWS\System32\Wbem;C:\WINDOWS\System32\WindowsPowerShell\v1.0\;C:\WINDOWS\System32\OpenSSH\;C:\Program Files\dotnet\;C:\Tools\apache-maven-3.9.3\bin;C:\msys64\mingw64\bin;C:\Program Files\Git\cmd;;C:\Program Files\PowerShell\7\;C:\Program Files\Docker\Docker\resources\bin;C:\Users\elian\.jbang\bin;C:\Users\elian\AppData\Local\Microsoft\WindowsApps;C:\Users\elian\AppData\Local\Programs\Microsoft VS Code\bin;C:\Program Files\heroku\bin;C:\Users\elian\OneDrive\├ürea de Trabalho\apache-maven-3.9.3\bin;;C:\Program Files\JetBrains\IntelliJ IDEA Community Edition 2023.2.1\bin;;C:\Users\elian\AppData\Local\Microsoft\WindowsApps;.
[DEBUG] java.runtime.name: OpenJDK Runtime Environment
[DEBUG] java.runtime.version: 21.0.6+7-LTS
[DEBUG] java.specification.name: Java Platform API Specification
[DEBUG] java.specification.vendor: Oracle Corporation
[DEBUG] java.specification.version: 21
[DEBUG] java.vendor: Eclipse Adoptium
[DEBUG] java.vendor.url: https://adoptium.net/
[DEBUG] java.vendor.url.bug: https://github.com/adoptium/adoptium-support/issues
[DEBUG] java.vendor.version: Temurin-21.0.6+7
[DEBUG] java.version: 21.0.6
[DEBUG] java.version.date: 2025-01-21
[DEBUG] java.vm.compressedOopsMode: 32-bit
[DEBUG] java.vm.info: mixed mode, sharing
[DEBUG] java.vm.name: OpenJDK 64-Bit Server VM
[DEBUG] java.vm.specification.name: Java Virtual Machine Specification
[DEBUG] java.vm.specification.vendor: Oracle Corporation
[DEBUG] java.vm.specification.version: 21
[DEBUG] java.vm.vendor: Eclipse Adoptium
[DEBUG] java.vm.version: 21.0.6+7-LTS
[DEBUG] javax-cache.version: 1.1.1
[DEBUG] javax-money.version: 1.1
[DEBUG] jaxen.version: 2.0.0
[DEBUG] jaybird.version: 6.0.2
[DEBUG] jboss-logging.version: 3.6.1.Final
[DEBUG] jdk.debug: release
[DEBUG] jdom2.version: 2.0.6.1
[DEBUG] jedis.version: 6.0.0
[DEBUG] jersey.version: 3.1.10
[DEBUG] jetty-reactive-httpclient.version: 4.0.10
[DEBUG] jetty.version: 12.0.22
[DEBUG] jmustache.version: 1.16
[DEBUG] jooq.version: 3.19.24
[DEBUG] json-path.version: 2.9.0
[DEBUG] json-smart.version: 2.5.2
[DEBUG] jsonassert.version: 1.5.3
[DEBUG] jtds.version: 1.3.1
[DEBUG] junit-jupiter.version: 5.12.2
[DEBUG] junit.version: 4.13.2
[DEBUG] kafka.version: 3.9.1
[DEBUG] kotlin-coroutines.version: 1.8.1
[DEBUG] kotlin-serialization.version: 1.6.3
[DEBUG] kotlin.version: 1.9.25
[DEBUG] lettuce.version: 6.6.0.RELEASE
[DEBUG] library.jansi.path: C:\Tools\apache-maven-3.9.3\lib\jansi-native
[DEBUG] line.separator: 

[DEBUG] liquibase.version: 4.31.1
[DEBUG] log4j2.version: 2.24.3
[DEBUG] logback.version: 1.5.18
[DEBUG] lombok.version: 1.18.38
[DEBUG] mariadb.version: 3.5.3
[DEBUG] maven-antrun-plugin.version: 3.1.0
[DEBUG] maven-assembly-plugin.version: 3.7.1
[DEBUG] maven-clean-plugin.version: 3.4.1
[DEBUG] maven-compiler-plugin.version: 3.14.0
[DEBUG] maven-dependency-plugin.version: 3.8.1
[DEBUG] maven-deploy-plugin.version: 3.1.4
[DEBUG] maven-enforcer-plugin.version: 3.5.0
[DEBUG] maven-failsafe-plugin.version: 3.5.3
[DEBUG] maven-help-plugin.version: 3.5.1
[DEBUG] maven-install-plugin.version: 3.1.4
[DEBUG] maven-invoker-plugin.version: 3.9.0
[DEBUG] maven-jar-plugin.version: 3.4.2
[DEBUG] maven-javadoc-plugin.version: 3.11.2
[DEBUG] maven-resources-plugin.version: 3.3.1
[DEBUG] maven-shade-plugin.version: 3.6.0
[DEBUG] maven-source-plugin.version: 3.3.1
[DEBUG] maven-surefire-plugin.version: 3.5.3
[DEBUG] maven-war-plugin.version: 3.4.0
[DEBUG] maven.build.timestamp: 2025-07-24T21:08:34Z
[DEBUG] maven.build.version: Apache Maven 3.9.3 (21122926829f1ead511c958d89bd2f672198ae9f)
[DEBUG] maven.compiler.release: 21
[DEBUG] maven.conf: C:\Tools\apache-maven-3.9.3/conf
[DEBUG] maven.home: C:\Tools\apache-maven-3.9.3
[DEBUG] maven.multiModuleProjectDirectory: C:\Users\elian\OneDrive\├ürea de Trabalho\books\Java\Java Software Solutions, Foundations of Program Design Exercises\project\springboot-blog-api
[DEBUG] maven.version: 3.9.3
[DEBUG] micrometer-tracing.version: 1.5.1
[DEBUG] micrometer.version: 1.15.1
[DEBUG] mockito.version: 5.17.0
[DEBUG] mongodb.version: 5.5.1
[DEBUG] mssql-jdbc.version: 12.10.0.jre11
[DEBUG] mysql.version: 9.2.0
[DEBUG] native-build-tools-plugin.version: 0.10.6
[DEBUG] native.encoding: Cp1252
[DEBUG] nekohtml.version: 1.9.22
[DEBUG] neo4j-java-driver.version: 5.28.5
[DEBUG] netty.version: 4.1.122.Final
[DEBUG] opentelemetry.version: 1.49.0
[DEBUG] oracle-database.version: 23.7.0.25.01
[DEBUG] oracle-r2dbc.version: 1.3.0
[DEBUG] os.arch: amd64
[DEBUG] os.name: Windows 11
[DEBUG] os.version: 10.0
[DEBUG] path.separator: ;
[DEBUG] pooled-jms.version: 3.1.7
[DEBUG] postgresql.version: 42.7.7
[DEBUG] project.baseUri: file:/C:/Users/elian/OneDrive/├ürea%20de%20Trabalho/books/Java/Java%20Software%20Solutions,%20Foundations%20of%20Program%20Design%20Exercises/project/springboot-blog-api/
[DEBUG] project.build.sourceEncoding: UTF-8
[DEBUG] project.reporting.outputEncoding: UTF-8
[DEBUG] prometheus-client.version: 1.3.8
[DEBUG] prometheus-simpleclient.version: 0.16.0
[DEBUG] pulsar-reactive.version: 0.6.0
[DEBUG] pulsar.version: 4.0.5
[DEBUG] quartz.version: 2.5.0
[DEBUG] querydsl.version: 5.1.0
[DEBUG] r2dbc-h2.version: 1.0.0.RELEASE
[DEBUG] r2dbc-mariadb.version: 1.3.0
[DEBUG] r2dbc-mssql.version: 1.0.2.RELEASE
[DEBUG] r2dbc-mysql.version: 1.4.1
[DEBUG] r2dbc-pool.version: 1.0.2.RELEASE
[DEBUG] r2dbc-postgresql.version: 1.0.7.RELEASE
[DEBUG] r2dbc-proxy.version: 1.1.6.RELEASE
[DEBUG] r2dbc-spi.version: 1.0.0.RELEASE
[DEBUG] rabbit-amqp-client.version: 5.25.0
[DEBUG] rabbit-stream-client.version: 0.23.0
[DEBUG] reactive-streams.version: 1.0.4
[DEBUG] reactor-bom.version: 2024.0.7
[DEBUG] resource.delimiter: @
[DEBUG] rest-assured.version: 5.5.5
[DEBUG] rsocket.version: 1.1.5
[DEBUG] rxjava3.version: 3.1.10
[DEBUG] saaj-impl.version: 3.0.4
[DEBUG] selenium-htmlunit.version: 4.30.0
[DEBUG] selenium.version: 4.31.0
[DEBUG] sendgrid.version: 4.10.3
[DEBUG] slf4j.version: 2.0.17
[DEBUG] snakeyaml.version: 2.4
[DEBUG] spring-amqp.version: 3.2.5
[DEBUG] spring-authorization-server.version: 1.5.1
[DEBUG] spring-batch.version: 5.2.2
[DEBUG] spring-boot.run.main-class: ${start-class}
[DEBUG] spring-data-bom.version: 2025.0.1
[DEBUG] spring-framework.version: 6.2.8
[DEBUG] spring-graphql.version: 1.4.0
[DEBUG] spring-hateoas.version: 2.5.1
[DEBUG] spring-integration.version: 6.5.0
[DEBUG] spring-kafka.version: 3.3.7
[DEBUG] spring-ldap.version: 3.3.1
[DEBUG] spring-pulsar.version: 1.2.7
[DEBUG] spring-restdocs.version: 3.0.4
[DEBUG] spring-retry.version: 2.0.12
[DEBUG] spring-security.version: 6.5.1
[DEBUG] spring-session.version: 3.5.1
[DEBUG] spring-ws.version: 4.1.0
[DEBUG] sqlite-jdbc.version: 3.49.1.0
[DEBUG] stderr.encoding: cp850
[DEBUG] stdout.encoding: Cp1252
[DEBUG] sun.arch.data.model: 64
[DEBUG] sun.boot.library.path: C:\Program Files\jvm\jdk-21.0.6+7\bin
[DEBUG] sun.cpu.endian: little
[DEBUG] sun.cpu.isalist: amd64
[DEBUG] sun.io.unicode.encoding: UnicodeLittle
[DEBUG] sun.java.command: org.codehaus.plexus.classworlds.launcher.Launcher test -X
[DEBUG] sun.java.launcher: SUN_STANDARD
[DEBUG] sun.jnu.encoding: Cp1252
[DEBUG] sun.management.compiler: HotSpot 64-Bit Tiered Compilers
[DEBUG] sun.os.patch.level: 
[DEBUG] testcontainers-redis-module.version: 2.2.4
[DEBUG] testcontainers.version: 1.21.2
[DEBUG] thymeleaf-extras-data-attribute.version: 2.0.1
[DEBUG] thymeleaf-extras-springsecurity.version: 3.1.3.RELEASE
[DEBUG] thymeleaf-layout-dialect.version: 3.4.0
[DEBUG] thymeleaf.version: 3.1.3.RELEASE
[DEBUG] tomcat.version: 10.1.42
[DEBUG] unboundid-ldapsdk.version: 7.0.3
[DEBUG] undertow.version: 2.3.18.Final
[DEBUG] user.country: BR
[DEBUG] user.dir: C:\Users\elian\OneDrive\├ürea de Trabalho\books\Java\Java Software Solutions, Foundations of Program Design Exercises\project\springboot-blog-api
[DEBUG] user.home: C:\Users\elian
[DEBUG] user.language: pt
[DEBUG] user.name: elian
[DEBUG] user.script: 
[DEBUG] user.variant: 
[DEBUG] versions-maven-plugin.version: 2.18.0
[DEBUG] vibur.version: 26.0
[DEBUG] webjars-locator-core.version: 0.59
[DEBUG] webjars-locator-lite.version: 1.1.0
[DEBUG] wsdl4j.version: 1.6.3
[DEBUG] xml-maven-plugin.version: 1.1.0
[DEBUG] xmlunit2.version: 2.10.2
[DEBUG] yasson.version: 3.0.4
[DEBUG] zipkin-reporter.version: 3.5.1
[DEBUG] Using 'UTF-8' encoding to copy filtered resources.
[DEBUG] Using 'UTF-8' encoding to copy filtered properties files.
[DEBUG] resource with targetPath null
directory C:\Users\elian\OneDrive\├ürea de Trabalho\books\Java\Java Software Solutions, Foundations of Program Design Exercises\project\springboot-blog-api\src\main\resources
excludes []
includes [**/application*.yml, **/application*.yaml, **/application*.properties]
[DEBUG] ignoreDelta true
[INFO] Copying 1 resource from src\main\resources to target\classes
[DEBUG] Copying file application.properties
[DEBUG] file application.properties has a filtered file extension
[DEBUG] Using 'UTF-8' encoding to copy filtered resource 'application.properties'.
[DEBUG] filtering C:\Users\elian\OneDrive\├ürea de Trabalho\books\Java\Java Software Solutions, Foundations of Program Design Exercises\project\springboot-blog-api\src\main\resources\application.properties to C:\Users\elian\OneDrive\├ürea de Trabalho\books\Java\Java Software Solutions, Foundations of Program Design Exercises\project\springboot-blog-api\target\classes\application.properties
[DEBUG] resource with targetPath null
directory C:\Users\elian\OneDrive\├ürea de Trabalho\books\Java\Java Software Solutions, Foundations of Program Design Exercises\project\springboot-blog-api\src\main\resources
excludes [**/application*.yml, **/application*.yaml, **/application*.properties]
includes []
[DEBUG] ignoreDelta true
[INFO] Copying 0 resource from src\main\resources to target\classes
[DEBUG] no user filter components
[INFO] 
[INFO] --- compiler:3.14.0:compile (default-compile) @ blogapi ---
[DEBUG] Using mirror maven-default-http-blocker (http://0.0.0.0/) for apache.snapshots (http://repository.apache.org/snapshots).
[DEBUG] Dependency collection stats {ConflictMarker.analyzeTime=79300, ConflictMarker.markTime=49600, ConflictMarker.nodeCount=22, ConflictIdSorter.graphTime=15700, ConflictIdSorter.topsortTime=18700, ConflictIdSorter.conflictIdCount=14, ConflictIdSorter.conflictIdCycleCount=0, ConflictResolver.totalTime=332900, ConflictResolver.conflictItemCount=22, DfDependencyCollector.collectTime=88853400, DfDependencyCollector.transformTime=518600}
[DEBUG] org.apache.maven.plugins:maven-compiler-plugin:jar:3.14.0
[DEBUG]    org.apache.maven.shared:maven-shared-utils:jar:3.4.2:compile
[DEBUG]       org.slf4j:slf4j-api:jar:1.7.36:compile
[DEBUG]       commons-io:commons-io:jar:2.11.0:compile
[DEBUG]    org.apache.maven.shared:maven-shared-incremental:jar:1.1:compile
[DEBUG]    org.codehaus.plexus:plexus-java:jar:1.4.0:compile
[DEBUG]       org.ow2.asm:asm:jar:9.7.1:compile
[DEBUG]       com.thoughtworks.qdox:qdox:jar:2.2.0:compile
[DEBUG]    org.codehaus.plexus:plexus-compiler-api:jar:2.15.0:compile
[DEBUG]    org.codehaus.plexus:plexus-compiler-manager:jar:2.15.0:compile
[DEBUG]       javax.inject:javax.inject:jar:1:compile
[DEBUG]       org.codehaus.plexus:plexus-xml:jar:3.0.1:compile (version managed from default)
[DEBUG]    org.codehaus.plexus:plexus-compiler-javac:jar:2.15.0:runtime
[DEBUG]    org.codehaus.plexus:plexus-utils:jar:4.0.1:compile
[DEBUG] Created new class realm plugin>org.apache.maven.plugins:maven-compiler-plugin:3.14.0
[DEBUG] Importing foreign packages into class realm plugin>org.apache.maven.plugins:maven-compiler-plugin:3.14.0
[DEBUG]   Imported:  < maven.api
[DEBUG] Populating class realm plugin>org.apache.maven.plugins:maven-compiler-plugin:3.14.0
[DEBUG]   Included: org.apache.maven.plugins:maven-compiler-plugin:jar:3.14.0
[DEBUG]   Included: org.apache.maven.shared:maven-shared-utils:jar:3.4.2
[DEBUG]   Included: commons-io:commons-io:jar:2.11.0
[DEBUG]   Included: org.apache.maven.shared:maven-shared-incremental:jar:1.1
[DEBUG]   Included: org.codehaus.plexus:plexus-java:jar:1.4.0
[DEBUG]   Included: org.ow2.asm:asm:jar:9.7.1
[DEBUG]   Included: com.thoughtworks.qdox:qdox:jar:2.2.0
[DEBUG]   Included: org.codehaus.plexus:plexus-compiler-api:jar:2.15.0
[DEBUG]   Included: org.codehaus.plexus:plexus-compiler-manager:jar:2.15.0
[DEBUG]   Included: org.codehaus.plexus:plexus-xml:jar:3.0.1
[DEBUG]   Included: org.codehaus.plexus:plexus-compiler-javac:jar:2.15.0
[DEBUG]   Included: org.codehaus.plexus:plexus-utils:jar:4.0.1
[DEBUG] Loading mojo org.apache.maven.plugins:maven-compiler-plugin:3.14.0:compile from plugin realm ClassRealm[plugin>org.apache.maven.plugins:maven-compiler-plugin:3.14.0, parent: jdk.internal.loader.ClassLoaders$AppClassLoader@33909752]
[DEBUG] Configuring mojo execution 'org.apache.maven.plugins:maven-compiler-plugin:3.14.0:compile:default-compile' with basic configurator -->
[DEBUG]   (f) annotationProcessorPathsUseDepMgmt = false
[DEBUG]   (f) basedir = C:\Users\elian\OneDrive\├ürea de Trabalho\books\Java\Java Software Solutions, Foundations of Program Design Exercises\project\springboot-blog-api
[DEBUG]   (f) buildDirectory = C:\Users\elian\OneDrive\├ürea de Trabalho\books\Java\Java Software Solutions, Foundations of Program Design Exercises\project\springboot-blog-api\target
[DEBUG]   (f) compilePath = [C:\Users\elian\OneDrive\├ürea de Trabalho\books\Java\Java Software Solutions, Foundations of Program Design Exercises\project\springboot-blog-api\target\classes, C:\Users\elian\.m2\repository\org\springframework\boot\spring-boot-starter-data-jpa\3.5.3\spring-boot-starter-data-jpa-3.5.3.jar, C:\Users\elian\.m2\repository\org\springframework\boot\spring-boot-starter\3.5.3\spring-boot-starter-3.5.3.jar, C:\Users\elian\.m2\repository\org\springframework\boot\spring-boot-starter-logging\3.5.3\spring-boot-starter-logging-3.5.3.jar, C:\Users\elian\.m2\repository\ch\qos\logback\logback-classic\1.5.18\logback-classic-1.5.18.jar, C:\Users\elian\.m2\repository\ch\qos\logback\logback-core\1.5.18\logback-core-1.5.18.jar, C:\Users\elian\.m2\repository\org\apache\logging\log4j\log4j-to-slf4j\2.24.3\log4j-to-slf4j-2.24.3.jar, C:\Users\elian\.m2\repository\org\apache\logging\log4j\log4j-api\2.24.3\log4j-api-2.24.3.jar, C:\Users\elian\.m2\repository\org\slf4j\jul-to-slf4j\2.0.17\jul-to-slf4j-2.0.17.jar, C:\Users\elian\.m2\repository\jakarta\annotation\jakarta.annotation-api\2.1.1\jakarta.annotation-api-2.1.1.jar, C:\Users\elian\.m2\repository\org\yaml\snakeyaml\2.4\snakeyaml-2.4.jar, C:\Users\elian\.m2\repository\org\springframework\boot\spring-boot-starter-jdbc\3.5.3\spring-boot-starter-jdbc-3.5.3.jar, C:\Users\elian\.m2\repository\com\zaxxer\HikariCP\6.3.0\HikariCP-6.3.0.jar, C:\Users\elian\.m2\repository\org\springframework\spring-jdbc\6.2.8\spring-jdbc-6.2.8.jar, C:\Users\elian\.m2\repository\org\hibernate\orm\hibernate-core\6.6.18.Final\hibernate-core-6.6.18.Final.jar, C:\Users\elian\.m2\repository\jakarta\persistence\jakarta.persistence-api\3.1.0\jakarta.persistence-api-3.1.0.jar, C:\Users\elian\.m2\repository\jakarta\transaction\jakarta.transaction-api\2.0.1\jakarta.transaction-api-2.0.1.jar, C:\Users\elian\.m2\repository\org\antlr\antlr4-runtime\4.13.0\antlr4-runtime-4.13.0.jar, C:\Users\elian\.m2\repository\org\springframework\data\spring-data-jpa\3.5.1\spring-data-jpa-3.5.1.jar, C:\Users\elian\.m2\repository\org\springframework\data\spring-data-commons\3.5.1\spring-data-commons-3.5.1.jar, C:\Users\elian\.m2\repository\org\springframework\spring-orm\6.2.8\spring-orm-6.2.8.jar, C:\Users\elian\.m2\repository\org\springframework\spring-context\6.2.8\spring-context-6.2.8.jar, C:\Users\elian\.m2\repository\org\springframework\spring-aop\6.2.8\spring-aop-6.2.8.jar, C:\Users\elian\.m2\repository\org\springframework\spring-tx\6.2.8\spring-tx-6.2.8.jar, C:\Users\elian\.m2\repository\org\springframework\spring-beans\6.2.8\spring-beans-6.2.8.jar, C:\Users\elian\.m2\repository\org\slf4j\slf4j-api\2.0.17\slf4j-api-2.0.17.jar, C:\Users\elian\.m2\repository\org\springframework\spring-aspects\6.2.8\spring-aspects-6.2.8.jar, C:\Users\elian\.m2\repository\org\aspectj\aspectjweaver\1.9.24\aspectjweaver-1.9.24.jar, C:\Users\elian\.m2\repository\org\springframework\boot\spring-boot-starter-web\3.5.3\spring-boot-starter-web-3.5.3.jar, C:\Users\elian\.m2\repository\org\springframework\boot\spring-boot-starter-json\3.5.3\spring-boot-starter-json-3.5.3.jar, C:\Users\elian\.m2\repository\com\fasterxml\jackson\core\jackson-databind\2.19.1\jackson-databind-2.19.1.jar, C:\Users\elian\.m2\repository\com\fasterxml\jackson\core\jackson-annotations\2.19.1\jackson-annotations-2.19.1.jar, C:\Users\elian\.m2\repository\com\fasterxml\jackson\core\jackson-core\2.19.1\jackson-core-2.19.1.jar, C:\Users\elian\.m2\repository\com\fasterxml\jackson\datatype\jackson-datatype-jdk8\2.19.1\jackson-datatype-jdk8-2.19.1.jar, C:\Users\elian\.m2\repository\com\fasterxml\jackson\datatype\jackson-datatype-jsr310\2.19.1\jackson-datatype-jsr310-2.19.1.jar, C:\Users\elian\.m2\repository\com\fasterxml\jackson\module\jackson-module-parameter-names\2.19.1\jackson-module-parameter-names-2.19.1.jar, C:\Users\elian\.m2\repository\org\springframework\boot\spring-boot-starter-tomcat\3.5.3\spring-boot-starter-tomcat-3.5.3.jar, C:\Users\elian\.m2\repository\org\apache\tomcat\embed\tomcat-embed-core\10.1.42\tomcat-embed-core-10.1.42.jar, C:\Users\elian\.m2\repository\org\apache\tomcat\embed\tomcat-embed-el\10.1.42\tomcat-embed-el-10.1.42.jar, C:\Users\elian\.m2\repository\org\apache\tomcat\embed\tomcat-embed-websocket\10.1.42\tomcat-embed-websocket-10.1.42.jar, C:\Users\elian\.m2\repository\org\springframework\spring-web\6.2.8\spring-web-6.2.8.jar, C:\Users\elian\.m2\repository\io\micrometer\micrometer-observation\1.15.1\micrometer-observation-1.15.1.jar, C:\Users\elian\.m2\repository\io\micrometer\micrometer-commons\1.15.1\micrometer-commons-1.15.1.jar, C:\Users\elian\.m2\repository\org\springframework\spring-webmvc\6.2.8\spring-webmvc-6.2.8.jar, C:\Users\elian\.m2\repository\org\springframework\spring-expression\6.2.8\spring-expression-6.2.8.jar, C:\Users\elian\.m2\repository\org\springframework\boot\spring-boot\3.5.3\spring-boot-3.5.3.jar, C:\Users\elian\.m2\repository\org\springframework\boot\spring-boot-autoconfigure\3.5.3\spring-boot-autoconfigure-3.5.3.jar, C:\Users\elian\.m2\repository\org\springframework\spring-core\6.2.8\spring-core-6.2.8.jar, C:\Users\elian\.m2\repository\org\springframework\spring-jcl\6.2.8\spring-jcl-6.2.8.jar, C:\Users\elian\.m2\repository\org\postgresql\postgresql\42.7.3\postgresql-42.7.3.jar]
[DEBUG]   (f) compileSourceRoots = [C:\Users\elian\OneDrive\├ürea de Trabalho\books\Java\Java Software Solutions, Foundations of Program Design Exercises\project\springboot-blog-api\src\main\java]
[DEBUG]   (f) compilerId = javac
[DEBUG]   (f) createMissingPackageInfoClass = true
[DEBUG]   (f) debug = true
[DEBUG]   (f) debugFileName = javac
[DEBUG]   (f) enablePreview = false
[DEBUG]   (f) encoding = UTF-8
[DEBUG]   (f) failOnError = true
[DEBUG]   (f) failOnWarning = false
[DEBUG]   (f) fileExtensions = [jar, class]
[DEBUG]   (f) forceJavacCompilerUse = false
[DEBUG]   (f) forceLegacyJavacApi = false
[DEBUG]   (f) fork = false
[DEBUG]   (f) generatedSourcesDirectory = C:\Users\elian\OneDrive\├ürea de Trabalho\books\Java\Java Software Solutions, Foundations of Program Design Exercises\project\springboot-blog-api\target\generated-sources\annotations
[DEBUG]   (f) moduleVersion = 0.0.1-SNAPSHOT
[DEBUG]   (f) mojoExecution = org.apache.maven.plugins:maven-compiler-plugin:3.14.0:compile {execution: default-compile}
[DEBUG]   (f) optimize = false
[DEBUG]   (f) outputDirectory = C:\Users\elian\OneDrive\├ürea de Trabalho\books\Java\Java Software Solutions, Foundations of Program Design Exercises\project\springboot-blog-api\target\classes
[DEBUG]   (f) parameters = true
[DEBUG]   (f) project = MavenProject: com.blog:blogapi:0.0.1-SNAPSHOT @ C:\Users\elian\OneDrive\├ürea de Trabalho\books\Java\Java Software Solutions, Foundations of Program Design Exercises\project\springboot-blog-api\pom.xml
[DEBUG]   (f) projectArtifact = com.blog:blogapi:jar:0.0.1-SNAPSHOT
[DEBUG]   (s) release = 21
[DEBUG]   (f) session = org.apache.maven.execution.MavenSession@41294371
[DEBUG]   (f) showCompilationChanges = false
[DEBUG]   (f) showDeprecation = false
[DEBUG]   (f) showWarnings = true
[DEBUG]   (f) skipMultiThreadWarning = false
[DEBUG]   (f) source = 1.8
[DEBUG]   (f) staleMillis = 0
[DEBUG]   (s) target = 1.8
[DEBUG]   (f) useIncrementalCompilation = true
[DEBUG]   (f) verbose = false
[DEBUG] -- end configuration --
[DEBUG] Using compiler 'javac'.
[DEBUG] Adding C:\Users\elian\OneDrive\├ürea de Trabalho\books\Java\Java Software Solutions, Foundations of Program Design Exercises\project\springboot-blog-api\target\generated-sources\annotations to compile source roots:
  C:\Users\elian\OneDrive\├ürea de Trabalho\books\Java\Java Software Solutions, Foundations of Program Design Exercises\project\springboot-blog-api\src\main\java
[DEBUG] New compile source roots:
  C:\Users\elian\OneDrive\├ürea de Trabalho\books\Java\Java Software Solutions, Foundations of Program Design Exercises\project\springboot-blog-api\src\main\java
  C:\Users\elian\OneDrive\├ürea de Trabalho\books\Java\Java Software Solutions, Foundations of Program Design Exercises\project\springboot-blog-api\target\generated-sources\annotations
[DEBUG] CompilerReuseStrategy: reuseCreated
[DEBUG] useIncrementalCompilation enabled
[INFO] Nothing to compile - all classes are up to date.
[INFO] 
[INFO] --- resources:3.3.1:testResources (default-testResources) @ blogapi ---
[DEBUG] Loading mojo org.apache.maven.plugins:maven-resources-plugin:3.3.1:testResources from plugin realm ClassRealm[plugin>org.apache.maven.plugins:maven-resources-plugin:3.3.1, parent: jdk.internal.loader.ClassLoaders$AppClassLoader@33909752]
[DEBUG] Configuring mojo execution 'org.apache.maven.plugins:maven-resources-plugin:3.3.1:testResources:default-testResources' with basic configurator -->
[DEBUG]   (f) addDefaultExcludes = true
[DEBUG]   (f) buildFilters = []
[DEBUG]   (s) delimiters = [@]
[DEBUG]   (f) encoding = UTF-8
[DEBUG]   (f) escapeWindowsPaths = true
[DEBUG]   (f) fileNameFiltering = false
[DEBUG]   (s) includeEmptyDirs = false
[DEBUG]   (s) outputDirectory = C:\Users\elian\OneDrive\├ürea de Trabalho\books\Java\Java Software Solutions, Foundations of Program Design Exercises\project\springboot-blog-api\target\test-classes
[DEBUG]   (s) overwrite = false
[DEBUG]   (f) project = MavenProject: com.blog:blogapi:0.0.1-SNAPSHOT @ C:\Users\elian\OneDrive\├ürea de Trabalho\books\Java\Java Software Solutions, Foundations of Program Design Exercises\project\springboot-blog-api\pom.xml
[DEBUG]   (f) propertiesEncoding = UTF-8
[DEBUG]   (s) resources = [Resource {targetPath: null, filtering: false, FileSet {directory: C:\Users\elian\OneDrive\├ürea de Trabalho\books\Java\Java Software Solutions, Foundations of Program Design Exercises\project\springboot-blog-api\src\test\resources, PatternSet [includes: {}, excludes: {}]}}]
[DEBUG]   (f) session = org.apache.maven.execution.MavenSession@41294371
[DEBUG]   (f) skip = false
[DEBUG]   (f) supportMultiLineFiltering = false
[DEBUG]   (f) useBuildFilters = true
[DEBUG]   (s) useDefaultDelimiters = false
[DEBUG] -- end configuration --
[DEBUG] properties used:
[DEBUG] activemq.version: 6.1.6
[DEBUG] angus-mail.version: 2.0.3
[DEBUG] artemis.version: 2.40.0
[DEBUG] aspectj.version: 1.9.24
[DEBUG] assertj.version: 3.27.3
[DEBUG] awaitility.version: 4.2.2
[DEBUG] brave.version: 6.1.0
[DEBUG] build-helper-maven-plugin.version: 3.6.1
[DEBUG] byte-buddy.version: 1.17.6
[DEBUG] cache2k.version: 2.6.1.Final
[DEBUG] caffeine.version: 3.2.1
[DEBUG] cassandra-driver.version: 4.19.0
[DEBUG] classmate.version: 1.7.0
[DEBUG] classworlds.conf: C:\Tools\apache-maven-3.9.3\bin\m2.conf
[DEBUG] commons-codec.version: 1.18.0
[DEBUG] commons-dbcp2.version: 2.13.0
[DEBUG] commons-lang3.version: 3.17.0
[DEBUG] commons-pool.version: 1.6
[DEBUG] commons-pool2.version: 2.12.1
[DEBUG] couchbase-client.version: 3.8.1
[DEBUG] crac.version: 1.5.0
[DEBUG] cyclonedx-maven-plugin.version: 2.9.1
[DEBUG] db2-jdbc.version: 12.1.2.0
[DEBUG] dependency-management-plugin.version: 1.1.7
[DEBUG] derby.version: 10.16.1.1
[DEBUG] ehcache3.version: 3.10.8
[DEBUG] elasticsearch-client.version: 8.18.1
[DEBUG] env.=::: ::\
[DEBUG] env.=C:: C:\Users\elian\OneDrive\├ürea de Trabalho\books\Java\Java Software Solutions, Foundations of Program Design Exercises\project\springboot-blog-api
[DEBUG] env.ALLUSERSPROFILE: C:\ProgramData
[DEBUG] env.APPDATA: C:\Users\elian\AppData\Roaming
[DEBUG] env.CLASSWORLDS_JAR: "C:\Tools\apache-maven-3.9.3\boot\plexus-classworlds-2.7.0.jar"
[DEBUG] env.CLASSWORLDS_LAUNCHER: org.codehaus.plexus.classworlds.launcher.Launcher
[DEBUG] env.COMMONPROGRAMFILES: C:\Program Files\Common Files
[DEBUG] env.COMMONPROGRAMFILES(X86): C:\Program Files (x86)\Common Files
[DEBUG] env.COMMONPROGRAMW6432: C:\Program Files\Common Files
[DEBUG] env.COMPUTERNAME: DESKTOP-NMD2P49
[DEBUG] env.COMSPEC: C:\WINDOWS\system32\cmd.exe
[DEBUG] env.DRIVERDATA: C:\Windows\System32\Drivers\DriverData
[DEBUG] env.EFC_6908_1262719628: 1
[DEBUG] env.EFC_6908_1592913036: 1
[DEBUG] env.EFC_6908_2283032206: 1
[DEBUG] env.EFC_6908_2775293581: 1
[DEBUG] env.EFC_6908_3789132940: 1
[DEBUG] env.ERROR_CODE: 0
[DEBUG] env.EXEC_DIR: C:\Users\elian\OneDrive\├ürea de Trabalho\books\Java\Java Software Solutions, Foundations of Program Design Exercises\project\springboot-blog-api
[DEBUG] env.FAB_VM_OPTIONS: SSJ
[DEBUG] env.FPS_BROWSER_APP_PROFILE_STRING: Internet Explorer
[DEBUG] env.FPS_BROWSER_USER_PROFILE_STRING: Default
[DEBUG] env.HOMEDRIVE: C:
[DEBUG] env.HOMEPATH: \Users\elian
[DEBUG] env.IDEA_INITIAL_DIRECTORY: C:\Program Files\JetBrains\IntelliJ IDEA Community Edition 2023.2.1\bin
[DEBUG] env.INTELLIJ IDEA COMMUNITY EDITION: C:\Program Files\JetBrains\IntelliJ IDEA Community Edition 2023.2.1\bin;
[DEBUG] env.JAVACMD: C:\Program Files\jvm\jdk-21.0.6+7\bin\java.exe
[DEBUG] env.JAVA_HOME: C:\Program Files\jvm\jdk-21.0.6+7
[DEBUG] env.JETBRAINS_INTELLIJ_COMMAND_END_MARKER: fapQIba39u3IQcswKepsTYCWnBxSihTa4ac4lHVTDEirGOZQ4Jjm39SHcaNc0VIt
[DEBUG] env.JVMCONFIG: \.mvn\jvm.config
[DEBUG] env.LOCALAPPDATA: C:\Users\elian\AppData\Local
[DEBUG] env.LOGONSERVER: \\DESKTOP-NMD2P49
[DEBUG] env.MAVEN_CMD_LINE_ARGS: test -X
[DEBUG] env.MAVEN_HOME: C:\Tools\apache-maven-3.9.3
[DEBUG] env.MAVEN_PROJECTBASEDIR: C:\Users\elian\OneDrive\├ürea de Trabalho\books\Java\Java Software Solutions, Foundations of Program Design Exercises\project\springboot-blog-api
[DEBUG] env.NUMBER_OF_PROCESSORS: 4
[DEBUG] env.ONEDRIVE: C:\Users\elian\OneDrive
[DEBUG] env.ONEDRIVECONSUMER: C:\Users\elian\OneDrive
[DEBUG] env.OS: Windows_NT
[DEBUG] env.PATH: C:\Program Files\jvm\jdk-21.0.6+7\bin;C:\WINDOWS\system32;C:\WINDOWS;C:\WINDOWS\System32\Wbem;C:\WINDOWS\System32\WindowsPowerShell\v1.0\;C:\WINDOWS\System32\OpenSSH\;C:\Program Files\dotnet\;C:\Tools\apache-maven-3.9.3\bin;C:\msys64\mingw64\bin;C:\Program Files\Git\cmd;;C:\Program Files\PowerShell\7\;C:\Program Files\Docker\Docker\resources\bin;C:\Users\elian\.jbang\bin;C:\Users\elian\AppData\Local\Microsoft\WindowsApps;C:\Users\elian\AppData\Local\Programs\Microsoft VS Code\bin;C:\Program Files\heroku\bin;C:\Users\elian\OneDrive\├ürea de Trabalho\apache-maven-3.9.3\bin;;C:\Program Files\JetBrains\IntelliJ IDEA Community Edition 2023.2.1\bin;;C:\Users\elian\AppData\Local\Microsoft\WindowsApps
[DEBUG] env.PATHEXT: .COM;.EXE;.BAT;.CMD;.VBS;.VBE;.JS;.JSE;.WSF;.WSH;.MSC;.CPL
[DEBUG] env.POWERSHELL_DISTRIBUTION_CHANNEL: MSI:Windows 10 Pro
[DEBUG] env.PROCESSOR_ARCHITECTURE: AMD64
[DEBUG] env.PROCESSOR_IDENTIFIER: Intel64 Family 6 Model 142 Stepping 12, GenuineIntel
[DEBUG] env.PROCESSOR_LEVEL: 6
[DEBUG] env.PROCESSOR_REVISION: 8e0c
[DEBUG] env.PROGRAMDATA: C:\ProgramData
[DEBUG] env.PROGRAMFILES: C:\Program Files
[DEBUG] env.PROGRAMFILES(X86): C:\Program Files (x86)
[DEBUG] env.PROGRAMW6432: C:\Program Files
[DEBUG] env.PROMPT: $P$G
[DEBUG] env.PSEXECUTIONPOLICYPREFERENCE: Bypass
[DEBUG] env.PSMODULEPATH: C:\Users\elian\OneDrive\Documentos\WindowsPowerShell\Modules;C:\Program Files\WindowsPowerShell\Modules;C:\WINDOWS\system32\WindowsPowerShell\v1.0\Modules
[DEBUG] env.PUBLIC: C:\Users\Public
[DEBUG] env.SESSIONNAME: Console
[DEBUG] env.SYSTEMDRIVE: C:
[DEBUG] env.SYSTEMROOT: C:\WINDOWS
[DEBUG] env.TEMP: C:\Users\elian\AppData\Local\Temp
[DEBUG] env.TERMINAL_EMULATOR: JetBrains-JediTerm
[DEBUG] env.TERM_SESSION_ID: 1cce7f85-1f47-4284-a838-57305fe46ed1
[DEBUG] env.TMP: C:\Users\elian\AppData\Local\Temp
[DEBUG] env.USERDOMAIN: DESKTOP-NMD2P49
[DEBUG] env.USERDOMAIN_ROAMINGPROFILE: DESKTOP-NMD2P49
[DEBUG] env.USERNAME: elian
[DEBUG] env.USERPROFILE: C:\Users\elian
[DEBUG] env.WDIR: C:\Users\elian\OneDrive\├ürea de Trabalho\books\Java\Java Software Solutions, Foundations of Program Design Exercises\project\springboot-blog-api
[DEBUG] env.WINDIR: C:\WINDOWS
[DEBUG] env.ZES_ENABLE_SYSMAN: 1
[DEBUG] file.encoding: UTF-8
[DEBUG] file.separator: \
[DEBUG] flyway.version: 11.7.2
[DEBUG] freemarker.version: 2.3.34
[DEBUG] git-commit-id-maven-plugin.version: 9.0.2
[DEBUG] glassfish-jaxb.version: 4.0.5
[DEBUG] glassfish-jstl.version: 3.0.1
[DEBUG] graphql-java.version: 24.0
[DEBUG] groovy.version: 4.0.27
[DEBUG] gson.version: 2.13.1
[DEBUG] h2.version: 2.3.232
[DEBUG] hamcrest.version: 3.0
[DEBUG] hazelcast.version: 5.5.0
[DEBUG] hibernate-validator.version: 8.0.2.Final
[DEBUG] hibernate.version: 6.6.18.Final
[DEBUG] hikaricp.version: 6.3.0
[DEBUG] hsqldb.version: 2.7.3
[DEBUG] htmlunit.version: 4.11.1
[DEBUG] httpasyncclient.version: 4.1.5
[DEBUG] httpclient5.version: 5.5
[DEBUG] httpcore.version: 4.4.16
[DEBUG] httpcore5.version: 5.3.4
[DEBUG] infinispan.version: 15.2.4.Final
[DEBUG] influxdb-java.version: 2.25
[DEBUG] jackson-bom.version: 2.19.1
[DEBUG] jakarta-activation.version: 2.1.3
[DEBUG] jakarta-annotation.version: 2.1.1
[DEBUG] jakarta-inject.version: 2.0.1
[DEBUG] jakarta-jms.version: 3.1.0
[DEBUG] jakarta-json-bind.version: 3.0.1
[DEBUG] jakarta-json.version: 2.1.3
[DEBUG] jakarta-mail.version: 2.1.3
[DEBUG] jakarta-management.version: 1.1.4
[DEBUG] jakarta-persistence.version: 3.1.0
[DEBUG] jakarta-servlet-jsp-jstl.version: 3.0.2
[DEBUG] jakarta-servlet.version: 6.0.0
[DEBUG] jakarta-transaction.version: 2.0.1
[DEBUG] jakarta-validation.version: 3.0.2
[DEBUG] jakarta-websocket.version: 2.1.1
[DEBUG] jakarta-ws-rs.version: 3.1.0
[DEBUG] jakarta-xml-bind.version: 4.0.2
[DEBUG] jakarta-xml-soap.version: 3.0.2
[DEBUG] jakarta-xml-ws.version: 4.0.2
[DEBUG] janino.version: 3.1.12
[DEBUG] java.class.path: C:\Tools\apache-maven-3.9.3\boot\plexus-classworlds-2.7.0.jar
[DEBUG] java.class.version: 65.0
[DEBUG] java.home: C:\Program Files\jvm\jdk-21.0.6+7
[DEBUG] java.io.tmpdir: C:\Users\elian\AppData\Local\Temp\
[DEBUG] java.library.path: C:\Program Files\jvm\jdk-21.0.6+7\bin;C:\WINDOWS\Sun\Java\bin;C:\WINDOWS\system32;C:\WINDOWS;C:\Program Files\jvm\jdk-21.0.6+7\bin;C:\WINDOWS\system32;C:\WINDOWS;C:\WINDOWS\System32\Wbem;C:\WINDOWS\System32\WindowsPowerShell\v1.0\;C:\WINDOWS\System32\OpenSSH\;C:\Program Files\dotnet\;C:\Tools\apache-maven-3.9.3\bin;C:\msys64\mingw64\bin;C:\Program Files\Git\cmd;;C:\Program Files\PowerShell\7\;C:\Program Files\Docker\Docker\resources\bin;C:\Users\elian\.jbang\bin;C:\Users\elian\AppData\Local\Microsoft\WindowsApps;C:\Users\elian\AppData\Local\Programs\Microsoft VS Code\bin;C:\Program Files\heroku\bin;C:\Users\elian\OneDrive\├ürea de Trabalho\apache-maven-3.9.3\bin;;C:\Program Files\JetBrains\IntelliJ IDEA Community Edition 2023.2.1\bin;;C:\Users\elian\AppData\Local\Microsoft\WindowsApps;.
[DEBUG] java.runtime.name: OpenJDK Runtime Environment
[DEBUG] java.runtime.version: 21.0.6+7-LTS
[DEBUG] java.specification.name: Java Platform API Specification
[DEBUG] java.specification.vendor: Oracle Corporation
[DEBUG] java.specification.version: 21
[DEBUG] java.vendor: Eclipse Adoptium
[DEBUG] java.vendor.url: https://adoptium.net/
[DEBUG] java.vendor.url.bug: https://github.com/adoptium/adoptium-support/issues
[DEBUG] java.vendor.version: Temurin-21.0.6+7
[DEBUG] java.version: 21.0.6
[DEBUG] java.version.date: 2025-01-21
[DEBUG] java.vm.compressedOopsMode: 32-bit
[DEBUG] java.vm.info: mixed mode, sharing
[DEBUG] java.vm.name: OpenJDK 64-Bit Server VM
[DEBUG] java.vm.specification.name: Java Virtual Machine Specification
[DEBUG] java.vm.specification.vendor: Oracle Corporation
[DEBUG] java.vm.specification.version: 21
[DEBUG] java.vm.vendor: Eclipse Adoptium
[DEBUG] java.vm.version: 21.0.6+7-LTS
[DEBUG] javax-cache.version: 1.1.1
[DEBUG] javax-money.version: 1.1
[DEBUG] jaxen.version: 2.0.0
[DEBUG] jaybird.version: 6.0.2
[DEBUG] jboss-logging.version: 3.6.1.Final
[DEBUG] jdk.debug: release
[DEBUG] jdom2.version: 2.0.6.1
[DEBUG] jedis.version: 6.0.0
[DEBUG] jersey.version: 3.1.10
[DEBUG] jetty-reactive-httpclient.version: 4.0.10
[DEBUG] jetty.version: 12.0.22
[DEBUG] jmustache.version: 1.16
[DEBUG] jooq.version: 3.19.24
[DEBUG] json-path.version: 2.9.0
[DEBUG] json-smart.version: 2.5.2
[DEBUG] jsonassert.version: 1.5.3
[DEBUG] jtds.version: 1.3.1
[DEBUG] junit-jupiter.version: 5.12.2
[DEBUG] junit.version: 4.13.2
[DEBUG] kafka.version: 3.9.1
[DEBUG] kotlin-coroutines.version: 1.8.1
[DEBUG] kotlin-serialization.version: 1.6.3
[DEBUG] kotlin.version: 1.9.25
[DEBUG] lettuce.version: 6.6.0.RELEASE
[DEBUG] library.jansi.path: C:\Tools\apache-maven-3.9.3\lib\jansi-native
[DEBUG] line.separator: 

[DEBUG] liquibase.version: 4.31.1
[DEBUG] log4j2.version: 2.24.3
[DEBUG] logback.version: 1.5.18
[DEBUG] lombok.version: 1.18.38
[DEBUG] mariadb.version: 3.5.3
[DEBUG] maven-antrun-plugin.version: 3.1.0
[DEBUG] maven-assembly-plugin.version: 3.7.1
[DEBUG] maven-clean-plugin.version: 3.4.1
[DEBUG] maven-compiler-plugin.version: 3.14.0
[DEBUG] maven-dependency-plugin.version: 3.8.1
[DEBUG] maven-deploy-plugin.version: 3.1.4
[DEBUG] maven-enforcer-plugin.version: 3.5.0
[DEBUG] maven-failsafe-plugin.version: 3.5.3
[DEBUG] maven-help-plugin.version: 3.5.1
[DEBUG] maven-install-plugin.version: 3.1.4
[DEBUG] maven-invoker-plugin.version: 3.9.0
[DEBUG] maven-jar-plugin.version: 3.4.2
[DEBUG] maven-javadoc-plugin.version: 3.11.2
[DEBUG] maven-resources-plugin.version: 3.3.1
[DEBUG] maven-shade-plugin.version: 3.6.0
[DEBUG] maven-source-plugin.version: 3.3.1
[DEBUG] maven-surefire-plugin.version: 3.5.3
[DEBUG] maven-war-plugin.version: 3.4.0
[DEBUG] maven.build.timestamp: 2025-07-24T21:08:35Z
[DEBUG] maven.build.version: Apache Maven 3.9.3 (21122926829f1ead511c958d89bd2f672198ae9f)
[DEBUG] maven.compiler.release: 21
[DEBUG] maven.conf: C:\Tools\apache-maven-3.9.3/conf
[DEBUG] maven.home: C:\Tools\apache-maven-3.9.3
[DEBUG] maven.multiModuleProjectDirectory: C:\Users\elian\OneDrive\├ürea de Trabalho\books\Java\Java Software Solutions, Foundations of Program Design Exercises\project\springboot-blog-api
[DEBUG] maven.version: 3.9.3
[DEBUG] micrometer-tracing.version: 1.5.1
[DEBUG] micrometer.version: 1.15.1
[DEBUG] mockito.version: 5.17.0
[DEBUG] mongodb.version: 5.5.1
[DEBUG] mssql-jdbc.version: 12.10.0.jre11
[DEBUG] mysql.version: 9.2.0
[DEBUG] native-build-tools-plugin.version: 0.10.6
[DEBUG] native.encoding: Cp1252
[DEBUG] nekohtml.version: 1.9.22
[DEBUG] neo4j-java-driver.version: 5.28.5
[DEBUG] netty.version: 4.1.122.Final
[DEBUG] opentelemetry.version: 1.49.0
[DEBUG] oracle-database.version: 23.7.0.25.01
[DEBUG] oracle-r2dbc.version: 1.3.0
[DEBUG] os.arch: amd64
[DEBUG] os.name: Windows 11
[DEBUG] os.version: 10.0
[DEBUG] path.separator: ;
[DEBUG] pooled-jms.version: 3.1.7
[DEBUG] postgresql.version: 42.7.7
[DEBUG] project.baseUri: file:/C:/Users/elian/OneDrive/├ürea%20de%20Trabalho/books/Java/Java%20Software%20Solutions,%20Foundations%20of%20Program%20Design%20Exercises/project/springboot-blog-api/
[DEBUG] project.build.sourceEncoding: UTF-8
[DEBUG] project.reporting.outputEncoding: UTF-8
[DEBUG] prometheus-client.version: 1.3.8
[DEBUG] prometheus-simpleclient.version: 0.16.0
[DEBUG] pulsar-reactive.version: 0.6.0
[DEBUG] pulsar.version: 4.0.5
[DEBUG] quartz.version: 2.5.0
[DEBUG] querydsl.version: 5.1.0
[DEBUG] r2dbc-h2.version: 1.0.0.RELEASE
[DEBUG] r2dbc-mariadb.version: 1.3.0
[DEBUG] r2dbc-mssql.version: 1.0.2.RELEASE
[DEBUG] r2dbc-mysql.version: 1.4.1
[DEBUG] r2dbc-pool.version: 1.0.2.RELEASE
[DEBUG] r2dbc-postgresql.version: 1.0.7.RELEASE
[DEBUG] r2dbc-proxy.version: 1.1.6.RELEASE
[DEBUG] r2dbc-spi.version: 1.0.0.RELEASE
[DEBUG] rabbit-amqp-client.version: 5.25.0
[DEBUG] rabbit-stream-client.version: 0.23.0
[DEBUG] reactive-streams.version: 1.0.4
[DEBUG] reactor-bom.version: 2024.0.7
[DEBUG] resource.delimiter: @
[DEBUG] rest-assured.version: 5.5.5
[DEBUG] rsocket.version: 1.1.5
[DEBUG] rxjava3.version: 3.1.10
[DEBUG] saaj-impl.version: 3.0.4
[DEBUG] selenium-htmlunit.version: 4.30.0
[DEBUG] selenium.version: 4.31.0
[DEBUG] sendgrid.version: 4.10.3
[DEBUG] slf4j.version: 2.0.17
[DEBUG] snakeyaml.version: 2.4
[DEBUG] spring-amqp.version: 3.2.5
[DEBUG] spring-authorization-server.version: 1.5.1
[DEBUG] spring-batch.version: 5.2.2
[DEBUG] spring-boot.run.main-class: ${start-class}
[DEBUG] spring-data-bom.version: 2025.0.1
[DEBUG] spring-framework.version: 6.2.8
[DEBUG] spring-graphql.version: 1.4.0
[DEBUG] spring-hateoas.version: 2.5.1
[DEBUG] spring-integration.version: 6.5.0
[DEBUG] spring-kafka.version: 3.3.7
[DEBUG] spring-ldap.version: 3.3.1
[DEBUG] spring-pulsar.version: 1.2.7
[DEBUG] spring-restdocs.version: 3.0.4
[DEBUG] spring-retry.version: 2.0.12
[DEBUG] spring-security.version: 6.5.1
[DEBUG] spring-session.version: 3.5.1
[DEBUG] spring-ws.version: 4.1.0
[DEBUG] sqlite-jdbc.version: 3.49.1.0
[DEBUG] stderr.encoding: cp850
[DEBUG] stdout.encoding: Cp1252
[DEBUG] sun.arch.data.model: 64
[DEBUG] sun.boot.library.path: C:\Program Files\jvm\jdk-21.0.6+7\bin
[DEBUG] sun.cpu.endian: little
[DEBUG] sun.cpu.isalist: amd64
[DEBUG] sun.io.unicode.encoding: UnicodeLittle
[DEBUG] sun.java.command: org.codehaus.plexus.classworlds.launcher.Launcher test -X
[DEBUG] sun.java.launcher: SUN_STANDARD
[DEBUG] sun.jnu.encoding: Cp1252
[DEBUG] sun.management.compiler: HotSpot 64-Bit Tiered Compilers
[DEBUG] sun.os.patch.level: 
[DEBUG] testcontainers-redis-module.version: 2.2.4
[DEBUG] testcontainers.version: 1.21.2
[DEBUG] thymeleaf-extras-data-attribute.version: 2.0.1
[DEBUG] thymeleaf-extras-springsecurity.version: 3.1.3.RELEASE
[DEBUG] thymeleaf-layout-dialect.version: 3.4.0
[DEBUG] thymeleaf.version: 3.1.3.RELEASE
[DEBUG] tomcat.version: 10.1.42
[DEBUG] unboundid-ldapsdk.version: 7.0.3
[DEBUG] undertow.version: 2.3.18.Final
[DEBUG] user.country: BR
[DEBUG] user.dir: C:\Users\elian\OneDrive\├ürea de Trabalho\books\Java\Java Software Solutions, Foundations of Program Design Exercises\project\springboot-blog-api
[DEBUG] user.home: C:\Users\elian
[DEBUG] user.language: pt
[DEBUG] user.name: elian
[DEBUG] user.script: 
[DEBUG] user.variant: 
[DEBUG] versions-maven-plugin.version: 2.18.0
[DEBUG] vibur.version: 26.0
[DEBUG] webjars-locator-core.version: 0.59
[DEBUG] webjars-locator-lite.version: 1.1.0
[DEBUG] wsdl4j.version: 1.6.3
[DEBUG] xml-maven-plugin.version: 1.1.0
[DEBUG] xmlunit2.version: 2.10.2
[DEBUG] yasson.version: 3.0.4
[DEBUG] zipkin-reporter.version: 3.5.1
[DEBUG] Using 'UTF-8' encoding to copy filtered resources.
[DEBUG] Using 'UTF-8' encoding to copy filtered properties files.
[DEBUG] resource with targetPath null
directory C:\Users\elian\OneDrive\├ürea de Trabalho\books\Java\Java Software Solutions, Foundations of Program Design Exercises\project\springboot-blog-api\src\test\resources
excludes []
includes []
[DEBUG] ignoreDelta true
[INFO] Copying 1 resource from src\test\resources to target\test-classes
[DEBUG] Copying file application-test.properties
[DEBUG] file application-test.properties has a filtered file extension
[DEBUG] Using 'UTF-8' encoding to copy filtered resource 'application-test.properties'.
[DEBUG] copy C:\Users\elian\OneDrive\├ürea de Trabalho\books\Java\Java Software Solutions, Foundations of Program Design Exercises\project\springboot-blog-api\src\test\resources\application-test.properties to C:\Users\elian\OneDrive\├ürea de Trabalho\books\Java\Java Software Solutions, Foundations of Program Design Exercises\project\springboot-blog-api\target\test-classes\application-test.properties
[DEBUG] no user filter components
[INFO] 
[INFO] --- compiler:3.14.0:testCompile (default-testCompile) @ blogapi ---
[DEBUG] Loading mojo org.apache.maven.plugins:maven-compiler-plugin:3.14.0:testCompile from plugin realm ClassRealm[plugin>org.apache.maven.plugins:maven-compiler-plugin:3.14.0, parent: jdk.internal.loader.ClassLoaders$AppClassLoader@33909752]
[DEBUG] Configuring mojo execution 'org.apache.maven.plugins:maven-compiler-plugin:3.14.0:testCompile:default-testCompile' with basic configurator -->
[DEBUG]   (f) annotationProcessorPathsUseDepMgmt = false
[DEBUG]   (f) basedir = C:\Users\elian\OneDrive\├ürea de Trabalho\books\Java\Java Software Solutions, Foundations of Program Design Exercises\project\springboot-blog-api
[DEBUG]   (f) buildDirectory = C:\Users\elian\OneDrive\├ürea de Trabalho\books\Java\Java Software Solutions, Foundations of Program Design Exercises\project\springboot-blog-api\target
[DEBUG]   (f) compileSourceRoots = [C:\Users\elian\OneDrive\├ürea de Trabalho\books\Java\Java Software Solutions, Foundations of Program Design Exercises\project\springboot-blog-api\src\test\java]
[DEBUG]   (f) compilerId = javac
[DEBUG]   (f) createMissingPackageInfoClass = true
[DEBUG]   (f) debug = true
[DEBUG]   (f) debugFileName = javac-test
[DEBUG]   (f) enablePreview = false
[DEBUG]   (f) encoding = UTF-8
[DEBUG]   (f) failOnError = true
[DEBUG]   (f) failOnWarning = false
[DEBUG]   (f) fileExtensions = [jar, class]
[DEBUG]   (f) forceJavacCompilerUse = false
[DEBUG]   (f) forceLegacyJavacApi = false
[DEBUG]   (f) fork = false
[DEBUG]   (f) generatedTestSourcesDirectory = C:\Users\elian\OneDrive\├ürea de Trabalho\books\Java\Java Software Solutions, Foundations of Program Design Exercises\project\springboot-blog-api\target\generated-test-sources\test-annotations
[DEBUG]   (f) mojoExecution = org.apache.maven.plugins:maven-compiler-plugin:3.14.0:testCompile {execution: default-testCompile}
[DEBUG]   (f) optimize = false
[DEBUG]   (f) outputDirectory = C:\Users\elian\OneDrive\├ürea de Trabalho\books\Java\Java Software Solutions, Foundations of Program Design Exercises\project\springboot-blog-api\target\test-classes
[DEBUG]   (f) parameters = true
[DEBUG]   (f) project = MavenProject: com.blog:blogapi:0.0.1-SNAPSHOT @ C:\Users\elian\OneDrive\├ürea de Trabalho\books\Java\Java Software Solutions, Foundations of Program Design Exercises\project\springboot-blog-api\pom.xml
[DEBUG]   (s) release = 21
[DEBUG]   (f) session = org.apache.maven.execution.MavenSession@41294371
[DEBUG]   (f) showCompilationChanges = false
[DEBUG]   (f) showDeprecation = false
[DEBUG]   (f) showWarnings = true
[DEBUG]   (f) skipMultiThreadWarning = false
[DEBUG]   (f) source = 1.8
[DEBUG]   (f) staleMillis = 0
[DEBUG]   (s) target = 1.8
[DEBUG]   (f) testPath = [C:\Users\elian\OneDrive\├ürea de Trabalho\books\Java\Java Software Solutions, Foundations of Program Design Exercises\project\springboot-blog-api\target\test-classes, C:\Users\elian\OneDrive\├ürea de Trabalho\books\Java\Java Software Solutions, Foundations of Program Design Exercises\project\springboot-blog-api\target\classes, C:\Users\elian\.m2\repository\org\springframework\boot\spring-boot-starter-data-jpa\3.5.3\spring-boot-starter-data-jpa-3.5.3.jar, C:\Users\elian\.m2\repository\org\springframework\boot\spring-boot-starter\3.5.3\spring-boot-starter-3.5.3.jar, C:\Users\elian\.m2\repository\org\springframework\boot\spring-boot-starter-logging\3.5.3\spring-boot-starter-logging-3.5.3.jar, C:\Users\elian\.m2\repository\ch\qos\logback\logback-classic\1.5.18\logback-classic-1.5.18.jar, C:\Users\elian\.m2\repository\ch\qos\logback\logback-core\1.5.18\logback-core-1.5.18.jar, C:\Users\elian\.m2\repository\org\apache\logging\log4j\log4j-to-slf4j\2.24.3\log4j-to-slf4j-2.24.3.jar, C:\Users\elian\.m2\repository\org\apache\logging\log4j\log4j-api\2.24.3\log4j-api-2.24.3.jar, C:\Users\elian\.m2\repository\org\slf4j\jul-to-slf4j\2.0.17\jul-to-slf4j-2.0.17.jar, C:\Users\elian\.m2\repository\jakarta\annotation\jakarta.annotation-api\2.1.1\jakarta.annotation-api-2.1.1.jar, C:\Users\elian\.m2\repository\org\yaml\snakeyaml\2.4\snakeyaml-2.4.jar, C:\Users\elian\.m2\repository\org\springframework\boot\spring-boot-starter-jdbc\3.5.3\spring-boot-starter-jdbc-3.5.3.jar, C:\Users\elian\.m2\repository\com\zaxxer\HikariCP\6.3.0\HikariCP-6.3.0.jar, C:\Users\elian\.m2\repository\org\springframework\spring-jdbc\6.2.8\spring-jdbc-6.2.8.jar, C:\Users\elian\.m2\repository\org\hibernate\orm\hibernate-core\6.6.18.Final\hibernate-core-6.6.18.Final.jar, C:\Users\elian\.m2\repository\jakarta\persistence\jakarta.persistence-api\3.1.0\jakarta.persistence-api-3.1.0.jar, C:\Users\elian\.m2\repository\jakarta\transaction\jakarta.transaction-api\2.0.1\jakarta.transaction-api-2.0.1.jar, C:\Users\elian\.m2\repository\org\jboss\logging\jboss-logging\3.6.1.Final\jboss-logging-3.6.1.Final.jar, C:\Users\elian\.m2\repository\org\hibernate\common\hibernate-commons-annotations\7.0.3.Final\hibernate-commons-annotations-7.0.3.Final.jar, C:\Users\elian\.m2\repository\io\smallrye\jandex\3.2.0\jandex-3.2.0.jar, C:\Users\elian\.m2\repository\com\fasterxml\classmate\1.7.0\classmate-1.7.0.jar, C:\Users\elian\.m2\repository\net\bytebuddy\byte-buddy\1.17.6\byte-buddy-1.17.6.jar, C:\Users\elian\.m2\repository\org\glassfish\jaxb\jaxb-runtime\4.0.5\jaxb-runtime-4.0.5.jar, C:\Users\elian\.m2\repository\org\glassfish\jaxb\jaxb-core\4.0.5\jaxb-core-4.0.5.jar, C:\Users\elian\.m2\repository\org\eclipse\angus\angus-activation\2.0.2\angus-activation-2.0.2.jar, C:\Users\elian\.m2\repository\org\glassfish\jaxb\txw2\4.0.5\txw2-4.0.5.jar, C:\Users\elian\.m2\repository\com\sun\istack\istack-commons-runtime\4.1.2\istack-commons-runtime-4.1.2.jar, C:\Users\elian\.m2\repository\jakarta\inject\jakarta.inject-api\2.0.1\jakarta.inject-api-2.0.1.jar, C:\Users\elian\.m2\repository\org\antlr\antlr4-runtime\4.13.0\antlr4-runtime-4.13.0.jar, C:\Users\elian\.m2\repository\org\springframework\data\spring-data-jpa\3.5.1\spring-data-jpa-3.5.1.jar, C:\Users\elian\.m2\repository\org\springframework\data\spring-data-commons\3.5.1\spring-data-commons-3.5.1.jar, C:\Users\elian\.m2\repository\org\springframework\spring-orm\6.2.8\spring-orm-6.2.8.jar, C:\Users\elian\.m2\repository\org\springframework\spring-context\6.2.8\spring-context-6.2.8.jar, C:\Users\elian\.m2\repository\org\springframework\spring-aop\6.2.8\spring-aop-6.2.8.jar, C:\Users\elian\.m2\repository\org\springframework\spring-tx\6.2.8\spring-tx-6.2.8.jar, C:\Users\elian\.m2\repository\org\springframework\spring-beans\6.2.8\spring-beans-6.2.8.jar, C:\Users\elian\.m2\repository\org\slf4j\slf4j-api\2.0.17\slf4j-api-2.0.17.jar, C:\Users\elian\.m2\repository\org\springframework\spring-aspects\6.2.8\spring-aspects-6.2.8.jar, C:\Users\elian\.m2\repository\org\aspectj\aspectjweaver\1.9.24\aspectjweaver-1.9.24.jar, C:\Users\elian\.m2\repository\org\springframework\boot\spring-boot-starter-web\3.5.3\spring-boot-starter-web-3.5.3.jar, C:\Users\elian\.m2\repository\org\springframework\boot\spring-boot-starter-json\3.5.3\spring-boot-starter-json-3.5.3.jar, C:\Users\elian\.m2\repository\com\fasterxml\jackson\core\jackson-databind\2.19.1\jackson-databind-2.19.1.jar, C:\Users\elian\.m2\repository\com\fasterxml\jackson\core\jackson-annotations\2.19.1\jackson-annotations-2.19.1.jar, C:\Users\elian\.m2\repository\com\fasterxml\jackson\core\jackson-core\2.19.1\jackson-core-2.19.1.jar, C:\Users\elian\.m2\repository\com\fasterxml\jackson\datatype\jackson-datatype-jdk8\2.19.1\jackson-datatype-jdk8-2.19.1.jar, C:\Users\elian\.m2\repository\com\fasterxml\jackson\datatype\jackson-datatype-jsr310\2.19.1\jackson-datatype-jsr310-2.19.1.jar, C:\Users\elian\.m2\repository\com\fasterxml\jackson\module\jackson-module-parameter-names\2.19.1\jackson-module-parameter-names-2.19.1.jar, C:\Users\elian\.m2\repository\org\springframework\boot\spring-boot-starter-tomcat\3.5.3\spring-boot-starter-tomcat-3.5.3.jar, C:\Users\elian\.m2\repository\org\apache\tomcat\embed\tomcat-embed-core\10.1.42\tomcat-embed-core-10.1.42.jar, C:\Users\elian\.m2\repository\org\apache\tomcat\embed\tomcat-embed-el\10.1.42\tomcat-embed-el-10.1.42.jar, C:\Users\elian\.m2\repository\org\apache\tomcat\embed\tomcat-embed-websocket\10.1.42\tomcat-embed-websocket-10.1.42.jar, C:\Users\elian\.m2\repository\org\springframework\spring-web\6.2.8\spring-web-6.2.8.jar, C:\Users\elian\.m2\repository\io\micrometer\micrometer-observation\1.15.1\micrometer-observation-1.15.1.jar, C:\Users\elian\.m2\repository\io\micrometer\micrometer-commons\1.15.1\micrometer-commons-1.15.1.jar, C:\Users\elian\.m2\repository\org\springframework\spring-webmvc\6.2.8\spring-webmvc-6.2.8.jar, C:\Users\elian\.m2\repository\org\springframework\spring-expression\6.2.8\spring-expression-6.2.8.jar, C:\Users\elian\.m2\repository\org\springframework\boot\spring-boot-devtools\3.5.3\spring-boot-devtools-3.5.3.jar, C:\Users\elian\.m2\repository\org\springframework\boot\spring-boot\3.5.3\spring-boot-3.5.3.jar, C:\Users\elian\.m2\repository\org\springframework\boot\spring-boot-autoconfigure\3.5.3\spring-boot-autoconfigure-3.5.3.jar, C:\Users\elian\.m2\repository\com\h2database\h2\2.3.232\h2-2.3.232.jar, C:\Users\elian\.m2\repository\org\springframework\boot\spring-boot-starter-test\3.5.3\spring-boot-starter-test-3.5.3.jar, C:\Users\elian\.m2\repository\org\springframework\boot\spring-boot-test\3.5.3\spring-boot-test-3.5.3.jar, C:\Users\elian\.m2\repository\org\springframework\boot\spring-boot-test-autoconfigure\3.5.3\spring-boot-test-autoconfigure-3.5.3.jar, C:\Users\elian\.m2\repository\com\jayway\jsonpath\json-path\2.9.0\json-path-2.9.0.jar, C:\Users\elian\.m2\repository\jakarta\xml\bind\jakarta.xml.bind-api\4.0.2\jakarta.xml.bind-api-4.0.2.jar, C:\Users\elian\.m2\repository\jakarta\activation\jakarta.activation-api\2.1.3\jakarta.activation-api-2.1.3.jar, C:\Users\elian\.m2\repository\net\minidev\json-smart\2.5.2\json-smart-2.5.2.jar, C:\Users\elian\.m2\repository\net\minidev\accessors-smart\2.5.2\accessors-smart-2.5.2.jar, C:\Users\elian\.m2\repository\org\ow2\asm\asm\9.7.1\asm-9.7.1.jar, C:\Users\elian\.m2\repository\org\assertj\assertj-core\3.27.3\assertj-core-3.27.3.jar, C:\Users\elian\.m2\repository\org\awaitility\awaitility\4.2.2\awaitility-4.2.2.jar, C:\Users\elian\.m2\repository\org\hamcrest\hamcrest\3.0\hamcrest-3.0.jar, C:\Users\elian\.m2\repository\org\junit\jupiter\junit-jupiter\5.12.2\junit-jupiter-5.12.2.jar, C:\Users\elian\.m2\repository\org\junit\jupiter\junit-jupiter-api\5.12.2\junit-jupiter-api-5.12.2.jar, C:\Users\elian\.m2\repository\org\opentest4j\opentest4j\1.3.0\opentest4j-1.3.0.jar, C:\Users\elian\.m2\repository\org\junit\platform\junit-platform-commons\1.12.2\junit-platform-commons-1.12.2.jar, C:\Users\elian\.m2\repository\org\apiguardian\apiguardian-api\1.1.2\apiguardian-api-1.1.2.jar, C:\Users\elian\.m2\repository\org\junit\jupiter\junit-jupiter-params\5.12.2\junit-jupiter-params-5.12.2.jar, C:\Users\elian\.m2\repository\org\junit\jupiter\junit-jupiter-engine\5.12.2\junit-jupiter-engine-5.12.2.jar, C:\Users\elian\.m2\repository\org\junit\platform\junit-platform-engine\1.12.2\junit-platform-engine-1.12.2.jar, C:\Users\elian\.m2\repository\org\mockito\mockito-core\5.17.0\mockito-core-5.17.0.jar, C:\Users\elian\.m2\repository\net\bytebuddy\byte-buddy-agent\1.17.6\byte-buddy-agent-1.17.6.jar, C:\Users\elian\.m2\repository\org\objenesis\objenesis\3.3\objenesis-3.3.jar, C:\Users\elian\.m2\repository\org\mockito\mockito-junit-jupiter\5.17.0\mockito-junit-jupiter-5.17.0.jar, C:\Users\elian\.m2\repository\org\skyscreamer\jsonassert\1.5.3\jsonassert-1.5.3.jar, C:\Users\elian\.m2\repository\com\vaadin\external\google\android-json\0.0.20131108.vaadin1\android-json-0.0.20131108.vaadin1.jar, C:\Users\elian\.m2\repository\org\springframework\spring-core\6.2.8\spring-core-6.2.8.jar, C:\Users\elian\.m2\repository\org\springframework\spring-jcl\6.2.8\spring-jcl-6.2.8.jar, C:\Users\elian\.m2\repository\org\springframework\spring-test\6.2.8\spring-test-6.2.8.jar, C:\Users\elian\.m2\repository\org\xmlunit\xmlunit-core\2.10.2\xmlunit-core-2.10.2.jar, C:\Users\elian\.m2\repository\org\postgresql\postgresql\42.7.3\postgresql-42.7.3.jar, C:\Users\elian\.m2\repository\org\checkerframework\checker-qual\3.42.0\checker-qual-3.42.0.jar]
[DEBUG]   (f) useIncrementalCompilation = true
[DEBUG]   (f) useModulePath = true
[DEBUG]   (f) verbose = false
[DEBUG] -- end configuration --
[DEBUG] Using compiler 'javac'.
[DEBUG] Adding C:\Users\elian\OneDrive\├ürea de Trabalho\books\Java\Java Software Solutions, Foundations of Program Design Exercises\project\springboot-blog-api\target\generated-test-sources\test-annotations to test-compile source roots:
  C:\Users\elian\OneDrive\├ürea de Trabalho\books\Java\Java Software Solutions, Foundations of Program Design Exercises\project\springboot-blog-api\src\test\java
[DEBUG] New test-compile source roots:
  C:\Users\elian\OneDrive\├ürea de Trabalho\books\Java\Java Software Solutions, Foundations of Program Design Exercises\project\springboot-blog-api\src\test\java
  C:\Users\elian\OneDrive\├ürea de Trabalho\books\Java\Java Software Solutions, Foundations of Program Design Exercises\project\springboot-blog-api\target\generated-test-sources\test-annotations
[DEBUG] CompilerReuseStrategy: reuseCreated
[DEBUG] useIncrementalCompilation enabled
[INFO] Nothing to compile - all classes are up to date.
[INFO] 
[INFO] --- surefire:3.1.2:test (default-test) @ blogapi ---
[DEBUG] Using mirror maven-default-http-blocker (http://0.0.0.0/) for jboss-public-repository-group (http://repository.jboss.org/nexus/content/groups/public).
[DEBUG] Dependency collection stats {ConflictMarker.analyzeTime=207900, ConflictMarker.markTime=70000, ConflictMarker.nodeCount=78, ConflictIdSorter.graphTime=58300, ConflictIdSorter.topsortTime=44900, ConflictIdSorter.conflictIdCount=39, ConflictIdSorter.conflictIdCycleCount=0, ConflictResolver.totalTime=1414800, ConflictResolver.conflictItemCount=76, DfDependencyCollector.collectTime=253146700, DfDependencyCollector.transformTime=1829000}
[DEBUG] org.apache.maven.plugins:maven-surefire-plugin:jar:3.1.2
[DEBUG]    org.apache.maven.surefire:maven-surefire-common:jar:3.1.2:compile
[DEBUG]       org.apache.maven.surefire:surefire-api:jar:3.1.2:compile
[DEBUG]          org.apache.maven.surefire:surefire-logger-api:jar:3.1.2:compile
[DEBUG]       org.apache.maven.surefire:surefire-extensions-api:jar:3.1.2:compile
[DEBUG]       org.apache.maven.surefire:surefire-booter:jar:3.1.2:compile
[DEBUG]          org.apache.maven.surefire:surefire-extensions-spi:jar:3.1.2:compile
[DEBUG]       org.eclipse.aether:aether-util:jar:1.0.0.v20140518:compile
[DEBUG]          org.eclipse.aether:aether-api:jar:1.0.0.v20140518:compile
[DEBUG]       org.apache.maven.shared:maven-common-artifact-filters:jar:3.1.1:compile (version managed from default) (exclusions managed from default)
[DEBUG]          org.apache.maven:maven-artifact:jar:3.2.5:provided (scope managed from default) (version managed from default)
[DEBUG]             org.codehaus.plexus:plexus-utils:jar:3.5.0:provided (version managed from default)
[DEBUG]          org.apache.maven:maven-core:jar:3.2.5:provided (scope managed from default) (version managed from default)
[DEBUG]             org.apache.maven:maven-settings:jar:3.2.5:provided (version managed from default)
[DEBUG]             org.apache.maven:maven-settings-builder:jar:3.2.5:provided
[DEBUG]             org.apache.maven:maven-repository-metadata:jar:3.2.5:provided
[DEBUG]             org.apache.maven:maven-model-builder:jar:3.2.5:provided
[DEBUG]             org.apache.maven:maven-aether-provider:jar:3.2.5:provided
[DEBUG]                org.eclipse.aether:aether-spi:jar:1.0.0.v20140518:provided
[DEBUG]             org.eclipse.aether:aether-impl:jar:1.0.0.v20140518:provided
[DEBUG]             org.eclipse.sisu:org.eclipse.sisu.plexus:jar:0.3.5:provided (version managed from default)
[DEBUG]                javax.annotation:javax.annotation-api:jar:1.2:provided
[DEBUG]                javax.enterprise:cdi-api:jar:1.2:provided
[DEBUG]                org.eclipse.sisu:org.eclipse.sisu.inject:jar:0.3.5:provided (version managed from default)
[DEBUG]             org.sonatype.sisu:sisu-guice:jar:no_aop:3.2.3:provided
[DEBUG]                javax.inject:javax.inject:jar:1:provided
[DEBUG]                aopalliance:aopalliance:jar:1.0:provided
[DEBUG]                com.google.guava:guava:jar:16.0.1:provided
[DEBUG]             org.codehaus.plexus:plexus-interpolation:jar:1.21:provided
[DEBUG]             org.codehaus.plexus:plexus-classworlds:jar:2.5.2:provided
[DEBUG]             org.codehaus.plexus:plexus-component-annotations:jar:1.5.5:provided
[DEBUG]             org.sonatype.plexus:plexus-sec-dispatcher:jar:1.3:provided
[DEBUG]                org.sonatype.plexus:plexus-cipher:jar:1.4:provided
[DEBUG]          org.apache.maven:maven-plugin-api:jar:3.2.5:provided (scope managed from default) (version managed from default)
[DEBUG]          commons-io:commons-io:jar:2.12.0:compile (version managed from default)
[DEBUG]       org.codehaus.plexus:plexus-java:jar:1.1.2:compile (version managed from default)
[DEBUG]          org.ow2.asm:asm:jar:9.4:compile
[DEBUG]          com.thoughtworks.qdox:qdox:jar:2.0.3:compile
[DEBUG]       org.apache.maven.surefire:surefire-shared-utils:jar:3.1.2:compile
[DEBUG] Created new class realm plugin>org.apache.maven.plugins:maven-surefire-plugin:3.1.2
[DEBUG] Importing foreign packages into class realm plugin>org.apache.maven.plugins:maven-surefire-plugin:3.1.2
[DEBUG]   Imported:  < maven.api
[DEBUG] Populating class realm plugin>org.apache.maven.plugins:maven-surefire-plugin:3.1.2
[DEBUG]   Included: org.apache.maven.plugins:maven-surefire-plugin:jar:3.1.2
[DEBUG]   Included: org.apache.maven.surefire:maven-surefire-common:jar:3.1.2
[DEBUG]   Included: org.apache.maven.surefire:surefire-api:jar:3.1.2
[DEBUG]   Included: org.apache.maven.surefire:surefire-logger-api:jar:3.1.2
[DEBUG]   Included: org.apache.maven.surefire:surefire-extensions-api:jar:3.1.2
[DEBUG]   Included: org.apache.maven.surefire:surefire-booter:jar:3.1.2
[DEBUG]   Included: org.apache.maven.surefire:surefire-extensions-spi:jar:3.1.2
[DEBUG]   Included: org.apache.maven.shared:maven-common-artifact-filters:jar:3.1.1
[DEBUG]   Included: commons-io:commons-io:jar:2.12.0
[DEBUG]   Included: org.codehaus.plexus:plexus-java:jar:1.1.2
[DEBUG]   Included: org.ow2.asm:asm:jar:9.4
[DEBUG]   Included: com.thoughtworks.qdox:qdox:jar:2.0.3
[DEBUG]   Included: org.apache.maven.surefire:surefire-shared-utils:jar:3.1.2
[DEBUG] Loading mojo org.apache.maven.plugins:maven-surefire-plugin:3.1.2:test from plugin realm ClassRealm[plugin>org.apache.maven.plugins:maven-surefire-plugin:3.1.2, parent: jdk.internal.loader.ClassLoaders$AppClassLoader@33909752]
[DEBUG] Configuring mojo execution 'org.apache.maven.plugins:maven-surefire-plugin:3.1.2:test:default-test' with basic configurator -->
[DEBUG]   (s) additionalClasspathElements = []
[DEBUG]   (s) basedir = C:\Users\elian\OneDrive\├ürea de Trabalho\books\Java\Java Software Solutions, Foundations of Program Design Exercises\project\springboot-blog-api
[DEBUG]   (s) childDelegation = false
[DEBUG]   (f) classesDirectory = C:\Users\elian\OneDrive\├ürea de Trabalho\books\Java\Java Software Solutions, Foundations of Program Design Exercises\project\springboot-blog-api\target\classes
[DEBUG]   (s) classpathDependencyExcludes = []
[DEBUG]   (s) dependenciesToScan = []
[DEBUG]   (s) disableXmlReport = false
[DEBUG]   (s) enableAssertions = true
[DEBUG]   (s) encoding = UTF-8
[DEBUG]   (s) excludeJUnit5Engines = []
[DEBUG]   (f) excludedEnvironmentVariables = []
[DEBUG]   (s) excludes = []
[DEBUG]   (s) failIfNoSpecifiedTests = true
[DEBUG]   (s) failIfNoTests = false
[DEBUG]   (s) failOnFlakeCount = 0
[DEBUG]   (f) forkCount = 1
[DEBUG]   (s) forkedProcessExitTimeoutInSeconds = 30
[DEBUG]   (s) includeJUnit5Engines = []
[DEBUG]   (s) includes = []
[DEBUG]   (s) junitArtifactName = junit:junit
[DEBUG]   (f) parallelMavenExecution = false
[DEBUG]   (s) parallelOptimized = true
[DEBUG]   (s) perCoreThreadCount = true
[DEBUG]   (s) pluginArtifactMap = {org.apache.maven.plugins:maven-surefire-plugin=org.apache.maven.plugins:maven-surefire-plugin:maven-plugin:3.1.2:, org.apache.maven.surefire:maven-surefire-common=org.apache.maven.surefire:maven-surefire-common:jar:3.1.2:compile, org.apache.maven.surefire:surefire-api=org.apache.maven.surefire:surefire-api:jar:3.1.2:compile, org.apache.maven.surefire:surefire-logger-api=org.apache.maven.surefire:surefire-logger-api:jar:3.1.2:compile, org.apache.maven.surefire:surefire-extensions-api=org.apache.maven.surefire:surefire-extensions-api:jar:3.1.2:compile, org.apache.maven.surefire:surefire-booter=org.apache.maven.surefire:surefire-booter:jar:3.1.2:compile, org.apache.maven.surefire:surefire-extensions-spi=org.apache.maven.surefire:surefire-extensions-spi:jar:3.1.2:compile, org.eclipse.aether:aether-util=org.eclipse.aether:aether-util:jar:1.0.0.v20140518:compile, org.eclipse.aether:aether-api=org.eclipse.aether:aether-api:jar:1.0.0.v20140518:compile, org.apache.maven.shared:maven-common-artifact-filters=org.apache.maven.shared:maven-common-artifact-filters:jar:3.1.1:compile, commons-io:commons-io=commons-io:commons-io:jar:2.12.0:compile, org.codehaus.plexus:plexus-java=org.codehaus.plexus:plexus-java:jar:1.1.2:compile, org.ow2.asm:asm=org.ow2.asm:asm:jar:9.4:compile, com.thoughtworks.qdox:qdox=com.thoughtworks.qdox:qdox:jar:2.0.3:compile, org.apache.maven.surefire:surefire-shared-utils=org.apache.maven.surefire:surefire-shared-utils:jar:3.1.2:compile}
[DEBUG]   (f) pluginDescriptor = Component Descriptor: role: 'org.apache.maven.plugin.Mojo', implementation: 'org.apache.maven.plugins.maven_surefire_plugin.HelpMojo', role hint: 'org.apache.maven.plugins:maven-surefire-plugin:3.1.2:help'
role: 'org.apache.maven.plugin.Mojo', implementation: 'org.apache.maven.plugin.surefire.SurefirePlugin', role hint: 'org.apache.maven.plugins:maven-surefire-plugin:3.1.2:test'
---
[DEBUG]   (s) printSummary = true
[DEBUG]   (s) project = MavenProject: com.blog:blogapi:0.0.1-SNAPSHOT @ C:\Users\elian\OneDrive\├ürea de Trabalho\books\Java\Java Software Solutions, Foundations of Program Design Exercises\project\springboot-blog-api\pom.xml
[DEBUG]   (s) projectArtifactMap = {org.springframework.boot:spring-boot-starter-data-jpa=org.springframework.boot:spring-boot-starter-data-jpa:jar:3.5.3:compile, org.springframework.boot:spring-boot-starter=org.springframework.boot:spring-boot-starter:jar:3.5.3:compile, org.springframework.boot:spring-boot-starter-logging=org.springframework.boot:spring-boot-starter-logging:jar:3.5.3:compile, ch.qos.logback:logback-classic=ch.qos.logback:logback-classic:jar:1.5.18:compile, ch.qos.logback:logback-core=ch.qos.logback:logback-core:jar:1.5.18:compile, org.apache.logging.log4j:log4j-to-slf4j=org.apache.logging.log4j:log4j-to-slf4j:jar:2.24.3:compile, org.apache.logging.log4j:log4j-api=org.apache.logging.log4j:log4j-api:jar:2.24.3:compile, org.slf4j:jul-to-slf4j=org.slf4j:jul-to-slf4j:jar:2.0.17:compile, jakarta.annotation:jakarta.annotation-api=jakarta.annotation:jakarta.annotation-api:jar:2.1.1:compile, org.yaml:snakeyaml=org.yaml:snakeyaml:jar:2.4:compile, org.springframework.boot:spring-boot-starter-jdbc=org.springframework.boot:spring-boot-starter-jdbc:jar:3.5.3:compile, com.zaxxer:HikariCP=com.zaxxer:HikariCP:jar:6.3.0:compile, org.springframework:spring-jdbc=org.springframework:spring-jdbc:jar:6.2.8:compile, org.hibernate.orm:hibernate-core=org.hibernate.orm:hibernate-core:jar:6.6.18.Final:compile, jakarta.persistence:jakarta.persistence-api=jakarta.persistence:jakarta.persistence-api:jar:3.1.0:compile, jakarta.transaction:jakarta.transaction-api=jakarta.transaction:jakarta.transaction-api:jar:2.0.1:compile, org.jboss.logging:jboss-logging=org.jboss.logging:jboss-logging:jar:3.6.1.Final:runtime, org.hibernate.common:hibernate-commons-annotations=org.hibernate.common:hibernate-commons-annotations:jar:7.0.3.Final:runtime, io.smallrye:jandex=io.smallrye:jandex:jar:3.2.0:runtime, com.fasterxml:classmate=com.fasterxml:classmate:jar:1.7.0:runtime, net.bytebuddy:byte-buddy=net.bytebuddy:byte-buddy:jar:1.17.6:runtime, org.glassfish.jaxb:jaxb-runtime=org.glassfish.jaxb:jaxb-runtime:jar:4.0.5:runtime, org.glassfish.jaxb:jaxb-core=org.glassfish.jaxb:jaxb-core:jar:4.0.5:runtime, org.eclipse.angus:angus-activation=org.eclipse.angus:angus-activation:jar:2.0.2:runtime, org.glassfish.jaxb:txw2=org.glassfish.jaxb:txw2:jar:4.0.5:runtime, com.sun.istack:istack-commons-runtime=com.sun.istack:istack-commons-runtime:jar:4.1.2:runtime, jakarta.inject:jakarta.inject-api=jakarta.inject:jakarta.inject-api:jar:2.0.1:runtime, org.antlr:antlr4-runtime=org.antlr:antlr4-runtime:jar:4.13.0:compile, org.springframework.data:spring-data-jpa=org.springframework.data:spring-data-jpa:jar:3.5.1:compile, org.springframework.data:spring-data-commons=org.springframework.data:spring-data-commons:jar:3.5.1:compile, org.springframework:spring-orm=org.springframework:spring-orm:jar:6.2.8:compile, org.springframework:spring-context=org.springframework:spring-context:jar:6.2.8:compile, org.springframework:spring-aop=org.springframework:spring-aop:jar:6.2.8:compile, org.springframework:spring-tx=org.springframework:spring-tx:jar:6.2.8:compile, org.springframework:spring-beans=org.springframework:spring-beans:jar:6.2.8:compile, org.slf4j:slf4j-api=org.slf4j:slf4j-api:jar:2.0.17:compile, org.springframework:spring-aspects=org.springframework:spring-aspects:jar:6.2.8:compile, org.aspectj:aspectjweaver=org.aspectj:aspectjweaver:jar:1.9.24:compile, org.springframework.boot:spring-boot-starter-web=org.springframework.boot:spring-boot-starter-web:jar:3.5.3:compile, org.springframework.boot:spring-boot-starter-json=org.springframework.boot:spring-boot-starter-json:jar:3.5.3:compile, com.fasterxml.jackson.core:jackson-databind=com.fasterxml.jackson.core:jackson-databind:jar:2.19.1:compile, com.fasterxml.jackson.core:jackson-annotations=com.fasterxml.jackson.core:jackson-annotations:jar:2.19.1:compile, com.fasterxml.jackson.core:jackson-core=com.fasterxml.jackson.core:jackson-core:jar:2.19.1:compile, com.fasterxml.jackson.datatype:jackson-datatype-jdk8=com.fasterxml.jackson.datatype:jackson-datatype-jdk8:jar:2.19.1:compile, com.fasterxml.jackson.datatype:jackson-datatype-jsr310=com.fasterxml.jackson.datatype:jackson-datatype-jsr310:jar:2.19.1:compile, com.fasterxml.jackson.module:jackson-module-parameter-names=com.fasterxml.jackson.module:jackson-module-parameter-names:jar:2.19.1:compile, org.springframework.boot:spring-boot-starter-tomcat=org.springframework.boot:spring-boot-starter-tomcat:jar:3.5.3:compile, org.apache.tomcat.embed:tomcat-embed-core=org.apache.tomcat.embed:tomcat-embed-core:jar:10.1.42:compile, org.apache.tomcat.embed:tomcat-embed-el=org.apache.tomcat.embed:tomcat-embed-el:jar:10.1.42:compile, org.apache.tomcat.embed:tomcat-embed-websocket=org.apache.tomcat.embed:tomcat-embed-websocket:jar:10.1.42:compile, org.springframework:spring-web=org.springframework:spring-web:jar:6.2.8:compile, io.micrometer:micrometer-observation=io.micrometer:micrometer-observation:jar:1.15.1:compile, io.micrometer:micrometer-commons=io.micrometer:micrometer-commons:jar:1.15.1:compile, org.springframework:spring-webmvc=org.springframework:spring-webmvc:jar:6.2.8:compile, org.springframework:spring-expression=org.springframework:spring-expression:jar:6.2.8:compile, org.springframework.boot:spring-boot-devtools=org.springframework.boot:spring-boot-devtools:jar:3.5.3:runtime, org.springframework.boot:spring-boot=org.springframework.boot:spring-boot:jar:3.5.3:compile, org.springframework.boot:spring-boot-autoconfigure=org.springframework.boot:spring-boot-autoconfigure:jar:3.5.3:compile, com.h2database:h2=com.h2database:h2:jar:2.3.232:test, org.springframework.boot:spring-boot-starter-test=org.springframework.boot:spring-boot-starter-test:jar:3.5.3:test, org.springframework.boot:spring-boot-test=org.springframework.boot:spring-boot-test:jar:3.5.3:test, org.springframework.boot:spring-boot-test-autoconfigure=org.springframework.boot:spring-boot-test-autoconfigure:jar:3.5.3:test, com.jayway.jsonpath:json-path=com.jayway.jsonpath:json-path:jar:2.9.0:test, jakarta.xml.bind:jakarta.xml.bind-api=jakarta.xml.bind:jakarta.xml.bind-api:jar:4.0.2:runtime, jakarta.activation:jakarta.activation-api=jakarta.activation:jakarta.activation-api:jar:2.1.3:runtime, net.minidev:json-smart=net.minidev:json-smart:jar:2.5.2:test, net.minidev:accessors-smart=net.minidev:accessors-smart:jar:2.5.2:test, org.ow2.asm:asm=org.ow2.asm:asm:jar:9.7.1:test, org.assertj:assertj-core=org.assertj:assertj-core:jar:3.27.3:test, org.awaitility:awaitility=org.awaitility:awaitility:jar:4.2.2:test, org.hamcrest:hamcrest=org.hamcrest:hamcrest:jar:3.0:test, org.junit.jupiter:junit-jupiter=org.junit.jupiter:junit-jupiter:jar:5.12.2:test, org.junit.jupiter:junit-jupiter-api=org.junit.jupiter:junit-jupiter-api:jar:5.12.2:test, org.opentest4j:opentest4j=org.opentest4j:opentest4j:jar:1.3.0:test, org.junit.platform:junit-platform-commons=org.junit.platform:junit-platform-commons:jar:1.12.2:test, org.apiguardian:apiguardian-api=org.apiguardian:apiguardian-api:jar:1.1.2:test, org.junit.jupiter:junit-jupiter-params=org.junit.jupiter:junit-jupiter-params:jar:5.12.2:test, org.junit.jupiter:junit-jupiter-engine=org.junit.jupiter:junit-jupiter-engine:jar:5.12.2:test, org.junit.platform:junit-platform-engine=org.junit.platform:junit-platform-engine:jar:1.12.2:test, org.mockito:mockito-core=org.mockito:mockito-core:jar:5.17.0:test, net.bytebuddy:byte-buddy-agent=net.bytebuddy:byte-buddy-agent:jar:1.17.6:test, org.objenesis:objenesis=org.objenesis:objenesis:jar:3.3:test, org.mockito:mockito-junit-jupiter=org.mockito:mockito-junit-jupiter:jar:5.17.0:test, org.skyscreamer:jsonassert=org.skyscreamer:jsonassert:jar:1.5.3:test, com.vaadin.external.google:android-json=com.vaadin.external.google:android-json:jar:0.0.20131108.vaadin1:test, org.springframework:spring-core=org.springframework:spring-core:jar:6.2.8:compile, org.springframework:spring-jcl=org.springframework:spring-jcl:jar:6.2.8:compile, org.springframework:spring-test=org.springframework:spring-test:jar:6.2.8:test, org.xmlunit:xmlunit-core=org.xmlunit:xmlunit-core:jar:2.10.2:test, org.postgresql:postgresql=org.postgresql:postgresql:jar:42.7.3:compile, org.checkerframework:checker-qual=org.checkerframework:checker-qual:jar:3.42.0:runtime}
[DEBUG]   (s) projectBuildDirectory = C:\Users\elian\OneDrive\├ürea de Trabalho\books\Java\Java Software Solutions, Foundations of Program Design Exercises\project\springboot-blog-api\target
[DEBUG]   (s) redirectTestOutputToFile = false
[DEBUG]   (s) reportFormat = brief
[DEBUG]   (s) reportsDirectory = C:\Users\elian\OneDrive\├ürea de Trabalho\books\Java\Java Software Solutions, Foundations of Program Design Exercises\project\springboot-blog-api\target\surefire-reports
[DEBUG]   (f) rerunFailingTestsCount = 0
[DEBUG]   (f) reuseForks = true
[DEBUG]   (s) runOrder = filesystem
[DEBUG]   (s) session = org.apache.maven.execution.MavenSession@41294371
[DEBUG]   (f) shutdown = exit
[DEBUG]   (s) skip = false
[DEBUG]   (f) skipAfterFailureCount = 0
[DEBUG]   (s) skipTests = false
[DEBUG]   (s) suiteXmlFiles = []
[DEBUG]   (s) tempDir = surefire
[DEBUG]   (s) testClassesDirectory = C:\Users\elian\OneDrive\├ürea de Trabalho\books\Java\Java Software Solutions, Foundations of Program Design Exercises\project\springboot-blog-api\target\test-classes
[DEBUG]   (s) testFailureIgnore = false
[DEBUG]   (s) testNGArtifactName = org.testng:testng
[DEBUG]   (s) testSourceDirectory = C:\Users\elian\OneDrive\├ürea de Trabalho\books\Java\Java Software Solutions, Foundations of Program Design Exercises\project\springboot-blog-api\src\test\java
[DEBUG]   (s) threadCountClasses = 0
[DEBUG]   (s) threadCountMethods = 0
[DEBUG]   (s) threadCountSuites = 0
[DEBUG]   (s) trimStackTrace = false
[DEBUG]   (s) useFile = true
[DEBUG]   (s) useManifestOnlyJar = true
[DEBUG]   (f) useModulePath = true
[DEBUG]   (s) useSystemClassLoader = true
[DEBUG]   (s) useUnlimitedThreads = false
[DEBUG]   (s) workingDirectory = C:\Users\elian\OneDrive\├ürea de Trabalho\books\Java\Java Software Solutions, Foundations of Program Design Exercises\project\springboot-blog-api
[DEBUG] -- end configuration --
[DEBUG] Using JVM: C:\Program Files\jvm\jdk-21.0.6+7\bin\java with Java version 21.0
[DEBUG] Resolved included and excluded patterns: **/Test*.java, **/*Test.java, **/*Tests.java, **/*TestCase.java, !**/*$*
[DEBUG] Surefire report directory: C:\Users\elian\OneDrive\├ürea de Trabalho\books\Java\Java Software Solutions, Foundations of Program Design Exercises\project\springboot-blog-api\target\surefire-reports
[INFO] Using auto detected provider org.apache.maven.surefire.junitplatform.JUnitPlatformProvider
[DEBUG] Using the provider org.apache.maven.surefire.junitplatform.JUnitPlatformProvider
[DEBUG] Setting system property [basedir]=[C:\Users\elian\OneDrive\├ürea de Trabalho\books\Java\Java Software Solutions, Foundations of Program Design Exercises\project\springboot-blog-api]
[DEBUG] Setting system property [localRepository]=[C:\Users\elian\.m2\repository]
[DEBUG] Dependency collection stats {ConflictMarker.analyzeTime=136500, ConflictMarker.markTime=33300, ConflictMarker.nodeCount=6, ConflictIdSorter.graphTime=31300, ConflictIdSorter.topsortTime=13100, ConflictIdSorter.conflictIdCount=5, ConflictIdSorter.conflictIdCycleCount=0, ConflictResolver.totalTime=120000, ConflictResolver.conflictItemCount=6, DfDependencyCollector.collectTime=5372600, DfDependencyCollector.transformTime=351200}
[DEBUG] Found implementation of fork node factory: org.apache.maven.plugin.surefire.extensions.LegacyForkNodeFactory
[DEBUG] Dependency collection stats {ConflictMarker.analyzeTime=65400, ConflictMarker.markTime=28500, ConflictMarker.nodeCount=14, ConflictIdSorter.graphTime=29500, ConflictIdSorter.topsortTime=15000, ConflictIdSorter.conflictIdCount=10, ConflictIdSorter.conflictIdCycleCount=0, ConflictResolver.totalTime=295300, ConflictResolver.conflictItemCount=14, DfDependencyCollector.collectTime=29605400, DfDependencyCollector.transformTime=452900}
[DEBUG] Resolving artifact org.junit.platform:junit-platform-launcher:1.12.2
[DEBUG] Dependency collection stats {ConflictMarker.analyzeTime=19800, ConflictMarker.markTime=27500, ConflictMarker.nodeCount=7, ConflictIdSorter.graphTime=9500, ConflictIdSorter.topsortTime=12300, ConflictIdSorter.conflictIdCount=5, ConflictIdSorter.conflictIdCycleCount=0, ConflictResolver.totalTime=126300, ConflictResolver.conflictItemCount=7, DfDependencyCollector.collectTime=3739700, DfDependencyCollector.transformTime=212000}
[DEBUG] Resolved artifact org.junit.platform:junit-platform-launcher:1.12.2 to [org.opentest4j:opentest4j:jar:1.3.0, org.junit.platform:junit-platform-commons:jar:1.12.2, org.apiguardian:apiguardian-api:jar:1.1.2, org.junit.platform:junit-platform-launcher:jar:1.12.2, org.junit.platform:junit-platform-engine:jar:1.12.2]
[DEBUG] test classpath:  C:\Users\elian\OneDrive\├ürea de Trabalho\books\Java\Java Software Solutions, Foundations of Program Design Exercises\project\springboot-blog-api\target\test-classes  C:\Users\elian\OneDrive\├ürea de Trabalho\books\Java\Java Software Solutions, Foundations of Program Design Exercises\project\springboot-blog-api\target\classes  C:\Users\elian\.m2\repository\org\springframework\boot\spring-boot-starter-data-jpa\3.5.3\spring-boot-starter-data-jpa-3.5.3.jar  C:\Users\elian\.m2\repository\org\springframework\boot\spring-boot-starter\3.5.3\spring-boot-starter-3.5.3.jar  C:\Users\elian\.m2\repository\org\springframework\boot\spring-boot-starter-logging\3.5.3\spring-boot-starter-logging-3.5.3.jar  C:\Users\elian\.m2\repository\ch\qos\logback\logback-classic\1.5.18\logback-classic-1.5.18.jar  C:\Users\elian\.m2\repository\ch\qos\logback\logback-core\1.5.18\logback-core-1.5.18.jar  C:\Users\elian\.m2\repository\org\apache\logging\log4j\log4j-to-slf4j\2.24.3\log4j-to-slf4j-2.24.3.jar  C:\Users\elian\.m2\repository\org\apache\logging\log4j\log4j-api\2.24.3\log4j-api-2.24.3.jar  C:\Users\elian\.m2\repository\org\slf4j\jul-to-slf4j\2.0.17\jul-to-slf4j-2.0.17.jar  C:\Users\elian\.m2\repository\jakarta\annotation\jakarta.annotation-api\2.1.1\jakarta.annotation-api-2.1.1.jar  C:\Users\elian\.m2\repository\org\yaml\snakeyaml\2.4\snakeyaml-2.4.jar  C:\Users\elian\.m2\repository\org\springframework\boot\spring-boot-starter-jdbc\3.5.3\spring-boot-starter-jdbc-3.5.3.jar  C:\Users\elian\.m2\repository\com\zaxxer\HikariCP\6.3.0\HikariCP-6.3.0.jar  C:\Users\elian\.m2\repository\org\springframework\spring-jdbc\6.2.8\spring-jdbc-6.2.8.jar  C:\Users\elian\.m2\repository\org\hibernate\orm\hibernate-core\6.6.18.Final\hibernate-core-6.6.18.Final.jar  C:\Users\elian\.m2\repository\jakarta\persistence\jakarta.persistence-api\3.1.0\jakarta.persistence-api-3.1.0.jar  C:\Users\elian\.m2\repository\jakarta\transaction\jakarta.transaction-api\2.0.1\jakarta.transaction-api-2.0.1.jar  C:\Users\elian\.m2\repository\org\jboss\logging\jboss-logging\3.6.1.Final\jboss-logging-3.6.1.Final.jar  C:\Users\elian\.m2\repository\org\hibernate\common\hibernate-commons-annotations\7.0.3.Final\hibernate-commons-annotations-7.0.3.Final.jar  C:\Users\elian\.m2\repository\io\smallrye\jandex\3.2.0\jandex-3.2.0.jar  C:\Users\elian\.m2\repository\com\fasterxml\classmate\1.7.0\classmate-1.7.0.jar  C:\Users\elian\.m2\repository\net\bytebuddy\byte-buddy\1.17.6\byte-buddy-1.17.6.jar  C:\Users\elian\.m2\repository\org\glassfish\jaxb\jaxb-runtime\4.0.5\jaxb-runtime-4.0.5.jar  C:\Users\elian\.m2\repository\org\glassfish\jaxb\jaxb-core\4.0.5\jaxb-core-4.0.5.jar  C:\Users\elian\.m2\repository\org\eclipse\angus\angus-activation\2.0.2\angus-activation-2.0.2.jar  C:\Users\elian\.m2\repository\org\glassfish\jaxb\txw2\4.0.5\txw2-4.0.5.jar  C:\Users\elian\.m2\repository\com\sun\istack\istack-commons-runtime\4.1.2\istack-commons-runtime-4.1.2.jar  C:\Users\elian\.m2\repository\jakarta\inject\jakarta.inject-api\2.0.1\jakarta.inject-api-2.0.1.jar  C:\Users\elian\.m2\repository\org\antlr\antlr4-runtime\4.13.0\antlr4-runtime-4.13.0.jar  C:\Users\elian\.m2\repository\org\springframework\data\spring-data-jpa\3.5.1\spring-data-jpa-3.5.1.jar  C:\Users\elian\.m2\repository\org\springframework\data\spring-data-commons\3.5.1\spring-data-commons-3.5.1.jar  C:\Users\elian\.m2\repository\org\springframework\spring-orm\6.2.8\spring-orm-6.2.8.jar  C:\Users\elian\.m2\repository\org\springframework\spring-context\6.2.8\spring-context-6.2.8.jar  C:\Users\elian\.m2\repository\org\springframework\spring-aop\6.2.8\spring-aop-6.2.8.jar  C:\Users\elian\.m2\repository\org\springframework\spring-tx\6.2.8\spring-tx-6.2.8.jar  C:\Users\elian\.m2\repository\org\springframework\spring-beans\6.2.8\spring-beans-6.2.8.jar  C:\Users\elian\.m2\repository\org\slf4j\slf4j-api\2.0.17\slf4j-api-2.0.17.jar  C:\Users\elian\.m2\repository\org\springframework\spring-aspects\6.2.8\spring-aspects-6.2.8.jar  C:\Users\elian\.m2\repository\org\aspectj\aspectjweaver\1.9.24\aspectjweaver-1.9.24.jar  C:\Users\elian\.m2\repository\org\springframework\boot\spring-boot-starter-web\3.5.3\spring-boot-starter-web-3.5.3.jar  C:\Users\elian\.m2\repository\org\springframework\boot\spring-boot-starter-json\3.5.3\spring-boot-starter-json-3.5.3.jar  C:\Users\elian\.m2\repository\com\fasterxml\jackson\core\jackson-databind\2.19.1\jackson-databind-2.19.1.jar  C:\Users\elian\.m2\repository\com\fasterxml\jackson\core\jackson-annotations\2.19.1\jackson-annotations-2.19.1.jar  C:\Users\elian\.m2\repository\com\fasterxml\jackson\core\jackson-core\2.19.1\jackson-core-2.19.1.jar  C:\Users\elian\.m2\repository\com\fasterxml\jackson\datatype\jackson-datatype-jdk8\2.19.1\jackson-datatype-jdk8-2.19.1.jar  C:\Users\elian\.m2\repository\com\fasterxml\jackson\datatype\jackson-datatype-jsr310\2.19.1\jackson-datatype-jsr310-2.19.1.jar  C:\Users\elian\.m2\repository\com\fasterxml\jackson\module\jackson-module-parameter-names\2.19.1\jackson-module-parameter-names-2.19.1.jar  C:\Users\elian\.m2\repository\org\springframework\boot\spring-boot-starter-tomcat\3.5.3\spring-boot-starter-tomcat-3.5.3.jar  C:\Users\elian\.m2\repository\org\apache\tomcat\embed\tomcat-embed-core\10.1.42\tomcat-embed-core-10.1.42.jar  C:\Users\elian\.m2\repository\org\apache\tomcat\embed\tomcat-embed-el\10.1.42\tomcat-embed-el-10.1.42.jar  C:\Users\elian\.m2\repository\org\apache\tomcat\embed\tomcat-embed-websocket\10.1.42\tomcat-embed-websocket-10.1.42.jar  C:\Users\elian\.m2\repository\org\springframework\spring-web\6.2.8\spring-web-6.2.8.jar  C:\Users\elian\.m2\repository\io\micrometer\micrometer-observation\1.15.1\micrometer-observation-1.15.1.jar  C:\Users\elian\.m2\repository\io\micrometer\micrometer-commons\1.15.1\micrometer-commons-1.15.1.jar  C:\Users\elian\.m2\repository\org\springframework\spring-webmvc\6.2.8\spring-webmvc-6.2.8.jar  C:\Users\elian\.m2\repository\org\springframework\spring-expression\6.2.8\spring-expression-6.2.8.jar  C:\Users\elian\.m2\repository\org\springframework\boot\spring-boot-devtools\3.5.3\spring-boot-devtools-3.5.3.jar  C:\Users\elian\.m2\repository\org\springframework\boot\spring-boot\3.5.3\spring-boot-3.5.3.jar  C:\Users\elian\.m2\repository\org\springframework\boot\spring-boot-autoconfigure\3.5.3\spring-boot-autoconfigure-3.5.3.jar  C:\Users\elian\.m2\repository\com\h2database\h2\2.3.232\h2-2.3.232.jar  C:\Users\elian\.m2\repository\org\springframework\boot\spring-boot-starter-test\3.5.3\spring-boot-starter-test-3.5.3.jar  C:\Users\elian\.m2\repository\org\springframework\boot\spring-boot-test\3.5.3\spring-boot-test-3.5.3.jar  C:\Users\elian\.m2\repository\org\springframework\boot\spring-boot-test-autoconfigure\3.5.3\spring-boot-test-autoconfigure-3.5.3.jar  C:\Users\elian\.m2\repository\com\jayway\jsonpath\json-path\2.9.0\json-path-2.9.0.jar  C:\Users\elian\.m2\repository\jakarta\xml\bind\jakarta.xml.bind-api\4.0.2\jakarta.xml.bind-api-4.0.2.jar  C:\Users\elian\.m2\repository\jakarta\activation\jakarta.activation-api\2.1.3\jakarta.activation-api-2.1.3.jar  C:\Users\elian\.m2\repository\net\minidev\json-smart\2.5.2\json-smart-2.5.2.jar  C:\Users\elian\.m2\repository\net\minidev\accessors-smart\2.5.2\accessors-smart-2.5.2.jar  C:\Users\elian\.m2\repository\org\ow2\asm\asm\9.7.1\asm-9.7.1.jar  C:\Users\elian\.m2\repository\org\assertj\assertj-core\3.27.3\assertj-core-3.27.3.jar  C:\Users\elian\.m2\repository\org\awaitility\awaitility\4.2.2\awaitility-4.2.2.jar  C:\Users\elian\.m2\repository\org\hamcrest\hamcrest\3.0\hamcrest-3.0.jar  C:\Users\elian\.m2\repository\org\junit\jupiter\junit-jupiter\5.12.2\junit-jupiter-5.12.2.jar  C:\Users\elian\.m2\repository\org\junit\jupiter\junit-jupiter-api\5.12.2\junit-jupiter-api-5.12.2.jar  C:\Users\elian\.m2\repository\org\opentest4j\opentest4j\1.3.0\opentest4j-1.3.0.jar  C:\Users\elian\.m2\repository\org\junit\platform\junit-platform-commons\1.12.2\junit-platform-commons-1.12.2.jar  C:\Users\elian\.m2\repository\org\apiguardian\apiguardian-api\1.1.2\apiguardian-api-1.1.2.jar  C:\Users\elian\.m2\repository\org\junit\jupiter\junit-jupiter-params\5.12.2\junit-jupiter-params-5.12.2.jar  C:\Users\elian\.m2\repository\org\junit\jupiter\junit-jupiter-engine\5.12.2\junit-jupiter-engine-5.12.2.jar  C:\Users\elian\.m2\repository\org\junit\platform\junit-platform-engine\1.12.2\junit-platform-engine-1.12.2.jar  C:\Users\elian\.m2\repository\org\mockito\mockito-core\5.17.0\mockito-core-5.17.0.jar  C:\Users\elian\.m2\repository\net\bytebuddy\byte-buddy-agent\1.17.6\byte-buddy-agent-1.17.6.jar  C:\Users\elian\.m2\repository\org\objenesis\objenesis\3.3\objenesis-3.3.jar  C:\Users\elian\.m2\repository\org\mockito\mockito-junit-jupiter\5.17.0\mockito-junit-jupiter-5.17.0.jar  C:\Users\elian\.m2\repository\org\skyscreamer\jsonassert\1.5.3\jsonassert-1.5.3.jar  C:\Users\elian\.m2\repository\com\vaadin\external\google\android-json\0.0.20131108.vaadin1\android-json-0.0.20131108.vaadin1.jar  C:\Users\elian\.m2\repository\org\springframework\spring-core\6.2.8\spring-core-6.2.8.jar  C:\Users\elian\.m2\repository\org\springframework\spring-jcl\6.2.8\spring-jcl-6.2.8.jar  C:\Users\elian\.m2\repository\org\springframework\spring-test\6.2.8\spring-test-6.2.8.jar  C:\Users\elian\.m2\repository\org\xmlunit\xmlunit-core\2.10.2\xmlunit-core-2.10.2.jar  C:\Users\elian\.m2\repository\org\postgresql\postgresql\42.7.3\postgresql-42.7.3.jar  C:\Users\elian\.m2\repository\org\checkerframework\checker-qual\3.42.0\checker-qual-3.42.0.jar
[DEBUG] provider classpath:  C:\Users\elian\.m2\repository\org\apache\maven\surefire\surefire-junit-platform\3.1.2\surefire-junit-platform-3.1.2.jar  C:\Users\elian\.m2\repository\org\apache\maven\surefire\surefire-api\3.1.2\surefire-api-3.1.2.jar  C:\Users\elian\.m2\repository\org\apache\maven\surefire\surefire-logger-api\3.1.2\surefire-logger-api-3.1.2.jar  C:\Users\elian\.m2\repository\org\apache\maven\surefire\surefire-shared-utils\3.1.2\surefire-shared-utils-3.1.2.jar  C:\Users\elian\.m2\repository\org\apache\maven\surefire\common-java5\3.1.2\common-java5-3.1.2.jar  C:\Users\elian\.m2\repository\org\junit\platform\junit-platform-launcher\1.12.2\junit-platform-launcher-1.12.2.jar
[DEBUG] test(compact) classpath:  test-classes  classes  spring-boot-starter-data-jpa-3.5.3.jar  spring-boot-starter-3.5.3.jar  spring-boot-starter-logging-3.5.3.jar  logback-classic-1.5.18.jar  logback-core-1.5.18.jar  log4j-to-slf4j-2.24.3.jar  log4j-api-2.24.3.jar  jul-to-slf4j-2.0.17.jar  jakarta.annotation-api-2.1.1.jar  snakeyaml-2.4.jar  spring-boot-starter-jdbc-3.5.3.jar  HikariCP-6.3.0.jar  spring-jdbc-6.2.8.jar  hibernate-core-6.6.18.Final.jar  jakarta.persistence-api-3.1.0.jar  jakarta.transaction-api-2.0.1.jar  jboss-logging-3.6.1.Final.jar  hibernate-commons-annotations-7.0.3.Final.jar  jandex-3.2.0.jar  classmate-1.7.0.jar  byte-buddy-1.17.6.jar  jaxb-runtime-4.0.5.jar  jaxb-core-4.0.5.jar  angus-activation-2.0.2.jar  txw2-4.0.5.jar  istack-commons-runtime-4.1.2.jar  jakarta.inject-api-2.0.1.jar  antlr4-runtime-4.13.0.jar  spring-data-jpa-3.5.1.jar  spring-data-commons-3.5.1.jar  spring-orm-6.2.8.jar  spring-context-6.2.8.jar  spring-aop-6.2.8.jar  spring-tx-6.2.8.jar  spring-beans-6.2.8.jar  slf4j-api-2.0.17.jar  spring-aspects-6.2.8.jar  aspectjweaver-1.9.24.jar  spring-boot-starter-web-3.5.3.jar  spring-boot-starter-json-3.5.3.jar  jackson-databind-2.19.1.jar  jackson-annotations-2.19.1.jar  jackson-core-2.19.1.jar  jackson-datatype-jdk8-2.19.1.jar  jackson-datatype-jsr310-2.19.1.jar  jackson-module-parameter-names-2.19.1.jar  spring-boot-starter-tomcat-3.5.3.jar  tomcat-embed-core-10.1.42.jar  tomcat-embed-el-10.1.42.jar  tomcat-embed-websocket-10.1.42.jar  spring-web-6.2.8.jar  micrometer-observation-1.15.1.jar  micrometer-commons-1.15.1.jar  spring-webmvc-6.2.8.jar  spring-expression-6.2.8.jar  spring-boot-devtools-3.5.3.jar  spring-boot-3.5.3.jar  spring-boot-autoconfigure-3.5.3.jar  h2-2.3.232.jar  spring-boot-starter-test-3.5.3.jar  spring-boot-test-3.5.3.jar  spring-boot-test-autoconfigure-3.5.3.jar  json-path-2.9.0.jar  jakarta.xml.bind-api-4.0.2.jar  jakarta.activation-api-2.1.3.jar  json-smart-2.5.2.jar  accessors-smart-2.5.2.jar  asm-9.7.1.jar  assertj-core-3.27.3.jar  awaitility-4.2.2.jar  hamcrest-3.0.jar  junit-jupiter-5.12.2.jar  junit-jupiter-api-5.12.2.jar  opentest4j-1.3.0.jar  junit-platform-commons-1.12.2.jar  apiguardian-api-1.1.2.jar  junit-jupiter-params-5.12.2.jar  junit-jupiter-engine-5.12.2.jar  junit-platform-engine-1.12.2.jar  mockito-core-5.17.0.jar  byte-buddy-agent-1.17.6.jar  objenesis-3.3.jar  mockito-junit-jupiter-5.17.0.jar  jsonassert-1.5.3.jar  android-json-0.0.20131108.vaadin1.jar  spring-core-6.2.8.jar  spring-jcl-6.2.8.jar  spring-test-6.2.8.jar  xmlunit-core-2.10.2.jar  postgresql-42.7.3.jar  checker-qual-3.42.0.jar
[DEBUG] provider(compact) classpath:  surefire-junit-platform-3.1.2.jar  surefire-api-3.1.2.jar  surefire-logger-api-3.1.2.jar  surefire-shared-utils-3.1.2.jar  common-java5-3.1.2.jar  junit-platform-launcher-1.12.2.jar
[DEBUG] in-process classpath:  C:\Users\elian\.m2\repository\org\apache\maven\surefire\surefire-junit-platform\3.1.2\surefire-junit-platform-3.1.2.jar  C:\Users\elian\.m2\repository\org\apache\maven\surefire\surefire-api\3.1.2\surefire-api-3.1.2.jar  C:\Users\elian\.m2\repository\org\apache\maven\surefire\surefire-logger-api\3.1.2\surefire-logger-api-3.1.2.jar  C:\Users\elian\.m2\repository\org\apache\maven\surefire\surefire-shared-utils\3.1.2\surefire-shared-utils-3.1.2.jar  C:\Users\elian\.m2\repository\org\apache\maven\surefire\common-java5\3.1.2\common-java5-3.1.2.jar  C:\Users\elian\.m2\repository\org\junit\platform\junit-platform-launcher\1.12.2\junit-platform-launcher-1.12.2.jar  C:\Users\elian\.m2\repository\org\apache\maven\surefire\maven-surefire-common\3.1.2\maven-surefire-common-3.1.2.jar  C:\Users\elian\.m2\repository\org\apache\maven\surefire\surefire-booter\3.1.2\surefire-booter-3.1.2.jar  C:\Users\elian\.m2\repository\org\apache\maven\surefire\surefire-extensions-api\3.1.2\surefire-extensions-api-3.1.2.jar  C:\Users\elian\.m2\repository\org\apache\maven\surefire\surefire-extensions-spi\3.1.2\surefire-extensions-spi-3.1.2.jar
[DEBUG] in-process(compact) classpath:  surefire-junit-platform-3.1.2.jar  surefire-api-3.1.2.jar  surefire-logger-api-3.1.2.jar  surefire-shared-utils-3.1.2.jar  common-java5-3.1.2.jar  junit-platform-launcher-1.12.2.jar  maven-surefire-common-3.1.2.jar  surefire-booter-3.1.2.jar  surefire-extensions-api-3.1.2.jar  surefire-extensions-spi-3.1.2.jar
[INFO] 
[INFO] -------------------------------------------------------
[INFO]  T E S T S
[INFO] -------------------------------------------------------
[DEBUG] Determined Maven Process ID 984
[DEBUG] Fork Channel [1] connection string 'pipe://1' for the implementation class org.apache.maven.plugin.surefire.extensions.LegacyForkChannel
[DEBUG] boot classpath:  C:\Users\elian\.m2\repository\org\apache\maven\surefire\surefire-api\3.1.2\surefire-api-3.1.2.jar  C:\Users\elian\.m2\repository\org\apache\maven\surefire\surefire-booter\3.1.2\surefire-booter-3.1.2.jar  C:\Users\elian\.m2\repository\org\apache\maven\surefire\surefire-extensions-spi\3.1.2\surefire-extensions-spi-3.1.2.jar  C:\Users\elian\.m2\repository\org\apache\maven\surefire\surefire-logger-api\3.1.2\surefire-logger-api-3.1.2.jar  C:\Users\elian\.m2\repository\org\apache\maven\surefire\surefire-shared-utils\3.1.2\surefire-shared-utils-3.1.2.jar  C:\Users\elian\OneDrive\├ürea de Trabalho\books\Java\Java Software Solutions, Foundations of Program Design Exercises\project\springboot-blog-api\target\test-classes  C:\Users\elian\OneDrive\├ürea de Trabalho\books\Java\Java Software Solutions, Foundations of Program Design Exercises\project\springboot-blog-api\target\classes  C:\Users\elian\.m2\repository\org\springframework\boot\spring-boot-starter-data-jpa\3.5.3\spring-boot-starter-data-jpa-3.5.3.jar  C:\Users\elian\.m2\repository\org\springframework\boot\spring-boot-starter\3.5.3\spring-boot-starter-3.5.3.jar  C:\Users\elian\.m2\repository\org\springframework\boot\spring-boot-starter-logging\3.5.3\spring-boot-starter-logging-3.5.3.jar  C:\Users\elian\.m2\repository\ch\qos\logback\logback-classic\1.5.18\logback-classic-1.5.18.jar  C:\Users\elian\.m2\repository\ch\qos\logback\logback-core\1.5.18\logback-core-1.5.18.jar  C:\Users\elian\.m2\repository\org\apache\logging\log4j\log4j-to-slf4j\2.24.3\log4j-to-slf4j-2.24.3.jar  C:\Users\elian\.m2\repository\org\apache\logging\log4j\log4j-api\2.24.3\log4j-api-2.24.3.jar  C:\Users\elian\.m2\repository\org\slf4j\jul-to-slf4j\2.0.17\jul-to-slf4j-2.0.17.jar  C:\Users\elian\.m2\repository\jakarta\annotation\jakarta.annotation-api\2.1.1\jakarta.annotation-api-2.1.1.jar  C:\Users\elian\.m2\repository\org\yaml\snakeyaml\2.4\snakeyaml-2.4.jar  C:\Users\elian\.m2\repository\org\springframework\boot\spring-boot-starter-jdbc\3.5.3\spring-boot-starter-jdbc-3.5.3.jar  C:\Users\elian\.m2\repository\com\zaxxer\HikariCP\6.3.0\HikariCP-6.3.0.jar  C:\Users\elian\.m2\repository\org\springframework\spring-jdbc\6.2.8\spring-jdbc-6.2.8.jar  C:\Users\elian\.m2\repository\org\hibernate\orm\hibernate-core\6.6.18.Final\hibernate-core-6.6.18.Final.jar  C:\Users\elian\.m2\repository\jakarta\persistence\jakarta.persistence-api\3.1.0\jakarta.persistence-api-3.1.0.jar  C:\Users\elian\.m2\repository\jakarta\transaction\jakarta.transaction-api\2.0.1\jakarta.transaction-api-2.0.1.jar  C:\Users\elian\.m2\repository\org\jboss\logging\jboss-logging\3.6.1.Final\jboss-logging-3.6.1.Final.jar  C:\Users\elian\.m2\repository\org\hibernate\common\hibernate-commons-annotations\7.0.3.Final\hibernate-commons-annotations-7.0.3.Final.jar  C:\Users\elian\.m2\repository\io\smallrye\jandex\3.2.0\jandex-3.2.0.jar  C:\Users\elian\.m2\repository\com\fasterxml\classmate\1.7.0\classmate-1.7.0.jar  C:\Users\elian\.m2\repository\net\bytebuddy\byte-buddy\1.17.6\byte-buddy-1.17.6.jar  C:\Users\elian\.m2\repository\org\glassfish\jaxb\jaxb-runtime\4.0.5\jaxb-runtime-4.0.5.jar  C:\Users\elian\.m2\repository\org\glassfish\jaxb\jaxb-core\4.0.5\jaxb-core-4.0.5.jar  C:\Users\elian\.m2\repository\org\eclipse\angus\angus-activation\2.0.2\angus-activation-2.0.2.jar  C:\Users\elian\.m2\repository\org\glassfish\jaxb\txw2\4.0.5\txw2-4.0.5.jar  C:\Users\elian\.m2\repository\com\sun\istack\istack-commons-runtime\4.1.2\istack-commons-runtime-4.1.2.jar  C:\Users\elian\.m2\repository\jakarta\inject\jakarta.inject-api\2.0.1\jakarta.inject-api-2.0.1.jar  C:\Users\elian\.m2\repository\org\antlr\antlr4-runtime\4.13.0\antlr4-runtime-4.13.0.jar  C:\Users\elian\.m2\repository\org\springframework\data\spring-data-jpa\3.5.1\spring-data-jpa-3.5.1.jar  C:\Users\elian\.m2\repository\org\springframework\data\spring-data-commons\3.5.1\spring-data-commons-3.5.1.jar  C:\Users\elian\.m2\repository\org\springframework\spring-orm\6.2.8\spring-orm-6.2.8.jar  C:\Users\elian\.m2\repository\org\springframework\spring-context\6.2.8\spring-context-6.2.8.jar  C:\Users\elian\.m2\repository\org\springframework\spring-aop\6.2.8\spring-aop-6.2.8.jar  C:\Users\elian\.m2\repository\org\springframework\spring-tx\6.2.8\spring-tx-6.2.8.jar  C:\Users\elian\.m2\repository\org\springframework\spring-beans\6.2.8\spring-beans-6.2.8.jar  C:\Users\elian\.m2\repository\org\slf4j\slf4j-api\2.0.17\slf4j-api-2.0.17.jar  C:\Users\elian\.m2\repository\org\springframework\spring-aspects\6.2.8\spring-aspects-6.2.8.jar  C:\Users\elian\.m2\repository\org\aspectj\aspectjweaver\1.9.24\aspectjweaver-1.9.24.jar  C:\Users\elian\.m2\repository\org\springframework\boot\spring-boot-starter-web\3.5.3\spring-boot-starter-web-3.5.3.jar  C:\Users\elian\.m2\repository\org\springframework\boot\spring-boot-starter-json\3.5.3\spring-boot-starter-json-3.5.3.jar  C:\Users\elian\.m2\repository\com\fasterxml\jackson\core\jackson-databind\2.19.1\jackson-databind-2.19.1.jar  C:\Users\elian\.m2\repository\com\fasterxml\jackson\core\jackson-annotations\2.19.1\jackson-annotations-2.19.1.jar  C:\Users\elian\.m2\repository\com\fasterxml\jackson\core\jackson-core\2.19.1\jackson-core-2.19.1.jar  C:\Users\elian\.m2\repository\com\fasterxml\jackson\datatype\jackson-datatype-jdk8\2.19.1\jackson-datatype-jdk8-2.19.1.jar  C:\Users\elian\.m2\repository\com\fasterxml\jackson\datatype\jackson-datatype-jsr310\2.19.1\jackson-datatype-jsr310-2.19.1.jar  C:\Users\elian\.m2\repository\com\fasterxml\jackson\module\jackson-module-parameter-names\2.19.1\jackson-module-parameter-names-2.19.1.jar  C:\Users\elian\.m2\repository\org\springframework\boot\spring-boot-starter-tomcat\3.5.3\spring-boot-starter-tomcat-3.5.3.jar  C:\Users\elian\.m2\repository\org\apache\tomcat\embed\tomcat-embed-core\10.1.42\tomcat-embed-core-10.1.42.jar  C:\Users\elian\.m2\repository\org\apache\tomcat\embed\tomcat-embed-el\10.1.42\tomcat-embed-el-10.1.42.jar  C:\Users\elian\.m2\repository\org\apache\tomcat\embed\tomcat-embed-websocket\10.1.42\tomcat-embed-websocket-10.1.42.jar  C:\Users\elian\.m2\repository\org\springframework\spring-web\6.2.8\spring-web-6.2.8.jar  C:\Users\elian\.m2\repository\io\micrometer\micrometer-observation\1.15.1\micrometer-observation-1.15.1.jar  C:\Users\elian\.m2\repository\io\micrometer\micrometer-commons\1.15.1\micrometer-commons-1.15.1.jar  C:\Users\elian\.m2\repository\org\springframework\spring-webmvc\6.2.8\spring-webmvc-6.2.8.jar  C:\Users\elian\.m2\repository\org\springframework\spring-expression\6.2.8\spring-expression-6.2.8.jar  C:\Users\elian\.m2\repository\org\springframework\boot\spring-boot-devtools\3.5.3\spring-boot-devtools-3.5.3.jar  C:\Users\elian\.m2\repository\org\springframework\boot\spring-boot\3.5.3\spring-boot-3.5.3.jar  C:\Users\elian\.m2\repository\org\springframework\boot\spring-boot-autoconfigure\3.5.3\spring-boot-autoconfigure-3.5.3.jar  C:\Users\elian\.m2\repository\com\h2database\h2\2.3.232\h2-2.3.232.jar  C:\Users\elian\.m2\repository\org\springframework\boot\spring-boot-starter-test\3.5.3\spring-boot-starter-test-3.5.3.jar  C:\Users\elian\.m2\repository\org\springframework\boot\spring-boot-test\3.5.3\spring-boot-test-3.5.3.jar  C:\Users\elian\.m2\repository\org\springframework\boot\spring-boot-test-autoconfigure\3.5.3\spring-boot-test-autoconfigure-3.5.3.jar  C:\Users\elian\.m2\repository\com\jayway\jsonpath\json-path\2.9.0\json-path-2.9.0.jar  C:\Users\elian\.m2\repository\jakarta\xml\bind\jakarta.xml.bind-api\4.0.2\jakarta.xml.bind-api-4.0.2.jar  C:\Users\elian\.m2\repository\jakarta\activation\jakarta.activation-api\2.1.3\jakarta.activation-api-2.1.3.jar  C:\Users\elian\.m2\repository\net\minidev\json-smart\2.5.2\json-smart-2.5.2.jar  C:\Users\elian\.m2\repository\net\minidev\accessors-smart\2.5.2\accessors-smart-2.5.2.jar  C:\Users\elian\.m2\repository\org\ow2\asm\asm\9.7.1\asm-9.7.1.jar  C:\Users\elian\.m2\repository\org\assertj\assertj-core\3.27.3\assertj-core-3.27.3.jar  C:\Users\elian\.m2\repository\org\awaitility\awaitility\4.2.2\awaitility-4.2.2.jar  C:\Users\elian\.m2\repository\org\hamcrest\hamcrest\3.0\hamcrest-3.0.jar  C:\Users\elian\.m2\repository\org\junit\jupiter\junit-jupiter\5.12.2\junit-jupiter-5.12.2.jar  C:\Users\elian\.m2\repository\org\junit\jupiter\junit-jupiter-api\5.12.2\junit-jupiter-api-5.12.2.jar  C:\Users\elian\.m2\repository\org\opentest4j\opentest4j\1.3.0\opentest4j-1.3.0.jar  C:\Users\elian\.m2\repository\org\junit\platform\junit-platform-commons\1.12.2\junit-platform-commons-1.12.2.jar  C:\Users\elian\.m2\repository\org\apiguardian\apiguardian-api\1.1.2\apiguardian-api-1.1.2.jar  C:\Users\elian\.m2\repository\org\junit\jupiter\junit-jupiter-params\5.12.2\junit-jupiter-params-5.12.2.jar  C:\Users\elian\.m2\repository\org\junit\jupiter\junit-jupiter-engine\5.12.2\junit-jupiter-engine-5.12.2.jar  C:\Users\elian\.m2\repository\org\junit\platform\junit-platform-engine\1.12.2\junit-platform-engine-1.12.2.jar  C:\Users\elian\.m2\repository\org\mockito\mockito-core\5.17.0\mockito-core-5.17.0.jar  C:\Users\elian\.m2\repository\net\bytebuddy\byte-buddy-agent\1.17.6\byte-buddy-agent-1.17.6.jar  C:\Users\elian\.m2\repository\org\objenesis\objenesis\3.3\objenesis-3.3.jar  C:\Users\elian\.m2\repository\org\mockito\mockito-junit-jupiter\5.17.0\mockito-junit-jupiter-5.17.0.jar  C:\Users\elian\.m2\repository\org\skyscreamer\jsonassert\1.5.3\jsonassert-1.5.3.jar  C:\Users\elian\.m2\repository\com\vaadin\external\google\android-json\0.0.20131108.vaadin1\android-json-0.0.20131108.vaadin1.jar  C:\Users\elian\.m2\repository\org\springframework\spring-core\6.2.8\spring-core-6.2.8.jar  C:\Users\elian\.m2\repository\org\springframework\spring-jcl\6.2.8\spring-jcl-6.2.8.jar  C:\Users\elian\.m2\repository\org\springframework\spring-test\6.2.8\spring-test-6.2.8.jar  C:\Users\elian\.m2\repository\org\xmlunit\xmlunit-core\2.10.2\xmlunit-core-2.10.2.jar  C:\Users\elian\.m2\repository\org\postgresql\postgresql\42.7.3\postgresql-42.7.3.jar  C:\Users\elian\.m2\repository\org\checkerframework\checker-qual\3.42.0\checker-qual-3.42.0.jar  C:\Users\elian\.m2\repository\org\apache\maven\surefire\surefire-junit-platform\3.1.2\surefire-junit-platform-3.1.2.jar  C:\Users\elian\.m2\repository\org\apache\maven\surefire\common-java5\3.1.2\common-java5-3.1.2.jar  C:\Users\elian\.m2\repository\org\junit\platform\junit-platform-launcher\1.12.2\junit-platform-launcher-1.12.2.jar
[DEBUG] boot(compact) classpath:  surefire-api-3.1.2.jar  surefire-booter-3.1.2.jar  surefire-extensions-spi-3.1.2.jar  surefire-logger-api-3.1.2.jar  surefire-shared-utils-3.1.2.jar  test-classes  classes  spring-boot-starter-data-jpa-3.5.3.jar  spring-boot-starter-3.5.3.jar  spring-boot-starter-logging-3.5.3.jar  logback-classic-1.5.18.jar  logback-core-1.5.18.jar  log4j-to-slf4j-2.24.3.jar  log4j-api-2.24.3.jar  jul-to-slf4j-2.0.17.jar  jakarta.annotation-api-2.1.1.jar  snakeyaml-2.4.jar  spring-boot-starter-jdbc-3.5.3.jar  HikariCP-6.3.0.jar  spring-jdbc-6.2.8.jar  hibernate-core-6.6.18.Final.jar  jakarta.persistence-api-3.1.0.jar  jakarta.transaction-api-2.0.1.jar  jboss-logging-3.6.1.Final.jar  hibernate-commons-annotations-7.0.3.Final.jar  jandex-3.2.0.jar  classmate-1.7.0.jar  byte-buddy-1.17.6.jar  jaxb-runtime-4.0.5.jar  jaxb-core-4.0.5.jar  angus-activation-2.0.2.jar  txw2-4.0.5.jar  istack-commons-runtime-4.1.2.jar  jakarta.inject-api-2.0.1.jar  antlr4-runtime-4.13.0.jar  spring-data-jpa-3.5.1.jar  spring-data-commons-3.5.1.jar  spring-orm-6.2.8.jar  spring-context-6.2.8.jar  spring-aop-6.2.8.jar  spring-tx-6.2.8.jar  spring-beans-6.2.8.jar  slf4j-api-2.0.17.jar  spring-aspects-6.2.8.jar  aspectjweaver-1.9.24.jar  spring-boot-starter-web-3.5.3.jar  spring-boot-starter-json-3.5.3.jar  jackson-databind-2.19.1.jar  jackson-annotations-2.19.1.jar  jackson-core-2.19.1.jar  jackson-datatype-jdk8-2.19.1.jar  jackson-datatype-jsr310-2.19.1.jar  jackson-module-parameter-names-2.19.1.jar  spring-boot-starter-tomcat-3.5.3.jar  tomcat-embed-core-10.1.42.jar  tomcat-embed-el-10.1.42.jar  tomcat-embed-websocket-10.1.42.jar  spring-web-6.2.8.jar  micrometer-observation-1.15.1.jar  micrometer-commons-1.15.1.jar  spring-webmvc-6.2.8.jar  spring-expression-6.2.8.jar  spring-boot-devtools-3.5.3.jar  spring-boot-3.5.3.jar  spring-boot-autoconfigure-3.5.3.jar  h2-2.3.232.jar  spring-boot-starter-test-3.5.3.jar  spring-boot-test-3.5.3.jar  spring-boot-test-autoconfigure-3.5.3.jar  json-path-2.9.0.jar  jakarta.xml.bind-api-4.0.2.jar  jakarta.activation-api-2.1.3.jar  json-smart-2.5.2.jar  accessors-smart-2.5.2.jar  asm-9.7.1.jar  assertj-core-3.27.3.jar  awaitility-4.2.2.jar  hamcrest-3.0.jar  junit-jupiter-5.12.2.jar  junit-jupiter-api-5.12.2.jar  opentest4j-1.3.0.jar  junit-platform-commons-1.12.2.jar  apiguardian-api-1.1.2.jar  junit-jupiter-params-5.12.2.jar  junit-jupiter-engine-5.12.2.jar  junit-platform-engine-1.12.2.jar  mockito-core-5.17.0.jar  byte-buddy-agent-1.17.6.jar  objenesis-3.3.jar  mockito-junit-jupiter-5.17.0.jar  jsonassert-1.5.3.jar  android-json-0.0.20131108.vaadin1.jar  spring-core-6.2.8.jar  spring-jcl-6.2.8.jar  spring-test-6.2.8.jar  xmlunit-core-2.10.2.jar  postgresql-42.7.3.jar  checker-qual-3.42.0.jar  surefire-junit-platform-3.1.2.jar  common-java5-3.1.2.jar  junit-platform-launcher-1.12.2.jar
[DEBUG] Forking command line: cmd.exe /X /C ""C:\Program Files\jvm\jdk-21.0.6+7\bin\java" -jar C:\Users\elian\AppData\Local\Temp\surefire8841722760233393392\surefirebooter-20250724180835841_3.jar C:\Users\elian\AppData\Local\Temp\surefire8841722760233393392 2025-07-24T18-08-35_641-jvmRun1 surefire-20250724180835841_1tmp surefire_0-20250724180835841_2tmp"
[DEBUG] Fork Channel [1] connected to the client.
[INFO] Running com.blog.blogapi.controller.BlogControllerIntegrationTest
18:08:37.388 [main] INFO org.springframework.test.context.support.AnnotationConfigContextLoaderUtils -- Could not detect default configuration classes for test class [com.blog.blogapi.controller.BlogControllerIntegrationTest]: BlogControllerIntegrationTest does not declare any static, non-private, non-final, nested classes annotated with @Configuration.
18:08:37.676 [main] INFO org.springframework.boot.test.context.SpringBootTestContextBootstrapper -- Found @SpringBootConfiguration com.blog.blogapi.Application for test class com.blog.blogapi.controller.BlogControllerIntegrationTest
18:08:37.997 [main] INFO org.springframework.boot.devtools.restart.RestartApplicationListener -- Restart disabled due to context in which it is running

  .   ____          _            __ _ _
 /\\ / ___'_ __ _ _(_)_ __  __ _ \ \ \ \
( ( )\___ | '_ | '_| | '_ \/ _` | \ \ \ \
 \\/  ___)| |_)| | | | | || (_| |  ) ) ) )
  '  |____| .__|_| |_|_| |_\__, | / / / /
 =========|_|==============|___/=/_/_/_/

 :: Spring Boot ::                (v3.5.3)

2025-07-24T18:08:38.666-03:00  INFO 4264 --- [blogapi] [           main] c.b.b.c.BlogControllerIntegrationTest    : Starting BlogControllerIntegrationTest using Java 21.0.6 with PID 4264 (started by elian in C:\Users\elian\OneDrive\├ürea de Trabalho\books\Java\Java Software Solutions, Foundations of Program Design Exercises\project\springboot-blog-api)
2025-07-24T18:08:38.668-03:00  INFO 4264 --- [blogapi] [           main] c.b.b.c.BlogControllerIntegrationTest    : The following 1 profile is active: "test"
2025-07-24T18:08:40.100-03:00  INFO 4264 --- [blogapi] [           main] .s.d.r.c.RepositoryConfigurationDelegate : Bootstrapping Spring Data JPA repositories in DEFAULT mode.
2025-07-24T18:08:40.205-03:00  INFO 4264 --- [blogapi] [           main] .s.d.r.c.RepositoryConfigurationDelegate : Finished Spring Data repository scanning in 87 ms. Found 3 JPA repository interfaces.
2025-07-24T18:08:41.012-03:00  INFO 4264 --- [blogapi] [           main] o.hibernate.jpa.internal.util.LogHelper  : HHH000204: Processing PersistenceUnitInfo [name: default]
2025-07-24T18:08:41.124-03:00  INFO 4264 --- [blogapi] [           main] org.hibernate.Version                    : HHH000412: Hibernate ORM core version 6.6.18.Final
2025-07-24T18:08:41.173-03:00  INFO 4264 --- [blogapi] [           main] o.h.c.internal.RegionFactoryInitiator    : HHH000026: Second-level cache disabled
2025-07-24T18:08:41.785-03:00  INFO 4264 --- [blogapi] [           main] o.s.o.j.p.SpringPersistenceUnitInfo      : No LoadTimeWeaver setup: ignoring JPA class transformer
2025-07-24T18:08:41.840-03:00  INFO 4264 --- [blogapi] [           main] com.zaxxer.hikari.HikariDataSource       : HikariPool-1 - Starting...
2025-07-24T18:08:42.222-03:00  INFO 4264 --- [blogapi] [           main] com.zaxxer.hikari.pool.HikariPool        : HikariPool-1 - Added connection conn0: url=jdbc:h2:mem:testdb user=SA
2025-07-24T18:08:42.225-03:00  INFO 4264 --- [blogapi] [           main] com.zaxxer.hikari.HikariDataSource       : HikariPool-1 - Start completed.
2025-07-24T18:08:42.276-03:00  WARN 4264 --- [blogapi] [           main] org.hibernate.orm.deprecation            : HHH90000025: H2Dialect does not need to be specified explicitly using 'hibernate.dialect' (remove the property setting and it will be selected by default)
2025-07-24T18:08:42.316-03:00  INFO 4264 --- [blogapi] [           main] org.hibernate.orm.connections.pooling    : HHH10001005: Database info:
	Database JDBC URL [Connecting through datasource 'HikariDataSource (HikariPool-1)']
	Database driver: undefined/unknown
	Database version: 2.3.232
	Autocommit mode: undefined/unknown
	Isolation level: undefined/unknown
	Minimum pool size: undefined/unknown
	Maximum pool size: undefined/unknown
2025-07-24T18:08:43.614-03:00  INFO 4264 --- [blogapi] [           main] o.h.e.t.j.p.i.JtaPlatformInitiator       : HHH000489: No JTA platform available (set 'hibernate.transaction.jta.platform' to enable JTA platform integration)
Hibernate: drop table if exists author cascade 
Hibernate: drop table if exists blog_post cascade 
Hibernate: drop table if exists blogpost_category cascade 
Hibernate: drop table if exists category cascade 
Hibernate: create table author (id bigint generated by default as identity, email varchar(255), name varchar(255), primary key (id))
Hibernate: create table blog_post (date date, author_id bigint, id bigint generated by default as identity, content varchar(255), title varchar(255), primary key (id))
Hibernate: create table blogpost_category (blogpost_id bigint not null, category_id bigint not null)
Hibernate: create table category (id bigint generated by default as identity, name varchar(255), primary key (id))
Hibernate: alter table if exists blog_post add constraint FKr9jb17wqqs4slx1m817x1u49n foreign key (author_id) references author
Hibernate: alter table if exists blogpost_category add constraint FKhme9u746bo5orobwa1bt2lwja foreign key (category_id) references category
Hibernate: alter table if exists blogpost_category add constraint FKrv8yvpkhx66ddr6eaukygk8mw foreign key (blogpost_id) references blog_post
2025-07-24T18:08:43.688-03:00  INFO 4264 --- [blogapi] [           main] j.LocalContainerEntityManagerFactoryBean : Initialized JPA EntityManagerFactory for persistence unit 'default'
2025-07-24T18:08:44.330-03:00  WARN 4264 --- [blogapi] [           main] JpaBaseConfiguration$JpaWebConfiguration : spring.jpa.open-in-view is enabled by default. Therefore, database queries may be performed during view rendering. Explicitly configure spring.jpa.open-in-view to disable this warning
2025-07-24T18:08:44.854-03:00  INFO 4264 --- [blogapi] [           main] o.s.b.t.m.w.SpringBootMockServletContext : Initializing Spring TestDispatcherServlet ''
2025-07-24T18:08:44.854-03:00  INFO 4264 --- [blogapi] [           main] o.s.t.web.servlet.TestDispatcherServlet  : Initializing Servlet ''
2025-07-24T18:08:44.856-03:00  INFO 4264 --- [blogapi] [           main] o.s.t.web.servlet.TestDispatcherServlet  : Completed initialization in 1 ms
2025-07-24T18:08:44.886-03:00  INFO 4264 --- [blogapi] [           main] c.b.b.c.BlogControllerIntegrationTest    : Started BlogControllerIntegrationTest in 6.91 seconds (process running for 8.718)
Hibernate: select bp1_0.id,bp1_0.author_id,bp1_0.content,bp1_0.date,bp1_0.title from blog_post bp1_0
Hibernate: insert into blog_post (author_id,content,date,title,id) values (?,?,?,?,default)
Hibernate: insert into blog_post (author_id,content,date,title,id) values (?,?,?,?,default)
Hibernate: insert into blog_post (author_id,content,date,title,id) values (?,?,?,?,default)

MockHttpServletRequest:
      HTTP Method = GET
      Request URI = /api/posts/3
       Parameters = {}
          Headers = []
             Body = null
    Session Attrs = {}

Handler:
             Type = org.springframework.web.servlet.resource.ResourceHttpRequestHandler

Async:
    Async started = false
     Async result = null

Resolved Exception:
             Type = org.springframework.web.servlet.resource.NoResourceFoundException

ModelAndView:
        View name = null
             View = null
            Model = null

FlashMap:
       Attributes = null

MockHttpServletResponse:
           Status = 500
    Error message = null
          Headers = [Vary:"Origin", "Access-Control-Request-Method", "Access-Control-Request-Headers", Content-Type:"text/plain;charset=UTF-8", Content-Length:"54"]
     Content type = text/plain;charset=UTF-8
             Body = Internal server error: No static resource api/posts/3.
    Forwarded URL = null
   Redirected URL = null
          Cookies = []
Hibernate: select bp1_0.id,bp1_0.author_id,bp1_0.content,bp1_0.date,bp1_0.title from blog_post bp1_0
Hibernate: insert into blog_post (author_id,content,date,title,id) values (?,?,?,?,default)
Hibernate: insert into blog_post (author_id,content,date,title,id) values (?,?,?,?,default)
Hibernate: select bp1_0.id,bp1_0.author_id,bp1_0.content,bp1_0.date,bp1_0.title from blog_post bp1_0
[ERROR] Tests run: 2, Failures: 1, Errors: 0, Skipped: 0, Time elapsed: 8.728 s <<< FAILURE! -- in com.blog.blogapi.controller.BlogControllerIntegrationTest
[ERROR] com.blog.blogapi.controller.BlogControllerIntegrationTest.testGetPostById -- Time elapsed: 0.848 s <<< FAILURE!
java.lang.AssertionError: Status expected:<200> but was:<500>
	at org.springframework.test.util.AssertionErrors.fail(AssertionErrors.java:61)
	at org.springframework.test.util.AssertionErrors.assertEquals(AssertionErrors.java:128)
	at org.springframework.test.web.servlet.result.StatusResultMatchers.lambda$matcher$9(StatusResultMatchers.java:640)
	at org.springframework.test.web.servlet.MockMvc$1.andExpect(MockMvc.java:214)
	at com.blog.blogapi.controller.BlogControllerIntegrationTest.testGetPostById(BlogControllerIntegrationTest.java:69)
	at java.base/java.lang.reflect.Method.invoke(Method.java:580)
	at java.base/java.util.ArrayList.forEach(ArrayList.java:1596)
	at java.base/java.util.ArrayList.forEach(ArrayList.java:1596)

[INFO] Running com.blog.blogapi.service.BlogServiceTest
[INFO] Tests run: 7, Failures: 0, Errors: 0, Skipped: 0, Time elapsed: 0.774 s -- in com.blog.blogapi.service.BlogServiceTest
[DEBUG] Closing the fork 1 after saying GoodBye.
[INFO] 
[INFO] Results:
[INFO] 
[ERROR] Failures: 
[ERROR]   BlogControllerIntegrationTest.testGetPostById:69 Status expected:<200> but was:<500>
[INFO] 
[ERROR] Tests run: 9, Failures: 1, Errors: 0, Skipped: 0
[INFO] 
[INFO] ------------------------------------------------------------------------
[INFO] BUILD FAILURE
[INFO] ------------------------------------------------------------------------
[INFO] Total time:  14.135 s
[INFO] Finished at: 2025-07-24T18:08:46-03:00
[INFO] ------------------------------------------------------------------------
[ERROR] Failed to execute goal org.apache.maven.plugins:maven-surefire-plugin:3.1.2:test (default-test) on project blogapi: There are test failures.
[ERROR] 
[ERROR] Please refer to C:\Users\elian\OneDrive\├ürea de Trabalho\books\Java\Java Software Solutions, Foundations of Program Design Exercises\project\springboot-blog-api\target\surefire-reports for the individual test results.
[ERROR] Please refer to dump files (if any exist) [date].dump, [date]-jvmRun[N].dump and [date].dumpstream.
[ERROR] -> [Help 1]
org.apache.maven.lifecycle.LifecycleExecutionException: Failed to execute goal org.apache.maven.plugins:maven-surefire-plugin:3.1.2:test (default-test) on project blogapi: There are test failures.

Please refer to C:\Users\elian\OneDrive\├ürea de Trabalho\books\Java\Java Software Solutions, Foundations of Program Design Exercises\project\springboot-blog-api\target\surefire-reports for the individual test results.
Please refer to dump files (if any exist) [date].dump, [date]-jvmRun[N].dump and [date].dumpstream.
    at org.apache.maven.lifecycle.internal.MojoExecutor.doExecute2 (MojoExecutor.java:333)
    at org.apache.maven.lifecycle.internal.MojoExecutor.doExecute (MojoExecutor.java:316)
    at org.apache.maven.lifecycle.internal.MojoExecutor.execute (MojoExecutor.java:212)
    at org.apache.maven.lifecycle.internal.MojoExecutor.execute (MojoExecutor.java:174)
    at org.apache.maven.lifecycle.internal.MojoExecutor.access$000 (MojoExecutor.java:75)
    at org.apache.maven.lifecycle.internal.MojoExecutor$1.run (MojoExecutor.java:162)
    at org.apache.maven.plugin.DefaultMojosExecutionStrategy.execute (DefaultMojosExecutionStrategy.java:39)
    at org.apache.maven.lifecycle.internal.MojoExecutor.execute (MojoExecutor.java:159)
    at org.apache.maven.lifecycle.internal.LifecycleModuleBuilder.buildProject (LifecycleModuleBuilder.java:105)
    at org.apache.maven.lifecycle.internal.LifecycleModuleBuilder.buildProject (LifecycleModuleBuilder.java:73)
    at org.apache.maven.lifecycle.internal.builder.singlethreaded.SingleThreadedBuilder.build (SingleThreadedBuilder.java:53)
    at org.apache.maven.lifecycle.internal.LifecycleStarter.execute (LifecycleStarter.java:118)
    at org.apache.maven.DefaultMaven.doExecute (DefaultMaven.java:261)
    at org.apache.maven.DefaultMaven.doExecute (DefaultMaven.java:173)
    at org.apache.maven.DefaultMaven.execute (DefaultMaven.java:101)
    at org.apache.maven.cli.MavenCli.execute (MavenCli.java:906)
    at org.apache.maven.cli.MavenCli.doMain (MavenCli.java:283)
    at org.apache.maven.cli.MavenCli.main (MavenCli.java:206)
    at jdk.internal.reflect.DirectMethodHandleAccessor.invoke (DirectMethodHandleAccessor.java:103)
    at java.lang.reflect.Method.invoke (Method.java:580)
    at org.codehaus.plexus.classworlds.launcher.Launcher.launchEnhanced (Launcher.java:283)
    at org.codehaus.plexus.classworlds.launcher.Launcher.launch (Launcher.java:226)
    at org.codehaus.plexus.classworlds.launcher.Launcher.mainWithExitCode (Launcher.java:407)
    at org.codehaus.plexus.classworlds.launcher.Launcher.main (Launcher.java:348)
Caused by: org.apache.maven.plugin.MojoFailureException: There are test failures.

Please refer to C:\Users\elian\OneDrive\├ürea de Trabalho\books\Java\Java Software Solutions, Foundations of Program Design Exercises\project\springboot-blog-api\target\surefire-reports for the individual test results.
Please refer to dump files (if any exist) [date].dump, [date]-jvmRun[N].dump and [date].dumpstream.
    at org.apache.maven.plugin.surefire.SurefireHelper.throwException (SurefireHelper.java:247)
    at org.apache.maven.plugin.surefire.SurefireHelper.reportExecution (SurefireHelper.java:159)
    at org.apache.maven.plugin.surefire.SurefirePlugin.handleSummary (SurefirePlugin.java:542)
    at org.apache.maven.plugin.surefire.AbstractSurefireMojo.executeAfterPreconditionsChecked (AbstractSurefireMojo.java:1067)
    at org.apache.maven.plugin.surefire.AbstractSurefireMojo.execute (AbstractSurefireMojo.java:871)
    at org.apache.maven.plugin.DefaultBuildPluginManager.executeMojo (DefaultBuildPluginManager.java:126)
    at org.apache.maven.lifecycle.internal.MojoExecutor.doExecute2 (MojoExecutor.java:328)
    at org.apache.maven.lifecycle.internal.MojoExecutor.doExecute (MojoExecutor.java:316)
    at org.apache.maven.lifecycle.internal.MojoExecutor.execute (MojoExecutor.java:212)
    at org.apache.maven.lifecycle.internal.MojoExecutor.execute (MojoExecutor.java:174)
    at org.apache.maven.lifecycle.internal.MojoExecutor.access$000 (MojoExecutor.java:75)
    at org.apache.maven.lifecycle.internal.MojoExecutor$1.run (MojoExecutor.java:162)
    at org.apache.maven.plugin.DefaultMojosExecutionStrategy.execute (DefaultMojosExecutionStrategy.java:39)
    at org.apache.maven.lifecycle.internal.MojoExecutor.execute (MojoExecutor.java:159)
    at org.apache.maven.lifecycle.internal.LifecycleModuleBuilder.buildProject (LifecycleModuleBuilder.java:105)
    at org.apache.maven.lifecycle.internal.LifecycleModuleBuilder.buildProject (LifecycleModuleBuilder.java:73)
    at org.apache.maven.lifecycle.internal.builder.singlethreaded.SingleThreadedBuilder.build (SingleThreadedBuilder.java:53)
    at org.apache.maven.lifecycle.internal.LifecycleStarter.execute (LifecycleStarter.java:118)
    at org.apache.maven.DefaultMaven.doExecute (DefaultMaven.java:261)
    at org.apache.maven.DefaultMaven.doExecute (DefaultMaven.java:173)
    at org.apache.maven.DefaultMaven.execute (DefaultMaven.java:101)
    at org.apache.maven.cli.MavenCli.execute (MavenCli.java:906)
    at org.apache.maven.cli.MavenCli.doMain (MavenCli.java:283)
    at org.apache.maven.cli.MavenCli.main (MavenCli.java:206)
    at jdk.internal.reflect.DirectMethodHandleAccessor.invoke (DirectMethodHandleAccessor.java:103)
    at java.lang.reflect.Method.invoke (Method.java:580)
    at org.codehaus.plexus.classworlds.launcher.Launcher.launchEnhanced (Launcher.java:283)
    at org.codehaus.plexus.classworlds.launcher.Launcher.launch (Launcher.java:226)
    at org.codehaus.plexus.classworlds.launcher.Launcher.mainWithExitCode (Launcher.java:407)
    at org.codehaus.plexus.classworlds.launcher.Launcher.main (Launcher.java:348)
[ERROR] 
[ERROR] 
[ERROR] For more information about the errors and possible solutions, please read the following articles:
[ERROR] [Help 1] http://cwiki.apache.org/confluence/display/MAVEN/MojoFailureException
[DEBUG] Shutting down adapter factory; available factories [file-lock, rwlock-local, semaphore-local, noop]; available name mappers [discriminating, file-gav, file-hgav, file-static, gav, static]
[DEBUG] Shutting down 'file-lock' factory
[DEBUG] Shutting down 'rwlock-local' factory
[DEBUG] Shutting down 'semaphore-local' factory
[DEBUG] Shutting down 'noop' factory
